Component: ARM Compiler 5.06 update 7 (build 960) Tool: armlink [4d3601]

==============================================================================

Section Cross References

    startup_stm32f103xe.o(STACK) refers (Special) to heapauxi.o(.text) for __use_two_region_memory
    startup_stm32f103xe.o(HEAP) refers (Special) to heapauxi.o(.text) for __use_two_region_memory
    startup_stm32f103xe.o(RESET) refers (Special) to heapauxi.o(.text) for __use_two_region_memory
    startup_stm32f103xe.o(RESET) refers to startup_stm32f103xe.o(STACK) for __initial_sp
    startup_stm32f103xe.o(RESET) refers to startup_stm32f103xe.o(.text) for Reset_Handler
    startup_stm32f103xe.o(RESET) refers to stm32f1xx_it.o(i.NMI_Handler) for NMI_Handler
    startup_stm32f103xe.o(RESET) refers to stm32f1xx_it.o(i.HardFault_Handler) for HardFault_Handler
    startup_stm32f103xe.o(RESET) refers to stm32f1xx_it.o(i.MemManage_Handler) for MemManage_Handler
    startup_stm32f103xe.o(RESET) refers to stm32f1xx_it.o(i.BusFault_Handler) for BusFault_Handler
    startup_stm32f103xe.o(RESET) refers to stm32f1xx_it.o(i.UsageFault_Handler) for UsageFault_Handler
    startup_stm32f103xe.o(RESET) refers to stm32f1xx_it.o(i.SVC_Handler) for SVC_Handler
    startup_stm32f103xe.o(RESET) refers to stm32f1xx_it.o(i.DebugMon_Handler) for DebugMon_Handler
    startup_stm32f103xe.o(RESET) refers to stm32f1xx_it.o(i.PendSV_Handler) for PendSV_Handler
    startup_stm32f103xe.o(RESET) refers to stm32f1xx_it.o(i.SysTick_Handler) for SysTick_Handler
    startup_stm32f103xe.o(.text) refers (Special) to heapauxi.o(.text) for __use_two_region_memory
    startup_stm32f103xe.o(.text) refers to system_stm32f1xx.o(i.SystemInit) for SystemInit
    startup_stm32f103xe.o(.text) refers to __main.o(!!!main) for __main
    startup_stm32f103xe.o(.text) refers to startup_stm32f103xe.o(HEAP) for Heap_Mem
    startup_stm32f103xe.o(.text) refers to startup_stm32f103xe.o(STACK) for Stack_Mem
    motor.o(i.Motor_ApplyDeadZone) refers to motor.o(i.Motor_LimitDuty) for Motor_LimitDuty
    motor.o(i.Motor_Brake) refers to motor.o(i.Motor_DutyToCompare) for Motor_DutyToCompare
    motor.o(i.Motor_Brake) refers to tim.o(.bss) for htim3
    motor.o(i.Motor_DutyToCompare) refers to tim.o(.bss) for htim3
    motor.o(i.Motor_Init) refers to motor.o(i.Motor_Stop) for Motor_Stop
    motor.o(i.Motor_Init) refers to motor.o(i.Motor_StartChannel) for Motor_StartChannel
    motor.o(i.Motor_SetDuty) refers to motor.o(i.Motor_LimitDuty) for Motor_LimitDuty
    motor.o(i.Motor_SetDuty) refers to motor.o(i.Motor_DutyToCompare) for Motor_DutyToCompare
    motor.o(i.Motor_SetDuty) refers to tim.o(.bss) for htim3
    motor.o(i.Motor_SetDutyWithDeadZone) refers to motor.o(i.Motor_ApplyDeadZone) for Motor_ApplyDeadZone
    motor.o(i.Motor_SetDutyWithDeadZone) refers to motor.o(i.Motor_SetDuty) for Motor_SetDuty
    motor.o(i.Motor_StartChannel) refers to stm32f1xx_hal_tim.o(i.HAL_TIM_PWM_Start) for HAL_TIM_PWM_Start
    motor.o(i.Motor_StartChannel) refers to tim.o(.bss) for htim3
    motor.o(i.Motor_Stop) refers to tim.o(.bss) for htim3
    mpu_app.o(i.MpuApp_CalibrateGyro) refers to _printf_percent.o(.ARM.Collect$$_printf_percent$$00000000) for _printf_percent
    mpu_app.o(i.MpuApp_CalibrateGyro) refers to _printf_u.o(.ARM.Collect$$_printf_percent$$0000000A) for _printf_u
    mpu_app.o(i.MpuApp_CalibrateGyro) refers to _printf_dec.o(.text) for _printf_int_dec
    mpu_app.o(i.MpuApp_CalibrateGyro) refers to _printf_pad.o(.text) for _printf_pre_padding
    mpu_app.o(i.MpuApp_CalibrateGyro) refers to _printf_f.o(.ARM.Collect$$_printf_percent$$00000003) for _printf_f
    mpu_app.o(i.MpuApp_CalibrateGyro) refers to printf1.o(x$fpl$printf1) for _printf_fp_dec
    mpu_app.o(i.MpuApp_CalibrateGyro) refers to noretval__2printf.o(.text) for __2printf
    mpu_app.o(i.MpuApp_CalibrateGyro) refers to stm32f1xx_hal.o(i.HAL_Delay) for HAL_Delay
    mpu_app.o(i.MpuApp_CalibrateGyro) refers to mpu6050.o(i.MPU_getdata) for MPU_getdata
    mpu_app.o(i.MpuApp_CalibrateGyro) refers to fflt_clz.o(x$fpl$fflt) for __aeabi_i2f
    mpu_app.o(i.MpuApp_CalibrateGyro) refers to fdiv.o(x$fpl$fdiv) for __aeabi_fdiv
    mpu_app.o(i.MpuApp_CalibrateGyro) refers to faddsub_clz.o(x$fpl$fadd) for __aeabi_fadd
    mpu_app.o(i.MpuApp_CalibrateGyro) refers to faddsub_clz.o(x$fpl$fsub) for __aeabi_fsub
    mpu_app.o(i.MpuApp_CalibrateGyro) refers to fmul.o(x$fpl$fmul) for __aeabi_fmul
    mpu_app.o(i.MpuApp_CalibrateGyro) refers to f2d.o(x$fpl$f2d) for __aeabi_f2d
    mpu_app.o(i.MpuApp_CalibrateGyro) refers to sqrtf.o(i.sqrtf) for sqrtf
    mpu_app.o(i.MpuApp_CalibrateGyro) refers to mpu6050.o(.data) for gx
    mpu_app.o(i.MpuApp_Init) refers to stm32_i2c.o(i.i2cInit) for i2cInit
    mpu_app.o(i.MpuApp_Init) refers to stm32f1xx_hal.o(i.HAL_Delay) for HAL_Delay
    mpu_app.o(i.MpuApp_Init) refers to mpu6050.o(i.MPU_init) for MPU_init
    mpu_app.o(i.MpuApp_Init) refers to noretval__2printf.o(.text) for __2printf
[...]
    .data                                    0x20000000   Section        8  mpu_app.o(.data)
    last_read_ms                             0x20000000   Data           4  mpu_app.o(.data)
    last_print_ms                            0x20000004   Data           4  mpu_app.o(.data)
    .data                                    0x20000008   Section       56  encoder.o(.data)
    encoder_last_sample_ms                   0x20000008   Data           4  encoder.o(.data)
    encoder_last_report_ms                   0x2000000c   Data           4  encoder.o(.data)
    encoder_left                             0x20000010   Data          24  encoder.o(.data)
    encoder_right                            0x20000028   Data          24  encoder.o(.data)
    .data                                    0x20000040   Section        4  usart.o(.data)
    .data                                    0x20000044   Section        4  speed_ctrl.o(.data)
    speed_ctrl_last_ms                       0x20000044   Data           4  speed_ctrl.o(.data)
    .data                                    0x20000048   Section       49  mpu6050.o(.data)
    gyro_orientation                         0x20000070   Data           9  mpu6050.o(.data)
    .data                                    0x2000007c   Section       44  inv_mpu.o(.data)
    st                                       0x2000007c   Data          44  inv_mpu.o(.data)
    .data                                    0x200000a8   Section       12  stm32f1xx_hal.o(.data)
    .data                                    0x200000b4   Section        4  system_stm32f1xx.o(.data)
    .bss                                     0x200000b8   Section      216  tim.o(.bss)
    .bss                                     0x20000190   Section       72  usart.o(.bss)
    .bss                                     0x200001d8   Section       56  speed_ctrl.o(.bss)
    left_pi                                  0x200001d8   Data          28  speed_ctrl.o(.bss)
    right_pi                                 0x200001f4   Data          28  speed_ctrl.o(.bss)
    .bss                                     0x20000210   Section       16  inv_mpu_dmp_motion_driver.o(.bss)
    dmp                                      0x20000210   Data          16  inv_mpu_dmp_motion_driver.o(.bss)
    .bss                                     0x20000220   Section       96  libspace.o(.bss)
    HEAP                                     0x20000280   Section      512  startup_stm32f103xe.o(HEAP)
    Heap_Mem                                 0x20000280   Data         512  startup_stm32f103xe.o(HEAP)
    STACK                                    0x20000480   Section     1024  startup_stm32f103xe.o(STACK)
    Stack_Mem                                0x20000480   Data        1024  startup_stm32f103xe.o(STACK)
    __initial_sp                             0x20000880   Data           0  startup_stm32f103xe.o(STACK)

    Global Symbols

    Symbol Name                              Value     Ov Type        Size  Object(Section)

    BuildAttributes$$THM_ISAv4$P$D$K$B$S$PE$A:L22UL41UL21$X:L11$S22US41US21$IEEE1$IW$USESV6$~STKCKD$USESV7$~SHL$OTIME$ROPI$IEEEX$EBA8$UX$STANDARDLIB$REQ8$PRES8$EABIv2 0x00000000   Number         0  anon$$obj.o ABSOLUTE
    __ARM_use_no_argv                        0x00000000   Number         0  main.o ABSOLUTE
    _printf_flags                            0x00000000   Number         0  printf_stubs.o ABSOLUTE
    _printf_return_value                     0x00000000   Number         0  printf_stubs.o ABSOLUTE
    _printf_sizespec                         0x00000000   Number         0  printf_stubs.o ABSOLUTE
    _printf_widthprec                        0x00000000   Number         0  printf_stubs.o ABSOLUTE
    __ARM_exceptions_init                     - Undefined Weak Reference
    __alloca_initialize                       - Undefined Weak Reference
    __arm_fini_                               - Undefined Weak Reference
    __arm_preinit_                            - Undefined Weak Reference
    __cpp_initialize__aeabi_                  - Undefined Weak Reference
    __cxa_finalize                            - Undefined Weak Reference
    __sigvec_lookup                           - Undefined Weak Reference
    _atexit_init                              - Undefined Weak Reference
    _call_atexit_fns                          - Undefined Weak Reference
    _clock_init                               - Undefined Weak Reference
    _fp_trap_init                             - Undefined Weak Reference
    _fp_trap_shutdown                         - Undefined Weak Reference
    _get_lc_collate                           - Undefined Weak Reference
    _get_lc_ctype                             - Undefined Weak Reference
    _get_lc_monetary                          - Undefined Weak Reference
    _get_lc_time                              - Undefined Weak Reference
    _getenv_init                              - Undefined Weak Reference
    _handle_redirection                       - Undefined Weak Reference
    _init_alloc                               - Undefined Weak Reference
    _init_user_alloc                          - Undefined Weak Reference
    _initio                                   - Undefined Weak Reference
    _mutex_acquire                            - Undefined Weak Reference
    _mutex_release                            - Undefined Weak Reference
    _printf_truncate_signed                   - Undefined Weak Reference
    _printf_truncate_unsigned                 - Undefined Weak Reference
    _rand_init                                - Undefined Weak Reference
    _signal_finish                            - Undefined Weak Reference
    _signal_init                              - Undefined Weak Reference
    _terminate_alloc                          - Undefined Weak Reference
    _terminate_user_alloc                     - Undefined Weak Reference
    _terminateio                              - Undefined Weak Reference
    __Vectors_Size                           0x00000130   Number         0  startup_stm32f103xe.o ABSOLUTE
    __Vectors                                0x08000000   Data           4  startup_stm32f103xe.o(RESET)
    __Vectors_End                            0x08000130   Data           0  startup_stm32f103xe.o(RESET)
    __main                                   0x08000131   Thumb Code     8  __main.o(!!!main)
    __scatterload                            0x08000139   Thumb Code     0  __scatter.o(!!!scatter)
    __scatterload_rt2                        0x08000139   Thumb Code    44  __scatter.o(!!!scatter)
    __scatterload_rt2_thumb_only             0x08000139   Thumb Code     0  __scatter.o(!!!scatter)
    __scatterload_null                       0x08000147   Thumb Code     0  __scatter.o(!!!scatter)
    __scatterload_copy                       0x0800016d   Thumb Code    26  __scatter_copy.o(!!handler_copy)
    __scatterload_zeroinit                   0x08000189   Thumb Code    28  __scatter_zi.o(!!handler_zi)
    _printf_f                                0x080001a5   Thumb Code     0  _printf_f.o(.ARM.Collect$$_printf_percent$$00000003)
    _printf_percent                          0x080001a5   Thumb Code     0  _printf_percent.o(.ARM.Collect$$_printf_percent$$00000000)
    _printf_d                                0x080001ab   Thumb Code     0  _printf_d.o(.ARM.Collect$$_printf_percent$$00000009)
    _printf_u                                0x080001b1   Thumb Code     0  _printf_u.o(.ARM.Collect$$_printf_percent$$0000000A)
    _printf_percent_end                      0x080001b7   Thumb Code     0  _printf_percent_end.o(.ARM.Collect$$_printf_percent$$00000017)
    __rt_lib_init                            0x080001bb   Thumb Code     0  libinit.o(.ARM.Collect$$libinit$$00000000)
    __rt_lib_init_fp_1                       0x080001bd   Thumb Code     0  libinit2.o(.ARM.Collect$$libinit$$00000002)
    __rt_lib_init_heap_1                     0x080001bd   Thumb Code     0  libinit2.o(.ARM.Collect$$libinit$$0000000A)
    __rt_lib_init_lc_common                  0x080001bd   Thumb Code     0  libinit2.o(.ARM.Collect$$libinit$$0000000F)
    __rt_lib_init_preinit_1                  0x080001bd   Thumb Code     0  libinit2.o(.ARM.Collect$$libinit$$00000004)
    __rt_lib_init_rand_1                     0x080001bd   Thumb Code     0  libinit2.o(.ARM.Collect$$libinit$$0000000E)
    __rt_lib_init_user_alloc_1               0x080001bd   Thumb Code     0  libinit2.o(.ARM.Collect$$libinit$$0000000C)
    __rt_lib_init_lc_collate_1               0x080001c3   Thumb Code     0  libinit2.o(.ARM.Collect$$libinit$$00000011)
    __rt_lib_init_lc_ctype_1                 0x080001c3   Thumb Code     0  libinit2.o(.ARM.Collect$$libinit$$00000013)
    __rt_lib_init_lc_monetary_1              0x080001c3   Thumb Code     0  libinit2.o(.ARM.Collect$$libinit$$00000015)
    __rt_lib_init_lc_numeric_2               0x080001c3   Thumb Code     0  libinit2.o(.ARM.Collect$$libinit$$00000016)
    __rt_lib_init_alloca_1                   0x080001cd   Thumb Code     0  libinit2.o(.ARM.Collect$$libinit$$0000002E)
    __rt_lib_init_argv_1                     0x080001cd   Thumb Code     0  libinit2.o(.ARM.Collect$$libinit$$0000002C)
    __rt_lib_init_atexit_1                   0x080001cd   Thumb Code     0  libinit2.o(.ARM.Collect$$libinit$$0000001B)
    __rt_lib_init_clock_1                    0x080001cd   Thumb Code     0  libinit2.o(.ARM.Collect$$libinit$$00000021)
    __rt_lib_init_cpp_1                      0x080001cd   Thumb Code     0  libinit2.o(.ARM.Collect$$libinit$$00000032)
    __rt_lib_init_exceptions_1               0x080001cd   Thumb Code     0  libinit2.o(.ARM.Collect$$libinit$$00000030)
    __rt_lib_init_fp_trap_1                  0x080001cd   Thumb Code     0  libinit2.o(.ARM.Collect$$libinit$$0000001F)
    __rt_lib_init_getenv_1                   0x080001cd   Thumb Code     0  libinit2.o(.ARM.Collect$$libinit$$00000023)
    __rt_lib_init_lc_numeric_1               0x080001cd   Thumb Code     0  libinit2.o(.ARM.Collect$$libinit$$00000017)
    __rt_lib_init_lc_time_1                  0x080001cd   Thumb Code     0  libinit2.o(.ARM.Collect$$libinit$$00000019)
    __rt_lib_init_return                     0x080001cd   Thumb Code     0  libinit2.o(.ARM.Collect$$libinit$$00000033)
    __rt_lib_init_signal_1                   0x080001cd   Thumb Code     0  libinit2.o(.ARM.Collect$$libinit$$0000001D)
    __rt_lib_init_stdio_1                    0x080001cd   Thumb Code     0  libinit2.o(.ARM.Collect$$libinit$$00000025)
    __rt_lib_shutdown                        0x080001cf   Thumb Code     0  libshutdown.o(.ARM.Collect$$libshutdown$$00000000)
    __rt_lib_shutdown_cpp_1                  0x080001d1   Thumb Code     0  libshutdown2.o(.ARM.Collect$$libshutdown$$00000004)
    __rt_lib_shutdown_fini_1                 0x080001d1   Thumb Code     0  libshutdown2.o(.ARM.Collect$$libshutdown$$00000002)
    __rt_lib_shutdown_fp_trap_1              0x080001d1   Thumb Code     0  libshutdown2.o(.ARM.Collect$$libshutdown$$00000009)
    __rt_lib_shutdown_heap_1                 0x080001d1   Thumb Code     0  libshutdown2.o(.ARM.Collect$$libshutdown$$00000011)
    __rt_lib_shutdown_return                 0x080001d1   Thumb Code     0  libshutdown2.o(.ARM.Collect$$libshutdown$$00000012)
    __rt_lib_shutdown_signal_1               0x080001d1   Thumb Code     0  libshutdown2.o(.ARM.Collect$$libshutdown$$0000000C)
    __rt_lib_shutdown_stdio_1                0x080001d1   Thumb Code     0  libshutdown2.o(.ARM.Collect$$libshutdown$$00000006)
    __rt_lib_shutdown_user_alloc_1           0x080001d1   Thumb Code     0  libshutdown2.o(.ARM.Collect$$libshutdown$$0000000E)
    __rt_entry                               0x080001d3   Thumb Code     0  __rtentry.o(.ARM.Collect$$rtentry$$00000000)
    __rt_entry_presh_1                       0x080001d3   Thumb Code     0  __rtentry2.o(.ARM.Collect$$rtentry$$00000002)
    __rt_entry_sh                            0x080001d3   Thumb Code     0  __rtentry4.o(.ARM.Collect$$rtentry$$00000004)
    __rt_entry_li                            0x080001d9   Thumb Code     0  __rtentry2.o(.ARM.Collect$$rtentry$$0000000A)
    __rt_entry_postsh_1                      0x080001d9   Thumb Code     0  __rtentry2.o(.ARM.Collect$$rtentry$$00000009)
    __rt_entry_main                          0x080001dd   Thumb Code     0  __rtentry2.o(.ARM.Collect$$rtentry$$0000000D)
    __rt_entry_postli_1                      0x080001dd   Thumb Code     0  __rtentry2.o(.ARM.Collect$$rtentry$$0000000C)
    __rt_exit                                0x080001e5   Thumb Code     0  rtexit.o(.ARM.Collect$$rtexit$$00000000)
    __rt_exit_ls                             0x080001e7   Thumb Code     0  rtexit2.o(.ARM.Collect$$rtexit$$00000003)
    __rt_exit_prels_1                        0x080001e7   Thumb Code     0  rtexit2.o(.ARM.Collect$$rtexit$$00000002)
    __rt_exit_exit                           0x080001eb   Thumb Code     0  rtexit2.o(.ARM.Collect$$rtexit$$00000004)
    Reset_Handler                            0x080001f1   Thumb Code     8  startup_stm32f103xe.o(.text)
    ADC1_2_IRQHandler                        0x0800020b   Thumb Code     0  startup_stm32f103xe.o(.text)
    ADC3_IRQHandler                          0x0800020b   Thumb Code     0  startup_stm32f103xe.o(.text)
    CAN1_RX1_IRQHandler                      0x0800020b   Thumb Code     0  startup_stm32f103xe.o(.text)
    CAN1_SCE_IRQHandler                      0x0800020b   Thumb Code     0  startup_stm32f103xe.o(.text)
    DMA1_Channel1_IRQHandler                 0x0800020b   Thumb Code     0  startup_stm32f103xe.o(.text)
    DMA1_Channel2_IRQHandler                 0x0800020b   Thumb Code     0  startup_stm32f103xe.o(.text)
    DMA1_Channel3_IRQHandler                 0x0800020b   Thumb Code     0  startup_stm32f103xe.o(.text)
    DMA1_Channel4_IRQHandler                 0x0800020b   Thumb Code     0  startup_stm32f103xe.o(.text)
    DMA1_Channel5_IRQHandler                 0x0800020b   Thumb Code     0  startup_stm32f103xe.o(.text)
    DMA1_Channel6_IRQHandler                 0x0800020b   Thumb Code     0  startup_stm32f103xe.o(.text)
    DMA1_Channel7_IRQHandler                 0x0800020b   Thumb Code     0  startup_stm32f103xe.o(.text)
    DMA2_Channel1_IRQHandler                 0x0800020b   Thumb Code     0  startup_stm32f103xe.o(.text)
    DMA2_Channel2_IRQHandler                 0x0800020b   Thumb Code     0  startup_stm32f103xe.o(.text)
    DMA2_Channel3_IRQHandler                 0x0800020b   Thumb Code     0  startup_stm32f103xe.o(.text)
    DMA2_Channel4_5_IRQHandler               0x0800020b   Thumb Code     0  startup_stm32f103xe.o(.text)
    EXTI0_IRQHandler                         0x0800020b   Thumb Code     0  startup_stm32f103xe.o(.text)
    EXTI15_10_IRQHandler                     0x0800020b   Thumb Code     0  startup_stm32f103xe.o(.text)
    EXTI1_IRQHandler                         0x0800020b   Thumb Code     0  startup_stm32f103xe.o(.text)
    EXTI2_IRQHandler                         0x0800020b   Thumb Code     0  startup_stm32f103xe.o(.text)
    EXTI3_IRQHandler                         0x0800020b   Thumb Code     0  startup_stm32f103xe.o(.text)
    EXTI4_IRQHandler                         0x0800020b   Thumb Code     0  startup_stm32f103xe.o(.text)
    EXTI9_5_IRQHandler                       0x0800020b   Thumb Code     0  startup_stm32f103xe.o(.text)
    FLASH_IRQHandler                         0x0800020b   Thumb Code     0  startup_stm32f103xe.o(.text)
    FSMC_IRQHandler                          0x0800020b   Thumb Code     0  startup_stm32f103xe.o(.text)
    I2C1_ER_IRQHandler                       0x0800020b   Thumb Code     0  startup_stm32f103xe.o(.text)
    I2C1_EV_IRQHandler                       0x0800020b   Thumb Code     0  startup_stm32f103xe.o(.text)
    I2C2_ER_IRQHandler                       0x0800020b   Thumb Code     0  startup_stm32f103xe.o(.text)
    I2C2_EV_IRQHandler                       0x0800020b   Thumb Code     0  startup_stm32f103xe.o(.text)
    PVD_IRQHandler                           0x0800020b   Thumb Code     0  startup_stm32f103xe.o(.text)
    RCC_IRQHandler                           0x0800020b   Thumb Code     0  startup_stm32f103xe.o(.text)
    RTC_Alarm_IRQHandler                     0x0800020b   Thumb Code     0  startup_stm32f103xe.o(.text)
    RTC_IRQHandler                           0x0800020b   Thumb Code     0  startup_stm32f103xe.o(.text)
    SDIO_IRQHandler                          0x0800020b   Thumb Code     0  startup_stm32f103xe.o(.text)
    SPI1_IRQHandler                          0x0800020b   Thumb Code     0  startup_stm32f103xe.o(.text)
    SPI2_IRQHandler                          0x0800020b   Thumb Code     0  startup_stm32f103xe.o(.text)
    SPI3_IRQHandler                          0x0800020b   Thumb Code     0  startup_stm32f103xe.o(.text)
    TAMPER_IRQHandler                        0x0800020b   Thumb Code     0  startup_stm32f103xe.o(.text)
    TIM1_BRK_IRQHandler                      0x0800020b   Thumb Code     0  startup_stm32f103xe.o(.text)
    TIM1_CC_IRQHandler                       0x0800020b   Thumb Code     0  startup_stm32f103xe.o(.text)
    TIM1_TRG_COM_IRQHandler                  0x0800020b   Thumb Code     0  startup_stm32f103xe.o(.text)
    TIM1_UP_IRQHandler                       0x0800020b   Thumb Code     0  startup_stm32f103xe.o(.text)
    TIM2_IRQHandler                          0x0800020b   Thumb Code     0  startup_stm32f103xe.o(.text)
    TIM3_IRQHandler                          0x0800020b   Thumb Code     0  startup_stm32f103xe.o(.text)
    TIM4_IRQHandler                          0x0800020b   Thumb Code     0  startup_stm32f103xe.o(.text)
    TIM5_IRQHandler                          0x0800020b   Thumb Code     0  startup_stm32f103xe.o(.text)
    TIM6_IRQHandler                          0x0800020b   Thumb Code     0  startup_stm32f103xe.o(.text)
    TIM7_IRQHandler                          0x0800020b   Thumb Code     0  startup_stm32f103xe.o(.text)
    TIM8_BRK_IRQHandler                      0x0800020b   Thumb Code     0  startup_stm32f103xe.o(.text)
    TIM8_CC_IRQHandler                       0x0800020b   Thumb Code     0  startup_stm32f103xe.o(.text)
    TIM8_TRG_COM_IRQHandler                  0x0800020b   Thumb Code     0  startup_stm32f103xe.o(.text)
    TIM8_UP_IRQHandler                       0x0800020b   Thumb Code     0  startup_stm32f103xe.o(.text)
    UART4_IRQHandler                         0x0800020b   Thumb Code     0  startup_stm32f103xe.o(.text)
    UART5_IRQHandler                         0x0800020b   Thumb Code     0  startup_stm32f103xe.o(.text)
    USART1_IRQHandler                        0x0800020b   Thumb Code     0  startup_stm32f103xe.o(.text)
    USART2_IRQHandler                        0x0800020b   Thumb Code     0  startup_stm32f103xe.o(.text)
    USART3_IRQHandler                        0x0800020b   Thumb Code     0  startup_stm32f103xe.o(.text)
    USBWakeUp_IRQHandler                     0x0800020b   Thumb Code     0  startup_stm32f103xe.o(.text)
    USB_HP_CAN1_TX_IRQHandler                0x0800020b   Thumb Code     0  startup_stm32f103xe.o(.text)
    USB_LP_CAN1_RX0_IRQHandler               0x0800020b   Thumb Code     0  startup_stm32f103xe.o(.text)
    WWDG_IRQHandler                          0x0800020b   Thumb Code     0  startup_stm32f103xe.o(.text)
    __user_initial_stackheap                 0x0800020d   Thumb Code     0  startup_stm32f103xe.o(.text)
    __use_no_semihosting                     0x08000231   Thumb Code     2  use_no_semi_2.o(.text)
    __aeabi_ldivmod                          0x08000233   Thumb Code     0  llsdiv.o(.text)
    _ll_sdiv                                 0x08000233   Thumb Code    72  llsdiv.o(.text)
    __2printf                                0x0800027d   Thumb Code    20  noretval__2printf.o(.text)
    _printf_pre_padding                      0x08000295   Thumb Code    44  _printf_pad.o(.text)
    _printf_post_padding                     0x080002c1   Thumb Code    34  _printf_pad.o(.text)
    _printf_int_dec                          0x080002e5   Thumb Code   104  _printf_dec.o(.text)
    __printf                                 0x0800035d   Thumb Code   388  __printf_flags_ss_wp.o(.text)
    memcmp                                   0x080004e5   Thumb Code    88  memcmp.o(.text)
    __aeabi_memset                           0x0800053d   Thumb Code    16  aeabi_memset.o(.text)
    __aeabi_memclr4                          0x0800054d   Thumb Code     0  rt_memclr_w.o(.text)
    __aeabi_memclr8                          0x0800054d   Thumb Code     0  rt_memclr_w.o(.text)
    __rt_memclr_w                            0x0800054d   Thumb Code    78  rt_memclr_w.o(.text)
    _memset_w                                0x08000551   Thumb Code     0  rt_memclr_w.o(.text)
    __use_two_region_memory                  0x0800059b   Thumb Code     2  heapauxi.o(.text)
    __rt_heap_escrow$2region                 0x0800059d   Thumb Code     2  heapauxi.o(.text)
    __rt_heap_expand$2region                 0x0800059f   Thumb Code     2  heapauxi.o(.text)
    __I$use$semihosting                      0x080005a1   Thumb Code     0  use_no_semi.o(.text)
    __use_no_semihosting_swi                 0x080005a1   Thumb Code     2  use_no_semi.o(.text)
    __aeabi_uldivmod                         0x080005a3   Thumb Code     0  lludivv7m.o(.text)
    _ll_udiv                                 0x080005a3   Thumb Code   238  lludivv7m.o(.text)
    __read_errno                             0x08000691   Thumb Code    10  _rserrno.o(.text)
    __set_errno                              0x0800069b   Thumb Code    12  _rserrno.o(.text)
    _printf_int_common                       0x080006a7   Thumb Code   178  _printf_intcommon.o(.text)
    __lib_sel_fp_printf                      0x08000759   Thumb Code     2  _printf_fp_dec.o(.text)
    _printf_fp_dec_real                      0x0800090b   Thumb Code   620  _printf_fp_dec.o(.text)
    _printf_char_file                        0x08000b79   Thumb Code    32  _printf_char_file.o(.text)
    __aeabi_memclr                           0x08000b9d   Thumb Code     0  rt_memclr.o(.text)
    __rt_memclr                              0x08000b9d   Thumb Code    68  rt_memclr.o(.text)
    _memset                                  0x08000ba1   Thumb Code     0  rt_memclr.o(.text)
    __rt_locale                              0x08000be1   Thumb Code     8  rt_locale_intlibspace.o(.text)
    __aeabi_errno_addr                       0x08000be9   Thumb Code     8  rt_errno_addr_intlibspace.o(.text)
    __errno$intlibspace                      0x08000be9   Thumb Code     0  rt_errno_addr_intlibspace.o(.text)
    __rt_errno_addr$intlibspace              0x08000be9   Thumb Code     0  rt_errno_addr_intlibspace.o(.text)
    _ll_udiv10                               0x08000bf1   Thumb Code   138  lludiv10.o(.text)
    _printf_char_common                      0x08000c87   Thumb Code    32  _printf_char_common.o(.text)
    _printf_fp_infnan                        0x08000cad   Thumb Code   112  _printf_fp_infnan.o(.text)
    _btod_etento                             0x08000d2d   Thumb Code   224  bigflt0.o(.text)
    ferror                                   0x08000e11   Thumb Code     8  ferror.o(.text)
    __user_libspace                          0x08000e19   Thumb Code     8  libspace.o(.text)
    __user_perproc_libspace                  0x08000e19   Thumb Code     0  libspace.o(.text)
    __user_perthread_libspace                0x08000e19   Thumb Code     0  libspace.o(.text)
    __user_setup_stackheap                   0x08000e21   Thumb Code    74  sys_stackheap_outer.o(.text)
    exit                                     0x08000e6b   Thumb Code    18  exit.o(.text)
    strcmp                                   0x08000e7d   Thumb Code   128  strcmpv7m.o(.text)
    _btod_d2e                                0x08000efd   Thumb Code    62  btod.o(CL$$btod_d2e)
    _d2e_denorm_low                          0x08000f3b   Thumb Code    70  btod.o(CL$$btod_d2e_denorm_low)
    _d2e_norm_op1                            0x08000f81   Thumb Code    96  btod.o(CL$$btod_d2e_norm_op1)
    __btod_div_common                        0x08000fe1   Thumb Code   696  btod.o(CL$$btod_div_common)
    _e2e                                     0x08001319   Thumb Code   220  btod.o(CL$$btod_e2e)
    _btod_ediv                               0x080013f5   Thumb Code    42  btod.o(CL$$btod_ediv)
    _btod_emul                               0x0800141f   Thumb Code    42  btod.o(CL$$btod_emul)
    __btod_mult_common                       0x08001449   Thumb Code   580  btod.o(CL$$btod_mult_common)
    BusFault_Handler                         0x0800168d   Thumb Code     2  stm32f1xx_it.o(i.BusFault_Handler)
    DebugMon_Handler                         0x0800168f   Thumb Code     2  stm32f1xx_it.o(i.DebugMon_Handler)
    Encoder_GetLeftSpeedMmSX100              0x080016dd   Thumb Code     6  encoder.o(i.Encoder_GetLeftSpeedMmSX100)
    Encoder_GetRightSpeedMmSX100             0x080016e9   Thumb Code     6  encoder.o(i.Encoder_GetRightSpeedMmSX100)
    Encoder_Init                             0x080016f5   Thumb Code    32  encoder.o(i.Encoder_Init)
    Encoder_Reset                            0x080017fd   Thumb Code    30  encoder.o(i.Encoder_Reset)
    Encoder_Task                             0x08001849   Thumb Code    76  encoder.o(i.Encoder_Task)
    Error_Handler                            0x080018f1   Thumb Code     4  main.o(i.Error_Handler)
    HAL_Delay                                0x080018f5   Thumb Code    32  stm32f1xx_hal.o(i.HAL_Delay)
    HAL_GPIO_Init                            0x08001919   Thumb Code   462  stm32f1xx_hal_gpio.o(i.HAL_GPIO_Init)
    HAL_GPIO_ReadPin                         0x08001b11   Thumb Code    10  stm32f1xx_hal_gpio.o(i.HAL_GPIO_ReadPin)
    HAL_GPIO_WritePin                        0x08001b1b   Thumb Code    10  stm32f1xx_hal_gpio.o(i.HAL_GPIO_WritePin)
    HAL_GetTick                              0x08001b25   Thumb Code     6  stm32f1xx_hal.o(i.HAL_GetTick)
    HAL_IncTick                              0x08001b31   Thumb Code    12  stm32f1xx_hal.o(i.HAL_IncTick)
    HAL_Init                                 0x08001b41   Thumb Code    32  stm32f1xx_hal.o(i.HAL_Init)
    HAL_InitTick                             0x08001b65   Thumb Code    54  stm32f1xx_hal.o(i.HAL_InitTick)
    HAL_MspInit                              0x08001ba5   Thumb Code    52  stm32f1xx_hal_msp.o(i.HAL_MspInit)
    HAL_NVIC_SetPriority                     0x08001be1   Thumb Code    60  stm32f1xx_hal_cortex.o(i.HAL_NVIC_SetPriority)
    HAL_NVIC_SetPriorityGrouping             0x08001c21   Thumb Code    26  stm32f1xx_hal_cortex.o(i.HAL_NVIC_SetPriorityGrouping)
    HAL_RCC_ClockConfig                      0x08001c45   Thumb Code   280  stm32f1xx_hal_rcc.o(i.HAL_RCC_ClockConfig)
    HAL_RCC_GetPCLK1Freq                     0x08001d71   Thumb Code    20  stm32f1xx_hal_rcc.o(i.HAL_RCC_GetPCLK1Freq)
    HAL_RCC_GetPCLK2Freq                     0x08001d91   Thumb Code    20  stm32f1xx_hal_rcc.o(i.HAL_RCC_GetPCLK2Freq)
    HAL_RCC_GetSysClockFreq                  0x08001db1   Thumb Code    58  stm32f1xx_hal_rcc.o(i.HAL_RCC_GetSysClockFreq)
    HAL_RCC_OscConfig                        0x08001dfd   Thumb Code   778  stm32f1xx_hal_rcc.o(i.HAL_RCC_OscConfig)
    HAL_SYSTICK_Config                       0x0800211d   Thumb Code    40  stm32f1xx_hal_cortex.o(i.HAL_SYSTICK_Config)
    HAL_TIMEx_MasterConfigSynchronization    0x08002145   Thumb Code   104  stm32f1xx_hal_tim_ex.o(i.HAL_TIMEx_MasterConfigSynchronization)
    HAL_TIM_Encoder_Init                     0x080021c1   Thumb Code   164  stm32f1xx_hal_tim.o(i.HAL_TIM_Encoder_Init)
    HAL_TIM_Encoder_MspInit                  0x08002265   Thumb Code   118  tim.o(i.HAL_TIM_Encoder_MspInit)
    HAL_TIM_Encoder_Start                    0x080022f1   Thumb Code   142  stm32f1xx_hal_tim.o(i.HAL_TIM_Encoder_Start)
    HAL_TIM_MspPostInit                      0x08002381   Thumb Code    94  tim.o(i.HAL_TIM_MspPostInit)
    HAL_TIM_PWM_ConfigChannel                0x080023f1   Thumb Code   204  stm32f1xx_hal_tim.o(i.HAL_TIM_PWM_ConfigChannel)
    HAL_TIM_PWM_Init                         0x080024bd   Thumb Code    90  stm32f1xx_hal_tim.o(i.HAL_TIM_PWM_Init)
    HAL_TIM_PWM_MspInit                      0x08002519   Thumb Code    30  tim.o(i.HAL_TIM_PWM_MspInit)
    HAL_TIM_PWM_Start                        0x08002541   Thumb Code   160  stm32f1xx_hal_tim.o(i.HAL_TIM_PWM_Start)
    HAL_UART_Init                            0x080025f5   Thumb Code   100  stm32f1xx_hal_uart.o(i.HAL_UART_Init)
    HAL_UART_MspInit                         0x08002659   Thumb Code   100  usart.o(i.HAL_UART_MspInit)
    HAL_UART_Transmit                        0x080026c9   Thumb Code   160  stm32f1xx_hal_uart.o(i.HAL_UART_Transmit)
    HardFault_Handler                        0x08002769   Thumb Code     2  stm32f1xx_it.o(i.HardFault_Handler)
    MPU_getdata                              0x080028e1   Thumb Code   488  mpu6050.o(i.MPU_getdata)
    MPU_init                                 0x08002ad1   Thumb Code   204  mpu6050.o(i.MPU_init)
    MX_GPIO_Init                             0x08002e6d   Thumb Code   134  gpio.o(i.MX_GPIO_Init)
    MX_TIM3_Init                             0x08002f01   Thumb Code   150  tim.o(i.MX_TIM3_Init)
    MX_TIM4_Init                             0x08002fa1   Thumb Code    98  tim.o(i.MX_TIM4_Init)
    MX_TIM8_Init                             0x0800300d   Thumb Code   100  tim.o(i.MX_TIM8_Init)
    MX_USART1_UART_Init                      0x08003079   Thumb Code    48  usart.o(i.MX_USART1_UART_Init)
    MemManage_Handler                        0x080030b1   Thumb Code     2  stm32f1xx_it.o(i.MemManage_Handler)
    Motor_Init                               0x080030d5   Thumb Code    54  motor.o(i.Motor_Init)
    Motor_SetDuty                            0x08003121   Thumb Code   112  motor.o(i.Motor_SetDuty)
    Motor_Stop                               0x080031a1   Thumb Code    22  motor.o(i.Motor_Stop)
    MpuApp_Init                              0x08003509   Thumb Code    42  mpu_app.o(i.MpuApp_Init)
    MpuApp_Read                              0x08003599   Thumb Code    72  mpu_app.o(i.MpuApp_Read)
    MpuApp_Task                              0x08003605   Thumb Code   212  mpu_app.o(i.MpuApp_Task)
    NMI_Handler                              0x08003725   Thumb Code     2  stm32f1xx_it.o(i.NMI_Handler)
    PendSV_Handler                           0x08003727   Thumb Code     2  stm32f1xx_it.o(i.PendSV_Handler)
    SVC_Handler                              0x08003729   Thumb Code     2  stm32f1xx_it.o(i.SVC_Handler)
    SpeedCtrl_Init                           0x0800372d   Thumb Code    26  speed_ctrl.o(i.SpeedCtrl_Init)
    SpeedCtrl_SetTarget                      0x08003751   Thumb Code    20  speed_ctrl.o(i.SpeedCtrl_SetTarget)
    SpeedCtrl_Task                           0x08003769   Thumb Code    70  speed_ctrl.o(i.SpeedCtrl_Task)
    SysTick_Handler                          0x0800380b   Thumb Code     4  stm32f1xx_it.o(i.SysTick_Handler)
    SystemClock_Config                       0x0800380f   Thumb Code    94  main.o(i.SystemClock_Config)
    SystemInit                               0x0800386d   Thumb Code     2  system_stm32f1xx.o(i.SystemInit)
    TIM_Base_SetConfig                       0x08003871   Thumb Code   134  stm32f1xx_hal_tim.o(i.TIM_Base_SetConfig)
    TIM_CCxChannelCmd                        0x0800390d   Thumb Code    26  stm32f1xx_hal_tim.o(i.TIM_CCxChannelCmd)
    TIM_OC2_SetConfig                        0x08003989   Thumb Code    98  stm32f1xx_hal_tim.o(i.TIM_OC2_SetConfig)
    UsageFault_Handler                       0x08003c27   Thumb Code     2  stm32f1xx_it.o(i.UsageFault_Handler)
    __ARM_fpclassify                         0x08003c29   Thumb Code    40  fpclassify.o(i.__ARM_fpclassify)
    __ARM_fpclassifyf                        0x08003c51   Thumb Code    38  fpclassifyf.o(i.__ARM_fpclassifyf)
    __kernel_poly                            0x08003c97   Thumb Code   170  poly.o(i.__kernel_poly)
    __mathlib_dbl_infnan                     0x08003d41   Thumb Code     6  dunder.o(i.__mathlib_dbl_infnan)
    __mathlib_dbl_infnan2                    0x08003d47   Thumb Code     4  dunder.o(i.__mathlib_dbl_infnan2)
    __mathlib_dbl_invalid                    0x08003d4b   Thumb Code    12  dunder.o(i.__mathlib_dbl_invalid)
    __mathlib_dbl_underflow                  0x08003d59   Thumb Code    10  dunder.o(i.__mathlib_dbl_underflow)
    __mathlib_flt_infnan2                    0x08003d69   Thumb Code     4  funder.o(i.__mathlib_flt_infnan2)
    __mathlib_flt_underflow                  0x08003d6d   Thumb Code    10  funder.o(i.__mathlib_flt_underflow)
    _is_digit                                0x08003d77   Thumb Code    14  __printf_wp.o(i._is_digit)
    _sys_exit                                0x08003d85   Thumb Code     2  usart.o(i._sys_exit)
    asin                                     0x08003e09   Thumb Code   572  asin.o(i.asin)
    atan                                     0x08004079   Thumb Code   474  atan.o(i.atan)
    atan2                                    0x08004299   Thumb Code   374  atan2.o(i.atan2)
    atan2f                                   0x08004435   Thumb Code   598  atan2f.o(i.atan2f)
    dmp_enable_6x_lp_quat                    0x080046d9   Thumb Code    58  inv_mpu_dmp_motion_driver.o(i.dmp_enable_6x_lp_quat)
    dmp_enable_feature                       0x08004715   Thumb Code   464  inv_mpu_dmp_motion_driver.o(i.dmp_enable_feature)
    dmp_enable_gyro_cal                      0x080048ed   Thumb Code    34  inv_mpu_dmp_motion_driver.o(i.dmp_enable_gyro_cal)
    dmp_enable_lp_quat                       0x08004929   Thumb Code    58  inv_mpu_dmp_motion_driver.o(i.dmp_enable_lp_quat)
    dmp_load_motion_driver_firmware          0x08004965   Thumb Code    16  inv_mpu_dmp_motion_driver.o(i.dmp_load_motion_driver_firmware)
    dmp_read_fifo                            0x08004979   Thumb Code   346  inv_mpu_dmp_motion_driver.o(i.dmp_read_fifo)
    dmp_set_accel_bias                       0x08004ad9   Thumb Code   210  inv_mpu_dmp_motion_driver.o(i.dmp_set_accel_bias)
    dmp_set_fifo_rate                        0x08004bb1   Thumb Code    82  inv_mpu_dmp_motion_driver.o(i.dmp_set_fifo_rate)
    dmp_set_gyro_bias                        0x08004c15   Thumb Code   196  inv_mpu_dmp_motion_driver.o(i.dmp_set_gyro_bias)
    dmp_set_orientation                      0x08004ce1   Thumb Code   246  inv_mpu_dmp_motion_driver.o(i.dmp_set_orientation)
    dmp_set_shake_reject_thresh              0x08004ded   Thumb Code    48  inv_mpu_dmp_motion_driver.o(i.dmp_set_shake_reject_thresh)
    dmp_set_shake_reject_time                0x08004e1d   Thumb Code    32  inv_mpu_dmp_motion_driver.o(i.dmp_set_shake_reject_time)
    dmp_set_shake_reject_timeout             0x08004e3d   Thumb Code    32  inv_mpu_dmp_motion_driver.o(i.dmp_set_shake_reject_timeout)
    dmp_set_tap_axes                         0x08004e5d   Thumb Code    64  inv_mpu_dmp_motion_driver.o(i.dmp_set_tap_axes)
    dmp_set_tap_count                        0x08004e9d   Thumb Code    34  inv_mpu_dmp_motion_driver.o(i.dmp_set_tap_count)
    dmp_set_tap_thresh                       0x08004ec1   Thumb Code   274  inv_mpu_dmp_motion_driver.o(i.dmp_set_tap_thresh)
    dmp_set_tap_time                         0x08004fe9   Thumb Code    32  inv_mpu_dmp_motion_driver.o(i.dmp_set_tap_time)
    dmp_set_tap_time_multi                   0x08005009   Thumb Code    32  inv_mpu_dmp_motion_driver.o(i.dmp_set_tap_time_multi)
    fputc                                    0x08005029   Thumb Code    26  usart.o(i.fputc)
    i2cInit                                  0x080054dd   Thumb Code    50  stm32_i2c.o(i.i2cInit)
    i2cRead                                  0x08005515   Thumb Code   262  stm32_i2c.o(i.i2cRead)
    i2cWriteBuffer                           0x08005621   Thumb Code    84  stm32_i2c.o(i.i2cWriteBuffer)
    i2cread                                  0x08005675   Thumb Code    18  stm32_i2c.o(i.i2cread)
    i2cwrite                                 0x08005687   Thumb Code    18  stm32_i2c.o(i.i2cwrite)
    main                                     0x080056e1   Thumb Code    72  main.o(i.main)
    mpu_configure_fifo                       0x08005729   Thumb Code    78  inv_mpu.o(i.mpu_configure_fifo)
    mpu_get_accel_fsr                        0x0800577d   Thumb Code    54  inv_mpu.o(i.mpu_get_accel_fsr)
    mpu_get_accel_sens                       0x080057b9   Thumb Code    62  inv_mpu.o(i.mpu_get_accel_sens)
    mpu_get_gyro_fsr                         0x080057fd   Thumb Code    48  inv_mpu.o(i.mpu_get_gyro_fsr)
    mpu_get_gyro_sens                        0x08005831   Thumb Code    44  inv_mpu.o(i.mpu_get_gyro_sens)
    mpu_get_lpf                              0x08005871   Thumb Code    52  inv_mpu.o(i.mpu_get_lpf)
    mpu_get_sample_rate                      0x080058a9   Thumb Code    22  inv_mpu.o(i.mpu_get_sample_rate)
    mpu_init                                 0x080058c5   Thumb Code   342  inv_mpu.o(i.mpu_init)
    mpu_load_firmware                        0x08005ab5   Thumb Code   154  inv_mpu.o(i.mpu_load_firmware)
    mpu_lp_accel_mode                        0x08005b55   Thumb Code   178  inv_mpu.o(i.mpu_lp_accel_mode)
    mpu_read_fifo_stream                     0x08005c0d   Thumb Code   140  inv_mpu.o(i.mpu_read_fifo_stream)
    mpu_read_mem                             0x08005c9d   Thumb Code    80  inv_mpu.o(i.mpu_read_mem)
    mpu_reset_fifo                           0x08005cf1   Thumb Code   346  inv_mpu.o(i.mpu_reset_fifo)
    mpu_run_self_test                        0x08005e51   Thumb Code   236  inv_mpu.o(i.mpu_run_self_test)
    mpu_set_accel_fsr                        0x08005f41   Thumb Code    98  inv_mpu.o(i.mpu_set_accel_fsr)
    mpu_set_bypass                           0x08005fa9   Thumb Code   214  inv_mpu.o(i.mpu_set_bypass)
    mpu_set_dmp_state                        0x08006085   Thumb Code   114  inv_mpu.o(i.mpu_set_dmp_state)
    mpu_set_gyro_fsr                         0x080060fd   Thumb Code   104  inv_mpu.o(i.mpu_set_gyro_fsr)
    mpu_set_int_latched                      0x08006169   Thumb Code    94  inv_mpu.o(i.mpu_set_int_latched)
    mpu_set_lpf                              0x080061cd   Thumb Code   102  inv_mpu.o(i.mpu_set_lpf)
    mpu_set_sample_rate                      0x08006239   Thumb Code   124  inv_mpu.o(i.mpu_set_sample_rate)
    mpu_set_sensors                          0x080062b9   Thumb Code   178  inv_mpu.o(i.mpu_set_sensors)
    mpu_write_mem                            0x08006371   Thumb Code    80  inv_mpu.o(i.mpu_write_mem)
    sqrt                                     0x080064ed   Thumb Code    76  sqrt.o(i.sqrt)
    sqrtf                                    0x08006539   Thumb Code    44  sqrtf.o(i.sqrtf)
    _get_lc_numeric                          0x08006565   Thumb Code    44  lc_numeric_c.o(locale$$code)
    __aeabi_d2f                              0x08006591   Thumb Code     0  d2f.o(x$fpl$d2f)
    _d2f                                     0x08006591   Thumb Code    98  d2f.o(x$fpl$d2f)
    __aeabi_dadd                             0x080065f5   Thumb Code     0  daddsub_clz.o(x$fpl$dadd)
    _dadd                                    0x080065f5   Thumb Code   332  daddsub_clz.o(x$fpl$dadd)
    __fpl_dcheck_NaN1                        0x08006745   Thumb Code    10  dcheck1.o(x$fpl$dcheck1)
    __fpl_dcmp_Inf                           0x08006755   Thumb Code    24  dcmpi.o(x$fpl$dcmpinf)
    __aeabi_ddiv                             0x0800676d   Thumb Code     0  ddiv.o(x$fpl$ddiv)
    _ddiv                                    0x0800676d   Thumb Code   552  ddiv.o(x$fpl$ddiv)
    __aeabi_cdcmpeq                          0x08006a1d   Thumb Code     0  deqf.o(x$fpl$deqf)
    _dcmpeq                                  0x08006a1d   Thumb Code   120  deqf.o(x$fpl$deqf)
    __aeabi_dmul                             0x08006a95   Thumb Code     0  dmul.o(x$fpl$dmul)
    _dmul                                    0x08006a95   Thumb Code   332  dmul.o(x$fpl$dmul)
    __fpl_dnaninf                            0x08006be9   Thumb Code   156  dnaninf.o(x$fpl$dnaninf)
    __fpl_dretinf                            0x08006c85   Thumb Code    12  dretinf.o(x$fpl$dretinf)
    __aeabi_drsub                            0x08006c91   Thumb Code     0  daddsub_clz.o(x$fpl$drsb)
    _drsb                                    0x08006c91   Thumb Code    22  daddsub_clz.o(x$fpl$drsb)
    _dsqrt                                   0x08006ca9   Thumb Code   456  dsqrt_noumaal.o(x$fpl$dsqrt)
    __aeabi_dsub                             0x08006e75   Thumb Code     0  daddsub_clz.o(x$fpl$dsub)
    _dsub                                    0x08006e75   Thumb Code   464  daddsub_clz.o(x$fpl$dsub)
    __aeabi_f2d                              0x08007049   Thumb Code     0  f2d.o(x$fpl$f2d)
    _f2d                                     0x08007049   Thumb Code    86  f2d.o(x$fpl$f2d)
    __aeabi_fadd                             0x080070a1   Thumb Code     0  faddsub_clz.o(x$fpl$fadd)
    _fadd                                    0x080070a1   Thumb Code   196  faddsub_clz.o(x$fpl$fadd)
    __fpl_fcheck_NaN1                        0x08007165   Thumb Code     6  fcheck1.o(x$fpl$fcheck1)
    __aeabi_fdiv                             0x08007171   Thumb Code     0  fdiv.o(x$fpl$fdiv)
    _fdiv                                    0x08007171   Thumb Code   384  fdiv.o(x$fpl$fdiv)
    __aeabi_f2iz                             0x080072f5   Thumb Code     0  ffix.o(x$fpl$ffix)
    _ffix                                    0x080072f5   Thumb Code    54  ffix.o(x$fpl$ffix)
    __aeabi_f2uiz                            0x0800732d   Thumb Code     0  ffixu.o(x$fpl$ffixu)
    _ffixu                                   0x0800732d   Thumb Code    62  ffixu.o(x$fpl$ffixu)
    __aeabi_i2f                              0x0800736d   Thumb Code     0  fflt_clz.o(x$fpl$fflt)
    _fflt                                    0x0800736d   Thumb Code    48  fflt_clz.o(x$fpl$fflt)
    __aeabi_ui2f                             0x0800739d   Thumb Code     0  fflt_clz.o(x$fpl$ffltu)
    _ffltu                                   0x0800739d   Thumb Code    38  fflt_clz.o(x$fpl$ffltu)
    __aeabi_fmul                             0x080073c5   Thumb Code     0  fmul.o(x$fpl$fmul)
    _fmul                                    0x080073c5   Thumb Code   258  fmul.o(x$fpl$fmul)
    __fpl_fnaninf                            0x080074c7   Thumb Code   140  fnaninf.o(x$fpl$fnaninf)
    __fpl_fretinf                            0x08007553   Thumb Code    10  fretinf.o(x$fpl$fretinf)
    __aeabi_frsub                            0x0800755d   Thumb Code     0  faddsub_clz.o(x$fpl$frsb)
    _frsb                                    0x0800755d   Thumb Code    20  faddsub_clz.o(x$fpl$frsb)
    _fsqrt                                   0x08007571   Thumb Code   272  fsqrt.o(x$fpl$fsqrt)
    __aeabi_fsub                             0x08007681   Thumb Code     0  faddsub_clz.o(x$fpl$fsub)
    _fsub                                    0x08007681   Thumb Code   234  faddsub_clz.o(x$fpl$fsub)
    _printf_fp_dec                           0x0800776b   Thumb Code     4  printf1.o(x$fpl$printf1)
    __fpl_return_NaN                         0x0800776f   Thumb Code   100  retnan.o(x$fpl$retnan)
    __ARM_scalbn                             0x080077d3   Thumb Code    92  scalbn.o(x$fpl$scalbn)
    __ARM_scalbnf                            0x0800782f   Thumb Code    76  scalbnf.o(x$fpl$scalbnf)
    __fpl_cmpreturn                          0x0800787b   Thumb Code    48  trapv.o(x$fpl$trapveneer)
    __I$use$fp                               0x080078aa   Number         0  usenofp.o(x$fpl$usenofp)
    hw                                       0x080078aa   Data          12  inv_mpu.o(.constdata)
    reg                                      0x080078b6   Data          27  inv_mpu.o(.constdata)
    test                                     0x080078d4   Data          40  inv_mpu.o(.constdata)
    AHBPrescTable                            0x08008504   Data          16  system_stm32f1xx.o(.constdata)
    APBPrescTable                            0x08008514   Data           8  system_stm32f1xx.o(.constdata)
    __mathlib_zero                           0x08008618   Data           8  qnan.o(.constdata)
    Region$$Table$$Base                      0x08008704   Number         0  anon$$obj.o(Region$$Table)
    Region$$Table$$Limit                     0x08008724   Number         0  anon$$obj.o(Region$$Table)
    __stdout                                 0x20000040   Data           4  usart.o(.data)
    ax                                       0x20000048   Data           2  mpu6050.o(.data)
    ay                                       0x2000004a   Data           2  mpu6050.o(.data)
    az                                       0x2000004c   Data           2  mpu6050.o(.data)
    gx                                       0x2000004e   Data           2  mpu6050.o(.data)
    gy                                       0x20000050   Data           2  mpu6050.o(.data)
    gz                                       0x20000052   Data           2  mpu6050.o(.data)
    q0                                       0x20000054   Data           4  mpu6050.o(.data)
    q1                                       0x20000058   Data           4  mpu6050.o(.data)
    q2                                       0x2000005c   Data           4  mpu6050.o(.data)
    q3                                       0x20000060   Data           4  mpu6050.o(.data)
    fAX                                      0x20000064   Data           4  mpu6050.o(.data)
    fAY                                      0x20000068   Data           4  mpu6050.o(.data)
    fAZ                                      0x2000006c   Data           4  mpu6050.o(.data)
    uwTickFreq                               0x200000a8   Data           1  stm32f1xx_hal.o(.data)
    uwTickPrio                               0x200000ac   Data           4  stm32f1xx_hal.o(.data)
    uwTick                                   0x200000b0   Data           4  stm32f1xx_hal.o(.data)
    SystemCoreClock                          0x200000b4   Data           4  system_stm32f1xx.o(.data)
    htim3                                    0x200000b8   Data          72  tim.o(.bss)
    htim4                                    0x20000100   Data          72  tim.o(.bss)
    htim8                                    0x20000148   Data          72  tim.o(.bss)
    huart1                                   0x20000190   Data          72  usart.o(.bss)
    __libspace_start                         0x20000220   Data          96  libspace.o(.bss)
    __temporary_stack_top$libspace           0x20000280   Data           0  libspace.o(.bss)



==============================================================================

Memory Map of the image

  Image Entry point : 0x08000131

  Load Region LR_IROM1 (Base: 0x08000000, Size: 0x000087f8, Max: 0x00040000, ABSOLUTE)

    Execution Region ER_IROM1 (Exec base: 0x08000000, Load base: 0x08000000, Size: 0x00008740, Max: 0x00040000, ABSOLUTE)

    Exec Addr    Load Addr    Size         Type   Attr      Idx    E Section Name        Object

    0x08000000   0x08000000   0x00000130   Data   RO            3    RESET               startup_stm32f103xe.o
    0x08000130   0x08000130   0x00000008   Code   RO         3829  * !!!main             c_w.l(__main.o)
    0x08000138   0x08000138   0x00000034   Code   RO         4231    !!!scatter          c_w.l(__scatter.o)
    0x0800016c   0x0800016c   0x0000001a   Code   RO         4233    !!handler_copy      c_w.l(__scatter_copy.o)
    0x08000186   0x08000186   0x00000002   PAD
    0x08000188   0x08000188   0x0000001c   Code   RO         4235    !!handler_zi        c_w.l(__scatter_zi.o)
    0x080001a4   0x080001a4   0x00000000   Code   RO         3820    .ARM.Collect$$_printf_percent$$00000000  c_w.l(_printf_percent.o)
    0x080001a4   0x080001a4   0x00000006   Code   RO         3819    .ARM.Collect$$_printf_percent$$00000003  c_w.l(_printf_f.o)
    0x080001aa   0x080001aa   0x00000006   Code   RO         3817    .ARM.Collect$$_printf_percent$$00000009  c_w.l(_printf_d.o)
    0x080001b0   0x080001b0   0x00000006   Code   RO         3818    .ARM.Collect$$_printf_percent$$0000000A  c_w.l(_printf_u.o)
    0x080001b6   0x080001b6   0x00000004   Code   RO         3930    .ARM.Collect$$_printf_percent$$00000017  c_w.l(_printf_percent_end.o)
    0x080001ba   0x080001ba   0x00000002   Code   RO         4100    .ARM.Collect$$libinit$$00000000  c_w.l(libinit.o)
    0x080001bc   0x080001bc   0x00000000   Code   RO         4102    .ARM.Collect$$libinit$$00000002  c_w.l(libinit2.o)
    0x080001bc   0x080001bc   0x00000000   Code   RO         4104    .ARM.Collect$$libinit$$00000004  c_w.l(libinit2.o)
    0x080001bc   0x080001bc   0x00000000   Code   RO         4107    .ARM.Collect$$libinit$$0000000A  c_w.l(libinit2.o)
    0x080001bc   0x080001bc   0x00000000   Code   RO         4109    .ARM.Collect$$libinit$$0000000C  c_w.l(libinit2.o)
    0x080001bc   0x080001bc   0x00000000   Code   RO         4111    .ARM.Collect$$libinit$$0000000E  c_w.l(libinit2.o)
    0x080001bc   0x080001bc   0x00000006   Code   RO         4112    .ARM.Collect$$libinit$$0000000F  c_w.l(libinit2.o)
    0x080001c2   0x080001c2   0x00000000   Code   RO         4114    .ARM.Collect$$libinit$$00000011  c_w.l(libinit2.o)
    0x080001c2   0x080001c2   0x00000000   Code   RO         4116    .ARM.Collect$$libinit$$00000013  c_w.l(libinit2.o)
    0x080001c2   0x080001c2   0x00000000   Code   RO         4118    .ARM.Collect$$libinit$$00000015  c_w.l(libinit2.o)
    0x080001c2   0x080001c2   0x0000000a   Code   RO         4119    .ARM.Collect$$libinit$$00000016  c_w.l(libinit2.o)
    0x080001cc   0x080001cc   0x00000000   Code   RO         4120    .ARM.Collect$$libinit$$00000017  c_w.l(libinit2.o)
    0x080001cc   0x080001cc   0x00000000   Code   RO         4122    .ARM.Collect$$libinit$$00000019  c_w.l(libinit2.o)
    0x080001cc   0x080001cc   0x00000000   Code   RO         4124    .ARM.Collect$$libinit$$0000001B  c_w.l(libinit2.o)
    0x080001cc   0x080001cc   0x00000000   Code   RO         4126    .ARM.Collect$$libinit$$0000001D  c_w.l(libinit2.o)
    0x080001cc   0x080001cc   0x00000000   Code   RO         4128    .ARM.Collect$$libinit$$0000001F  c_w.l(libinit2.o)
    0x080001cc   0x080001cc   0x00000000   Code   RO         4130    .ARM.Collect$$libinit$$00000021  c_w.l(libinit2.o)
    0x080001cc   0x080001cc   0x00000000   Code   RO         4132    .ARM.Collect$$libinit$$00000023  c_w.l(libinit2.o)
    0x080001cc   0x080001cc   0x00000000   Code   RO         4134    .ARM.Collect$$libinit$$00000025  c_w.l(libinit2.o)
    0x080001cc   0x080001cc   0x00000000   Code   RO         4138    .ARM.Collect$$libinit$$0000002C  c_w.l(libinit2.o)
    0x080001cc   0x080001cc   0x00000000   Code   RO         4140    .ARM.Collect$$libinit$$0000002E  c_w.l(libinit2.o)
    0x080001cc   0x080001cc   0x00000000   Code   RO         4142    .ARM.Collect$$libinit$$00000030  c_w.l(libinit2.o)
    0x080001cc   0x080001cc   0x00000000   Code   RO         4144    .ARM.Collect$$libinit$$00000032  c_w.l(libinit2.o)
    0x080001cc   0x080001cc   0x00000002   Code   RO         4145    .ARM.Collect$$libinit$$00000033  c_w.l(libinit2.o)
    0x080001ce   0x080001ce   0x00000002   Code   RO         4189    .ARM.Collect$$libshutdown$$00000000  c_w.l(libshutdown.o)
    0x080001d0   0x080001d0   0x00000000   Code   RO         4198    .ARM.Collect$$libshutdown$$00000002  c_w.l(libshutdown2.o)
    0x080001d0   0x080001d0   0x00000000   Code   RO         4200    .ARM.Collect$$libshutdown$$00000004  c_w.l(libshutdown2.o)
    0x080001d0   0x080001d0   0x00000000   Code   RO         4202    .ARM.Collect$$libshutdown$$00000006  c_w.l(libshutdown2.o)
    0x080001d0   0x080001d0   0x00000000   Code   RO         4205    .ARM.Collect$$libshutdown$$00000009  c_w.l(libshutdown2.o)
    0x080001d0   0x080001d0   0x00000000   Code   RO         4208    .ARM.Collect$$libshutdown$$0000000C  c_w.l(libshutdown2.o)
    0x080001d0   0x080001d0   0x00000000   Code   RO         4210    .ARM.Collect$$libshutdown$$0000000E  c_w.l(libshutdown2.o)
    0x080001d0   0x080001d0   0x00000000   Code   RO         4213    .ARM.Collect$$libshutdown$$00000011  c_w.l(libshutdown2.o)
    0x080001d0   0x080001d0   0x00000002   Code   RO         4214    .ARM.Collect$$libshutdown$$00000012  c_w.l(libshutdown2.o)
    0x080001d2   0x080001d2   0x00000000   Code   RO         3919    .ARM.Collect$$rtentry$$00000000  c_w.l(__rtentry.o)
    0x080001d2   0x080001d2   0x00000000   Code   RO         4004    .ARM.Collect$$rtentry$$00000002  c_w.l(__rtentry2.o)
    0x080001d2   0x080001d2   0x00000006   Code   RO         4016    .ARM.Collect$$rtentry$$00000004  c_w.l(__rtentry4.o)
    0x080001d8   0x080001d8   0x00000000   Code   RO         4006    .ARM.Collect$$rtentry$$00000009  c_w.l(__rtentry2.o)
    0x080001d8   0x080001d8   0x00000004   Code   RO         4007    .ARM.Collect$$rtentry$$0000000A  c_w.l(__rtentry2.o)
    0x080001dc   0x080001dc   0x00000000   Code   RO         4009    .ARM.Collect$$rtentry$$0000000C  c_w.l(__rtentry2.o)
    0x080001dc   0x080001dc   0x00000008   Code   RO         4010    .ARM.Collect$$rtentry$$0000000D  c_w.l(__rtentry2.o)
    0x080001e4   0x080001e4   0x00000002   Code   RO         4148    .ARM.Collect$$rtexit$$00000000  c_w.l(rtexit.o)
    0x080001e6   0x080001e6   0x00000000   Code   RO         4159    .ARM.Collect$$rtexit$$00000002  c_w.l(rtexit2.o)
    0x080001e6   0x080001e6   0x00000004   Code   RO         4160    .ARM.Collect$$rtexit$$00000003  c_w.l(rtexit2.o)
    0x080001ea   0x080001ea   0x00000006   Code   RO         4161    .ARM.Collect$$rtexit$$00000004  c_w.l(rtexit2.o)
    0x080001f0   0x080001f0   0x00000040   Code   RO            4    .text               startup_stm32f103xe.o
    0x08000230   0x08000230   0x00000002   Code   RO         3781    .text               c_w.l(use_no_semi_2.o)
    0x08000232   0x08000232   0x00000048   Code   RO         3785    .text               c_w.l(llsdiv.o)
    0x0800027a   0x0800027a   0x00000002   PAD
    0x0800027c   0x0800027c   0x00000018   Code   RO         3789    .text               c_w.l(noretval__2printf.o)
    0x08000294   0x08000294   0x0000004e   Code   RO         3793    .text               c_w.l(_printf_pad.o)
    0x080002e2   0x080002e2   0x00000002   PAD
    0x080002e4   0x080002e4   0x00000078   Code   RO         3795    .text               c_w.l(_printf_dec.o)
    0x0800035c   0x0800035c   0x00000188   Code   RO         3814    .text               c_w.l(__printf_flags_ss_wp.o)
    0x080004e4   0x080004e4   0x00000058   Code   RO         3821    .text               c_w.l(memcmp.o)
    0x0800053c   0x0800053c   0x00000010   Code   RO         3823    .text               c_w.l(aeabi_memset.o)
    0x0800054c   0x0800054c   0x0000004e   Code   RO         3825    .text               c_w.l(rt_memclr_w.o)
    0x0800059a   0x0800059a   0x00000006   Code   RO         3827    .text               c_w.l(heapauxi.o)
    0x080005a0   0x080005a0   0x00000002   Code   RO         3917    .text               c_w.l(use_no_semi.o)
    0x080005a2   0x080005a2   0x000000ee   Code   RO         3920    .text               c_w.l(lludivv7m.o)
    0x08000690   0x08000690   0x00000016   Code   RO         3922    .text               c_w.l(_rserrno.o)
    0x080006a6   0x080006a6   0x000000b2   Code   RO         3924    .text               c_w.l(_printf_intcommon.o)
    0x08000758   0x08000758   0x0000041e   Code   RO         3926    .text               c_w.l(_printf_fp_dec.o)
    0x08000b76   0x08000b76   0x00000002   PAD
    0x08000b78   0x08000b78   0x00000024   Code   RO         3928    .text               c_w.l(_printf_char_file.o)
    0x08000b9c   0x08000b9c   0x00000044   Code   RO         3931    .text               c_w.l(rt_memclr.o)
    0x08000be0   0x08000be0   0x00000008   Code   RO         4025    .text               c_w.l(rt_locale_intlibspace.o)
    0x08000be8   0x08000be8   0x00000008   Code   RO         4030    .text               c_w.l(rt_errno_addr_intlibspace.o)
    0x08000bf0   0x08000bf0   0x0000008a   Code   RO         4032    .text               c_w.l(lludiv10.o)
    0x08000c7a   0x08000c7a   0x00000002   PAD
    0x08000c7c   0x08000c7c   0x00000030   Code   RO         4034    .text               c_w.l(_printf_char_common.o)
    0x08000cac   0x08000cac   0x00000080   Code   RO         4036    .text               c_w.l(_printf_fp_infnan.o)
    0x08000d2c   0x08000d2c   0x000000e4   Code   RO         4038    .text               c_w.l(bigflt0.o)
    0x08000e10   0x08000e10   0x00000008   Code   RO         4063    .text               c_w.l(ferror.o)
    0x08000e18   0x08000e18   0x00000008   Code   RO         4082    .text               c_w.l(libspace.o)
    0x08000e20   0x08000e20   0x0000004a   Code   RO         4085    .text               c_w.l(sys_stackheap_outer.o)
    0x08000e6a   0x08000e6a   0x00000012   Code   RO         4091    .text               c_w.l(exit.o)
    0x08000e7c   0x08000e7c   0x00000080   Code   RO         4093    .text               c_w.l(strcmpv7m.o)
    0x08000efc   0x08000efc   0x0000003e   Code   RO         4041    CL$$btod_d2e        c_w.l(btod.o)
    0x08000f3a   0x08000f3a   0x00000046   Code   RO         4043    CL$$btod_d2e_denorm_low  c_w.l(btod.o)
    0x08000f80   0x08000f80   0x00000060   Code   RO         4042    CL$$btod_d2e_norm_op1  c_w.l(btod.o)
    0x08000fe0   0x08000fe0   0x00000338   Code   RO         4051    CL$$btod_div_common  c_w.l(btod.o)
    0x08001318   0x08001318   0x000000dc   Code   RO         4048    CL$$btod_e2e        c_w.l(btod.o)
    0x080013f4   0x080013f4   0x0000002a   Code   RO         4045    CL$$btod_ediv       c_w.l(btod.o)
    0x0800141e   0x0800141e   0x0000002a   Code   RO         4044    CL$$btod_emul       c_w.l(btod.o)
    0x08001448   0x08001448   0x00000244   Code   RO         4050    CL$$btod_mult_common  c_w.l(btod.o)
    0x0800168c   0x0800168c   0x00000002   Code   RO          579    i.BusFault_Handler  stm32f1xx_it.o
    0x0800168e   0x0800168e   0x00000002   Code   RO          580    i.DebugMon_Handler  stm32f1xx_it.o
    0x08001690   0x08001690   0x0000004a   Code   RO          248    i.Encoder_DivideRounded  encoder.o
    0x080016da   0x080016da   0x00000002   PAD
    0x080016dc   0x080016dc   0x0000000c   Code   RO          252    i.Encoder_GetLeftSpeedMmSX100  encoder.o
    0x080016e8   0x080016e8   0x0000000c   Code   RO          256    i.Encoder_GetRightSpeedMmSX100  encoder.o
    0x080016f4   0x080016f4   0x00000044   Code   RO          258    i.Encoder_Init      encoder.o
    0x08001738   0x08001738   0x00000038   Code   RO          259    i.Encoder_PrintSignedFixed2  encoder.o
    0x08001770   0x08001770   0x0000008c   Code   RO          260    i.Encoder_Report    encoder.o
    0x080017fc   0x080017fc   0x00000024   Code   RO          261    i.Encoder_Reset     encoder.o
    0x08001820   0x08001820   0x00000012   Code   RO          262    i.Encoder_ResetChannel  encoder.o
    0x08001832   0x08001832   0x00000016   Code   RO          264    i.Encoder_StartTimer  encoder.o
    0x08001848   0x08001848   0x00000050   Code   RO          265    i.Encoder_Task      encoder.o
    0x08001898   0x08001898   0x00000058   Code   RO          266    i.Encoder_UpdateChannel  encoder.o
    0x080018f0   0x080018f0   0x00000004   Code   RO          378    i.Error_Handler     main.o
    0x080018f4   0x080018f4   0x00000024   Code   RO         2411    i.HAL_Delay         stm32f1xx_hal.o
    0x08001918   0x08001918   0x000001f8   Code   RO         2721    i.HAL_GPIO_Init     stm32f1xx_hal_gpio.o
    0x08001b10   0x08001b10   0x0000000a   Code   RO         2723    i.HAL_GPIO_ReadPin  stm32f1xx_hal_gpio.o
    0x08001b1a   0x08001b1a   0x0000000a   Code   RO         2725    i.HAL_GPIO_WritePin  stm32f1xx_hal_gpio.o
    0x08001b24   0x08001b24   0x0000000c   Code   RO         2415    i.HAL_GetTick       stm32f1xx_hal.o
    0x08001b30   0x08001b30   0x00000010   Code   RO         2421    i.HAL_IncTick       stm32f1xx_hal.o
    0x08001b40   0x08001b40   0x00000024   Code   RO         2422    i.HAL_Init          stm32f1xx_hal.o
    0x08001b64   0x08001b64   0x00000040   Code   RO         2423    i.HAL_InitTick      stm32f1xx_hal.o
    0x08001ba4   0x08001ba4   0x0000003c   Code   RO          654    i.HAL_MspInit       stm32f1xx_hal_msp.o
    0x08001be0   0x08001be0   0x00000040   Code   RO         2887    i.HAL_NVIC_SetPriority  stm32f1xx_hal_cortex.o
    0x08001c20   0x08001c20   0x00000024   Code   RO         2888    i.HAL_NVIC_SetPriorityGrouping  stm32f1xx_hal_cortex.o
    0x08001c44   0x08001c44   0x0000012c   Code   RO         2579    i.HAL_RCC_ClockConfig  stm32f1xx_hal_rcc.o
    0x08001d70   0x08001d70   0x00000020   Code   RO         2586    i.HAL_RCC_GetPCLK1Freq  stm32f1xx_hal_rcc.o
    0x08001d90   0x08001d90   0x00000020   Code   RO         2587    i.HAL_RCC_GetPCLK2Freq  stm32f1xx_hal_rcc.o
    0x08001db0   0x08001db0   0x0000004c   Code   RO         2588    i.HAL_RCC_GetSysClockFreq  stm32f1xx_hal_rcc.o
    0x08001dfc   0x08001dfc   0x00000320   Code   RO         2591    i.HAL_RCC_OscConfig  stm32f1xx_hal_rcc.o
    0x0800211c   0x0800211c   0x00000028   Code   RO         2892    i.HAL_SYSTICK_Config  stm32f1xx_hal_cortex.o
    0x08002144   0x08002144   0x0000007c   Code   RO         2156    i.HAL_TIMEx_MasterConfigSynchronization  stm32f1xx_hal_tim_ex.o
    0x080021c0   0x080021c0   0x000000a4   Code   RO         1454    i.HAL_TIM_Encoder_Init  stm32f1xx_hal_tim.o
    0x08002264   0x08002264   0x0000008c   Code   RO          449    i.HAL_TIM_Encoder_MspInit  tim.o
    0x080022f0   0x080022f0   0x0000008e   Code   RO         1457    i.HAL_TIM_Encoder_Start  stm32f1xx_hal_tim.o
    0x0800237e   0x0800237e   0x00000002   PAD
    0x08002380   0x08002380   0x00000070   Code   RO          450    i.HAL_TIM_MspPostInit  tim.o
    0x080023f0   0x080023f0   0x000000cc   Code   RO         1505    i.HAL_TIM_PWM_ConfigChannel  stm32f1xx_hal_tim.o
    0x080024bc   0x080024bc   0x0000005a   Code   RO         1508    i.HAL_TIM_PWM_Init  stm32f1xx_hal_tim.o
    0x08002516   0x08002516   0x00000002   PAD
    0x08002518   0x08002518   0x00000028   Code   RO          452    i.HAL_TIM_PWM_MspInit  tim.o
    0x08002540   0x08002540   0x000000b4   Code   RO         1513    i.HAL_TIM_PWM_Start  stm32f1xx_hal_tim.o
    0x080025f4   0x080025f4   0x00000064   Code   RO         3411    i.HAL_UART_Init     stm32f1xx_hal_uart.o
    0x08002658   0x08002658   0x00000070   Code   RO          521    i.HAL_UART_MspInit  usart.o
    0x080026c8   0x080026c8   0x000000a0   Code   RO         3419    i.HAL_UART_Transmit  stm32f1xx_hal_uart.o
    0x08002768   0x08002768   0x00000002   Code   RO          581    i.HardFault_Handler  stm32f1xx_it.o
    0x0800276a   0x0800276a   0x00000002   PAD
    0x0800276c   0x0800276c   0x00000060   Code   RO          733    i.I2C_SendByte      stm32_i2c.o
    0x080027cc   0x080027cc   0x0000005c   Code   RO          734    i.I2C_Start         stm32_i2c.o
    0x08002828   0x08002828   0x0000004c   Code   RO          735    i.I2C_Stop          stm32_i2c.o
    0x08002874   0x08002874   0x0000005c   Code   RO          736    i.I2C_WaitAck       stm32_i2c.o
    0x080028d0   0x080028d0   0x0000000e   Code   RO          737    i.I2C_delay         stm32_i2c.o
    0x080028de   0x080028de   0x00000002   PAD
    0x080028e0   0x080028e0   0x000001f0   Code   RO          819    i.MPU_getdata       mpu6050.o
    0x08002ad0   0x08002ad0   0x0000039c   Code   RO          820    i.MPU_init          mpu6050.o
    0x08002e6c   0x08002e6c   0x00000094   Code   RO          424    i.MX_GPIO_Init      gpio.o
    0x08002f00   0x08002f00   0x000000a0   Code   RO          453    i.MX_TIM3_Init      tim.o
    0x08002fa0   0x08002fa0   0x0000006c   Code   RO          454    i.MX_TIM4_Init      tim.o
    0x0800300c   0x0800300c   0x0000006c   Code   RO          455    i.MX_TIM8_Init      tim.o
    0x08003078   0x08003078   0x00000038   Code   RO          522    i.MX_USART1_UART_Init  usart.o
    0x080030b0   0x080030b0   0x00000002   Code   RO          582    i.MemManage_Handler  stm32f1xx_it.o
    0x080030b2   0x080030b2   0x00000002   PAD
    0x080030b4   0x080030b4   0x00000020   Code   RO           15    i.Motor_DutyToCompare  motor.o
    0x080030d4   0x080030d4   0x00000036   Code   RO           16    i.Motor_Init        motor.o
    0x0800310a   0x0800310a   0x00000014   Code   RO           17    i.Motor_LimitDuty   motor.o
    0x0800311e   0x0800311e   0x00000002   PAD
    0x08003120   0x08003120   0x00000074   Code   RO           18    i.Motor_SetDuty     motor.o
    0x08003194   0x08003194   0x0000000c   Code   RO           20    i.Motor_StartChannel  motor.o
    0x080031a0   0x080031a0   0x0000001c   Code   RO           21    i.Motor_Stop        motor.o
    0x080031bc   0x080031bc   0x0000034c   Code   RO          176    i.MpuApp_CalibrateGyro  mpu_app.o
    0x08003508   0x08003508   0x00000058   Code   RO          177    i.MpuApp_Init       mpu_app.o
    0x08003560   0x08003560   0x00000038   Code   RO          178    i.MpuApp_PrintFixed2  mpu_app.o
    0x08003598   0x08003598   0x0000006c   Code   RO          179    i.MpuApp_Read       mpu_app.o
    0x08003604   0x08003604   0x00000120   Code   RO          180    i.MpuApp_Task       mpu_app.o
    0x08003724   0x08003724   0x00000002   Code   RO          583    i.NMI_Handler       stm32f1xx_it.o
    0x08003726   0x08003726   0x00000002   Code   RO          584    i.PendSV_Handler    stm32f1xx_it.o
    0x08003728   0x08003728   0x00000002   Code   RO          585    i.SVC_Handler       stm32f1xx_it.o
    0x0800372a   0x0800372a   0x00000002   PAD
    0x0800372c   0x0800372c   0x00000024   Code   RO          678    i.SpeedCtrl_Init    speed_ctrl.o
    0x08003750   0x08003750   0x00000018   Code   RO          679    i.SpeedCtrl_SetTarget  speed_ctrl.o
    0x08003768   0x08003768   0x00000050   Code   RO          681    i.SpeedCtrl_Task    speed_ctrl.o
    0x080037b8   0x080037b8   0x00000016   Code   RO          682    i.SpeedPI_Init      speed_ctrl.o
    0x080037ce   0x080037ce   0x0000003c   Code   RO          683    i.SpeedPI_Update    speed_ctrl.o
    0x0800380a   0x0800380a   0x00000004   Code   RO          586    i.SysTick_Handler   stm32f1xx_it.o
    0x0800380e   0x0800380e   0x0000005e   Code   RO          379    i.SystemClock_Config  main.o
    0x0800386c   0x0800386c   0x00000002   Code   RO         3745    i.SystemInit        system_stm32f1xx.o
    0x0800386e   0x0800386e   0x00000002   PAD
    0x08003870   0x08003870   0x0000009c   Code   RO         1526    i.TIM_Base_SetConfig  stm32f1xx_hal_tim.o
    0x0800390c   0x0800390c   0x0000001a   Code   RO         1527    i.TIM_CCxChannelCmd  stm32f1xx_hal_tim.o
    0x08003926   0x08003926   0x00000002   PAD
    0x08003928   0x08003928   0x00000060   Code   RO         1539    i.TIM_OC1_SetConfig  stm32f1xx_hal_tim.o
    0x08003988   0x08003988   0x0000006c   Code   RO         1540    i.TIM_OC2_SetConfig  stm32f1xx_hal_tim.o
    0x080039f4   0x080039f4   0x00000068   Code   RO         1541    i.TIM_OC3_SetConfig  stm32f1xx_hal_tim.o
    0x08003a5c   0x08003a5c   0x00000050   Code   RO         1542    i.TIM_OC4_SetConfig  stm32f1xx_hal_tim.o
    0x08003aac   0x08003aac   0x0000004e   Code   RO         3434    i.UART_EndRxTransfer  stm32f1xx_hal_uart.o
    0x08003afa   0x08003afa   0x00000002   PAD
    0x08003afc   0x08003afc   0x000000b8   Code   RO         3437    i.UART_SetConfig    stm32f1xx_hal_uart.o
    0x08003bb4   0x08003bb4   0x00000072   Code   RO         3440    i.UART_WaitOnFlagUntilTimeout  stm32f1xx_hal_uart.o
    0x08003c26   0x08003c26   0x00000002   Code   RO          587    i.UsageFault_Handler  stm32f1xx_it.o
    0x08003c28   0x08003c28   0x00000028   Code   RO         3974    i.__ARM_fpclassify  m_ws.l(fpclassify.o)
    0x08003c50   0x08003c50   0x00000026   Code   RO         3976    i.__ARM_fpclassifyf  m_ws.l(fpclassifyf.o)
    0x08003c76   0x08003c76   0x00000020   Code   RO         2894    i.__NVIC_SetPriority  stm32f1xx_hal_cortex.o
    0x08003c96   0x08003c96   0x000000aa   Code   RO         3992    i.__kernel_poly     m_ws.l(poly.o)
    0x08003d40   0x08003d40   0x00000006   Code   RO         3961    i.__mathlib_dbl_infnan  m_ws.l(dunder.o)
    0x08003d46   0x08003d46   0x00000004   Code   RO         3962    i.__mathlib_dbl_infnan2  m_ws.l(dunder.o)
    0x08003d4a   0x08003d4a   0x0000000c   Code   RO         3963    i.__mathlib_dbl_invalid  m_ws.l(dunder.o)
    0x08003d56   0x08003d56   0x00000002   PAD
    0x08003d58   0x08003d58   0x00000010   Code   RO         3966    i.__mathlib_dbl_underflow  m_ws.l(dunder.o)
    0x08003d68   0x08003d68   0x00000004   Code   RO         3980    i.__mathlib_flt_infnan2  m_ws.l(funder.o)
    0x08003d6c   0x08003d6c   0x0000000a   Code   RO         3984    i.__mathlib_flt_underflow  m_ws.l(funder.o)
    0x08003d76   0x08003d76   0x0000000e   Code   RO         3807    i._is_digit         c_w.l(__printf_wp.o)
    0x08003d84   0x08003d84   0x00000002   Code   RO          523    i._sys_exit         usart.o
    0x08003d86   0x08003d86   0x00000002   PAD
    0x08003d88   0x08003d88   0x00000080   Code   RO          877    i.accel_self_test   inv_mpu.o
    0x08003e08   0x08003e08   0x00000270   Code   RO         3884    i.asin              m_ws.l(asin.o)
    0x08004078   0x08004078   0x00000220   Code   RO         3951    i.atan              m_ws.l(atan.o)
    0x08004298   0x08004298   0x0000019c   Code   RO         3894    i.atan2             m_ws.l(atan2.o)
    0x08004434   0x08004434   0x000002a4   Code   RO         3902    i.atan2f            m_ws.l(atan2f.o)
    0x080046d8   0x080046d8   0x0000003a   Code   RO         1204    i.dmp_enable_6x_lp_quat  inv_mpu_dmp_motion_driver.o
    0x08004712   0x08004712   0x00000002   PAD
    0x08004714   0x08004714   0x000001d8   Code   RO         1205    i.dmp_enable_feature  inv_mpu_dmp_motion_driver.o
    0x080048ec   0x080048ec   0x0000003c   Code   RO         1206    i.dmp_enable_gyro_cal  inv_mpu_dmp_motion_driver.o
    0x08004928   0x08004928   0x0000003a   Code   RO         1207    i.dmp_enable_lp_quat  inv_mpu_dmp_motion_driver.o
    0x08004962   0x08004962   0x00000002   PAD
    0x08004964   0x08004964   0x00000014   Code   RO         1212    i.dmp_load_motion_driver_firmware  inv_mpu_dmp_motion_driver.o
    0x08004978   0x08004978   0x00000160   Code   RO         1213    i.dmp_read_fifo     inv_mpu_dmp_motion_driver.o
    0x08004ad8   0x08004ad8   0x000000d8   Code   RO         1216    i.dmp_set_accel_bias  inv_mpu_dmp_motion_driver.o
    0x08004bb0   0x08004bb0   0x00000064   Code   RO         1217    i.dmp_set_fifo_rate  inv_mpu_dmp_motion_driver.o
    0x08004c14   0x08004c14   0x000000cc   Code   RO         1218    i.dmp_set_gyro_bias  inv_mpu_dmp_motion_driver.o
    0x08004ce0   0x08004ce0   0x0000010c   Code   RO         1220    i.dmp_set_orientation  inv_mpu_dmp_motion_driver.o
    0x08004dec   0x08004dec   0x00000030   Code   RO         1223    i.dmp_set_shake_reject_thresh  inv_mpu_dmp_motion_driver.o
    0x08004e1c   0x08004e1c   0x00000020   Code   RO         1224    i.dmp_set_shake_reject_time  inv_mpu_dmp_motion_driver.o
    0x08004e3c   0x08004e3c   0x00000020   Code   RO         1225    i.dmp_set_shake_reject_timeout  inv_mpu_dmp_motion_driver.o
    0x08004e5c   0x08004e5c   0x00000040   Code   RO         1226    i.dmp_set_tap_axes  inv_mpu_dmp_motion_driver.o
    0x08004e9c   0x08004e9c   0x00000022   Code   RO         1227    i.dmp_set_tap_count  inv_mpu_dmp_motion_driver.o
    0x08004ebe   0x08004ebe   0x00000002   PAD
    0x08004ec0   0x08004ec0   0x00000128   Code   RO         1228    i.dmp_set_tap_thresh  inv_mpu_dmp_motion_driver.o
    0x08004fe8   0x08004fe8   0x00000020   Code   RO         1229    i.dmp_set_tap_time  inv_mpu_dmp_motion_driver.o
    0x08005008   0x08005008   0x00000020   Code   RO         1230    i.dmp_set_tap_time_multi  inv_mpu_dmp_motion_driver.o
    0x08005028   0x08005028   0x00000020   Code   RO          524    i.fputc             usart.o
    0x08005048   0x08005048   0x000000ac   Code   RO          880    i.get_accel_prod_shift  inv_mpu.o
    0x080050f4   0x080050f4   0x00000314   Code   RO          882    i.get_st_biases     inv_mpu.o
    0x08005408   0x08005408   0x000000d4   Code   RO          883    i.gyro_self_test    inv_mpu.o
    0x080054dc   0x080054dc   0x00000038   Code   RO          739    i.i2cInit           stm32_i2c.o
    0x08005514   0x08005514   0x0000010c   Code   RO          740    i.i2cRead           stm32_i2c.o
    0x08005620   0x08005620   0x00000054   Code   RO          742    i.i2cWriteBuffer    stm32_i2c.o
    0x08005674   0x08005674   0x00000012   Code   RO          743    i.i2cread           stm32_i2c.o
    0x08005686   0x08005686   0x00000012   Code   RO          744    i.i2cwrite          stm32_i2c.o
    0x08005698   0x08005698   0x00000048   Code   RO          821    i.inv_row_2_scale   mpu6050.o
    0x080056e0   0x080056e0   0x00000048   Code   RO          380    i.main              main.o
    0x08005728   0x08005728   0x00000054   Code   RO          884    i.mpu_configure_fifo  inv_mpu.o
    0x0800577c   0x0800577c   0x0000003c   Code   RO          885    i.mpu_get_accel_fsr  inv_mpu.o
    0x080057b8   0x080057b8   0x00000044   Code   RO          887    i.mpu_get_accel_sens  inv_mpu.o
    0x080057fc   0x080057fc   0x00000034   Code   RO          893    i.mpu_get_gyro_fsr  inv_mpu.o
    0x08005830   0x08005830   0x00000040   Code   RO          895    i.mpu_get_gyro_sens  inv_mpu.o
    0x08005870   0x08005870   0x00000038   Code   RO          897    i.mpu_get_lpf       inv_mpu.o
    0x080058a8   0x080058a8   0x0000001c   Code   RO          899    i.mpu_get_sample_rate  inv_mpu.o
    0x080058c4   0x080058c4   0x000001f0   Code   RO          902    i.mpu_init          inv_mpu.o
    0x08005ab4   0x08005ab4   0x000000a0   Code   RO          903    i.mpu_load_firmware  inv_mpu.o
    0x08005b54   0x08005b54   0x000000b8   Code   RO          904    i.mpu_lp_accel_mode  inv_mpu.o
    0x08005c0c   0x08005c0c   0x00000090   Code   RO          907    i.mpu_read_fifo_stream  inv_mpu.o
    0x08005c9c   0x08005c9c   0x00000054   Code   RO          908    i.mpu_read_mem      inv_mpu.o
    0x08005cf0   0x08005cf0   0x00000160   Code   RO          911    i.mpu_reset_fifo    inv_mpu.o
    0x08005e50   0x08005e50   0x000000f0   Code   RO          912    i.mpu_run_self_test  inv_mpu.o
    0x08005f40   0x08005f40   0x00000068   Code   RO          914    i.mpu_set_accel_fsr  inv_mpu.o
    0x08005fa8   0x08005fa8   0x000000dc   Code   RO          915    i.mpu_set_bypass    inv_mpu.o
    0x08006084   0x08006084   0x00000078   Code   RO          917    i.mpu_set_dmp_state  inv_mpu.o
    0x080060fc   0x080060fc   0x0000006c   Code   RO          918    i.mpu_set_gyro_fsr  inv_mpu.o
    0x08006168   0x08006168   0x00000064   Code   RO          919    i.mpu_set_int_latched  inv_mpu.o
    0x080061cc   0x080061cc   0x0000006c   Code   RO          921    i.mpu_set_lpf       inv_mpu.o
    0x08006238   0x08006238   0x00000080   Code   RO          922    i.mpu_set_sample_rate  inv_mpu.o
    0x080062b8   0x080062b8   0x000000b8   Code   RO          923    i.mpu_set_sensors   inv_mpu.o
    0x08006370   0x08006370   0x00000054   Code   RO          924    i.mpu_write_mem     inv_mpu.o
    0x080063c4   0x080063c4   0x000000d0   Code   RO          822    i.run_self_test     mpu6050.o
    0x08006494   0x08006494   0x00000058   Code   RO          925    i.set_int_enable    inv_mpu.o
    0x080064ec   0x080064ec   0x0000004c   Code   RO         3996    i.sqrt              m_ws.l(sqrt.o)
    0x08006538   0x08006538   0x0000002c   Code   RO         3910    i.sqrtf             m_ws.l(sqrtf.o)
    0x08006564   0x08006564   0x0000002c   Code   RO         4068    locale$$code        c_w.l(lc_numeric_c.o)
    0x08006590   0x08006590   0x00000062   Code   RO         3831    x$fpl$d2f           fz_ws.l(d2f.o)
    0x080065f2   0x080065f2   0x00000002   PAD
    0x080065f4   0x080065f4   0x00000150   Code   RO         3833    x$fpl$dadd          fz_ws.l(daddsub_clz.o)
    0x08006744   0x08006744   0x00000010   Code   RO         4070    x$fpl$dcheck1       fz_ws.l(dcheck1.o)
    0x08006754   0x08006754   0x00000018   Code   RO         4072    x$fpl$dcmpinf       fz_ws.l(dcmpi.o)
    0x0800676c   0x0800676c   0x000002b0   Code   RO         3840    x$fpl$ddiv          fz_ws.l(ddiv.o)
    0x08006a1c   0x08006a1c   0x00000078   Code   RO         3933    x$fpl$deqf          fz_ws.l(deqf.o)
    0x08006a94   0x08006a94   0x00000154   Code   RO         3849    x$fpl$dmul          fz_ws.l(dmul.o)
    0x08006be8   0x08006be8   0x0000009c   Code   RO         3935    x$fpl$dnaninf       fz_ws.l(dnaninf.o)
    0x08006c84   0x08006c84   0x0000000c   Code   RO         3937    x$fpl$dretinf       fz_ws.l(dretinf.o)
    0x08006c90   0x08006c90   0x00000016   Code   RO         3834    x$fpl$drsb          fz_ws.l(daddsub_clz.o)
    0x08006ca6   0x08006ca6   0x00000002   PAD
    0x08006ca8   0x08006ca8   0x000001cc   Code   RO         4076    x$fpl$dsqrt         fz_ws.l(dsqrt_noumaal.o)
    0x08006e74   0x08006e74   0x000001d4   Code   RO         3835    x$fpl$dsub          fz_ws.l(daddsub_clz.o)
    0x08007048   0x08007048   0x00000056   Code   RO         3851    x$fpl$f2d           fz_ws.l(f2d.o)
    0x0800709e   0x0800709e   0x00000002   PAD
    0x080070a0   0x080070a0   0x000000c4   Code   RO         3853    x$fpl$fadd          fz_ws.l(faddsub_clz.o)
    0x08007164   0x08007164   0x0000000c   Code   RO         3939    x$fpl$fcheck1       fz_ws.l(fcheck1.o)
    0x08007170   0x08007170   0x00000184   Code   RO         3860    x$fpl$fdiv          fz_ws.l(fdiv.o)
    0x080072f4   0x080072f4   0x00000036   Code   RO         3863    x$fpl$ffix          fz_ws.l(ffix.o)
    0x0800732a   0x0800732a   0x00000002   PAD
    0x0800732c   0x0800732c   0x0000003e   Code   RO         3867    x$fpl$ffixu         fz_ws.l(ffixu.o)
    0x0800736a   0x0800736a   0x00000002   PAD
    0x0800736c   0x0800736c   0x00000030   Code   RO         3872    x$fpl$fflt          fz_ws.l(fflt_clz.o)
    0x0800739c   0x0800739c   0x00000026   Code   RO         3871    x$fpl$ffltu         fz_ws.l(fflt_clz.o)
    0x080073c2   0x080073c2   0x00000002   PAD
    0x080073c4   0x080073c4   0x00000102   Code   RO         3877    x$fpl$fmul          fz_ws.l(fmul.o)
    0x080074c6   0x080074c6   0x0000008c   Code   RO         3941    x$fpl$fnaninf       fz_ws.l(fnaninf.o)
    0x08007552   0x08007552   0x0000000a   Code   RO         3943    x$fpl$fretinf       fz_ws.l(fretinf.o)
    0x0800755c   0x0800755c   0x00000014   Code   RO         3854    x$fpl$frsb          fz_ws.l(faddsub_clz.o)
    0x08007570   0x08007570   0x00000110   Code   RO         3945    x$fpl$fsqrt         fz_ws.l(fsqrt.o)
    0x08007680   0x08007680   0x000000ea   Code   RO         3855    x$fpl$fsub          fz_ws.l(faddsub_clz.o)
    0x0800776a   0x0800776a   0x00000004   Code   RO         3879    x$fpl$printf1       fz_ws.l(printf1.o)
    0x0800776e   0x0800776e   0x00000064   Code   RO         4080    x$fpl$retnan        fz_ws.l(retnan.o)
    0x080077d2   0x080077d2   0x0000005c   Code   RO         3947    x$fpl$scalbn        fz_ws.l(scalbn.o)
    0x0800782e   0x0800782e   0x0000004c   Code   RO         3881    x$fpl$scalbnf       fz_ws.l(scalbnf.o)
    0x0800787a   0x0800787a   0x00000030   Code   RO         4146    x$fpl$trapveneer    fz_ws.l(trapv.o)
    0x080078aa   0x080078aa   0x00000000   Code   RO         3949    x$fpl$usenofp       fz_ws.l(usenofp.o)
    0x080078aa   0x080078aa   0x0000000c   Data   RO          926    .constdata          inv_mpu.o
    0x080078b6   0x080078b6   0x0000001b   Data   RO          927    .constdata          inv_mpu.o
    0x080078d1   0x080078d1   0x00000003   PAD
    0x080078d4   0x080078d4   0x00000028   Data   RO          928    .constdata          inv_mpu.o
    0x080078fc   0x080078fc   0x00000bf6   Data   RO         1232    .constdata          inv_mpu_dmp_motion_driver.o
    0x080084f2   0x080084f2   0x00000012   Data   RO         2592    .constdata          stm32f1xx_hal_rcc.o
    0x08008504   0x08008504   0x00000010   Data   RO         3746    .constdata          system_stm32f1xx.o
    0x08008514   0x08008514   0x00000008   Data   RO         3747    .constdata          system_stm32f1xx.o
    0x0800851c   0x0800851c   0x00000011   Data   RO         3815    .constdata          c_w.l(__printf_flags_ss_wp.o)
    0x0800852d   0x0800852d   0x00000003   PAD
    0x08008530   0x08008530   0x00000050   Data   RO         3885    .constdata          m_ws.l(asin.o)
    0x08008580   0x08008580   0x00000098   Data   RO         3952    .constdata          m_ws.l(atan.o)
    0x08008618   0x08008618   0x00000008   Data   RO         3994    .constdata          m_ws.l(qnan.o)
    0x08008620   0x08008620   0x00000094   Data   RO         4039    .constdata          c_w.l(bigflt0.o)
    0x080086b4   0x080086b4   0x0000004d   Data   RO          929    .conststring        inv_mpu.o
    0x08008701   0x08008701   0x00000003   PAD
    0x08008704   0x08008704   0x00000020   Data   RO         4229    Region$$Table       anon$$obj.o
    0x08008724   0x08008724   0x0000001c   Data   RO         4067    locale$$data        c_w.l(lc_numeric_c.o)


    Execution Region RW_IRAM1 (Exec base: 0x20000000, Load base: 0x08008740, Size: 0x00000880, Max: 0x0000c000, ABSOLUTE)

    Exec Addr    Load Addr    Size         Type   Attr      Idx    E Section Name        Object

    0x20000000   0x08008740   0x00000008   Data   RW          181    .data               mpu_app.o
    0x20000008   0x08008748   0x00000038   Data   RW          267    .data               encoder.o
    0x20000040   0x08008780   0x00000004   Data   RW          526    .data               usart.o
    0x20000044   0x08008784   0x00000004   Data   RW          685    .data               speed_ctrl.o
    0x20000048   0x08008788   0x00000031   Data   RW          823    .data               mpu6050.o
    0x20000079   0x080087b9   0x00000003   PAD
    0x2000007c   0x080087bc   0x0000002c   Data   RW          930    .data               inv_mpu.o
    0x200000a8   0x080087e8   0x0000000c   Data   RW         2429    .data               stm32f1xx_hal.o
    0x200000b4   0x080087f4   0x00000004   Data   RW         3748    .data               system_stm32f1xx.o
    0x200000b8        -       0x000000d8   Zero   RW          456    .bss                tim.o
    0x20000190        -       0x00000048   Zero   RW          525    .bss                usart.o
    0x200001d8        -       0x00000038   Zero   RW          684    .bss                speed_ctrl.o
    0x20000210        -       0x00000010   Zero   RW         1231    .bss                inv_mpu_dmp_motion_driver.o
    0x20000220        -       0x00000060   Zero   RW         4083    .bss                c_w.l(libspace.o)
    0x20000280        -       0x00000200   Zero   RW            2    HEAP                startup_stm32f103xe.o
    0x20000480        -       0x00000400   Zero   RW            1    STACK               startup_stm32f103xe.o


==============================================================================

Image component sizes


      Code (inc. data)   RO Data    RW Data    ZI Data      Debug   Object Name

       606        156          0         56          0       7923   encoder.o
       148         14          0          0          0        959   gpio.o
      4616        350        156         44          0      26069   inv_mpu.o
      2378        120       3062          0         16      19434   inv_mpu_dmp_motion_driver.o
       170          0          0          0          0       1952   main.o
       262         18          0          0          0     489698   motor.o
      1700        802          0         49          0       4333   mpu6050.o
      1384        498          0          8          0       4698   mpu_app.o
       222         24          0          4         56       3572   speed_ctrl.o
        64         26        304          0       1536        812   startup_stm32f103xe.o
       814         32          0          0          0       6938   stm32_i2c.o
       164         28          0         12          0       6529   stm32f1xx_hal.o
       172         14          0          0          0      28298   stm32f1xx_hal_cortex.o
       524         42          0          0          0       3543   stm32f1xx_hal_gpio.o
        60          8          0          0          0        878   stm32f1xx_hal_msp.o
      1240         84         18          0          0       5136   stm32f1xx_hal_rcc.o
      1350         78          0          0          0      10093   stm32f1xx_hal_tim.o
       124         20          0          0          0       1364   stm32f1xx_hal_tim_ex.o
       636          6          0          0          0       4652   stm32f1xx_hal_uart.o
        20          0          0          0          0       3902   stm32f1xx_it.o
         2          0         24          4          0       1127   system_stm32f1xx.o
       668         78          0          0        216       4311   tim.o
       202         26          0          4         72       3970   usart.o

    ----------------------------------------------------------------------
     17556       2424       3602        184       1896     640191   Object Totals
         0          0         32          0          0          0   (incl. Generated)
        30          0          6          3          0          0   (incl. Padding)

    ----------------------------------------------------------------------

      Code (inc. data)   RO Data    RW Data    ZI Data      Debug   Library Member Name

         8          0          0          0          0         68   __main.o
       392          4         17          0          0         92   __printf_flags_ss_wp.o
        14          0          0          0          0         68   __printf_wp.o
         0          0          0          0          0          0   __rtentry.o
        12          0          0          0          0          0   __rtentry2.o
         6          0          0          0          0          0   __rtentry4.o
        52          8          0          0          0          0   __scatter.o
        26          0          0          0          0          0   __scatter_copy.o
        28          0          0          0          0          0   __scatter_zi.o
        48          6          0          0          0         96   _printf_char_common.o
        36          4          0          0          0         80   _printf_char_file.o
         6          0          0          0          0          0   _printf_d.o
       120         16          0          0          0         92   _printf_dec.o
         6          0          0          0          0          0   _printf_f.o
      1054          0          0          0          0        216   _printf_fp_dec.o
       128         16          0          0          0         84   _printf_fp_infnan.o
       178          0          0          0          0         88   _printf_intcommon.o
        78          0          0          0          0        108   _printf_pad.o
         0          0          0          0          0          0   _printf_percent.o
         4          0          0          0          0          0   _printf_percent_end.o
         6          0          0          0          0          0   _printf_u.o
        22          0          0          0          0        100   _rserrno.o
        16          0          0          0          0         68   aeabi_memset.o
       228          4        148          0          0         96   bigflt0.o
      1936        128          0          0          0        672   btod.o
        18          0          0          0          0         80   exit.o
         8          0          0          0          0         68   ferror.o
         6          0          0          0          0        152   heapauxi.o
        44         10         28          0          0         76   lc_numeric_c.o
         2          0          0          0          0          0   libinit.o
        18          0          0          0          0          0   libinit2.o
         2          0          0          0          0          0   libshutdown.o
         2          0          0          0          0          0   libshutdown2.o
         8          4          0          0         96         68   libspace.o
        72          0          0          0          0         76   llsdiv.o
       138          0          0          0          0         80   lludiv10.o
       238          0          0          0          0        100   lludivv7m.o
        88          0          0          0          0         76   memcmp.o
        24          4          0          0          0         84   noretval__2printf.o
         8          4          0          0          0         68   rt_errno_addr_intlibspace.o
         8          4          0          0          0         68   rt_locale_intlibspace.o
        68          0          0          0          0         68   rt_memclr.o
        78          0          0          0          0         80   rt_memclr_w.o
         2          0          0          0          0          0   rtexit.o
        10          0          0          0          0          0   rtexit2.o
       128          0          0          0          0         68   strcmpv7m.o
        74          0          0          0          0         80   sys_stackheap_outer.o
         2          0          0          0          0         68   use_no_semi.o
         2          0          0          0          0         68   use_no_semi_2.o
        98          4          0          0          0         92   d2f.o
       826         16          0          0          0        348   daddsub_clz.o
        16          4          0          0          0         68   dcheck1.o
        24          0          0          0          0         68   dcmpi.o
       688        140          0          0          0        208   ddiv.o
       120          4          0          0          0         92   deqf.o
       340         12          0          0          0        104   dmul.o
       156          4          0          0          0         92   dnaninf.o
        12          0          0          0          0         68   dretinf.o
       460         56          0          0          0        120   dsqrt_noumaal.o
        86          4          0          0          0         84   f2d.o
       450          8          0          0          0        236   faddsub_clz.o
        12          4          0          0          0         68   fcheck1.o
       388         76          0          0          0         96   fdiv.o
        54          4          0          0          0         84   ffix.o
        62          4          0          0          0         84   ffixu.o
        86          0          0          0          0        136   fflt_clz.o
       258          4          0          0          0         84   fmul.o
       140          4          0          0          0         84   fnaninf.o
        10          0          0          0          0         68   fretinf.o
       272        100          0          0          0         88   fsqrt.o
         4          0          0          0          0         68   printf1.o
       100          0          0          0          0         68   retnan.o
        92          0          0          0          0         68   scalbn.o
        76          0          0          0          0         68   scalbnf.o
        48          0          0          0          0         68   trapv.o
         0          0          0          0          0          0   usenofp.o
       624         52         80          0          0        168   asin.o
       544         70        152          0          0        124   atan.o
       412         38          0          0          0        144   atan2.o
       676         78          0          0          0        116   atan2f.o
        38          6          0          0          0        272   dunder.o
        40          0          0          0          0         68   fpclassify.o
        38          0          0          0          0         68   fpclassifyf.o
        14          0          0          0          0        136   funder.o
       170          0          0          0          0         96   poly.o
         0          0          8          0          0          0   qnan.o
        76          0          0          0          0         84   sqrt.o
        44          0          0          0          0         80   sqrtf.o

    ----------------------------------------------------------------------
     13030        904        436          0         96       7424   Library Totals
        24          0          3          0          0          0   (incl. Padding)

    ----------------------------------------------------------------------

      Code (inc. data)   RO Data    RW Data    ZI Data      Debug   Library Name

      5452        212        193          0         96       3356   c_w.l
      4878        448          0          0          0       2712   fz_ws.l
      2676        244        240          0          0       1356   m_ws.l

    ----------------------------------------------------------------------
     13030        904        436          0         96       7424   Library Totals

    ----------------------------------------------------------------------

==============================================================================


      Code (inc. data)   RO Data    RW Data    ZI Data      Debug   

     30586       3328       4038        184       1992     636067   Grand Totals
     30586       3328       4038        184       1992     636067   ELF Image Totals
     30586       3328       4038        184          0          0   ROM Totals

==============================================================================

    Total RO  Size (Code + RO Data)                34624 (  33.81kB)
    Total RW  Size (RW Data + ZI Data)              2176 (   2.13kB)
    Total ROM Size (Code + RO Data + RW Data)      34808 (  33.99kB)

==============================================================================

