Component: ARM Compiler 5.06 update 7 (build 960) Tool: armlink [4d3601]

==============================================================================

Section Cross References

    startup_stm32f103xe.o(STACK) refers (Special) to heapauxi.o(.text) for __use_two_region_memory
    startup_stm32f103xe.o(HEAP) refers (Special) to heapauxi.o(.text) for __use_two_region_memory
    startup_stm32f103xe.o(RESET) refers (Special) to heapauxi.o(.text) for __use_two_region_memory
    startup_stm32f103xe.o(RESET) refers to startup_stm32f103xe.o(STACK) for __initial_sp
    startup_stm32f103xe.o(RESET) refers to startup_stm32f103xe.o(.text) for Reset_Handler
    startup_stm32f103xe.o(RESET) refers to stm32f1xx_it.o(i.NMI_Handler) for NMI_Handler
    startup_stm32f103xe.o(RESET) refers to stm32f1xx_it.o(i.HardFault_Handler) for HardFault_Handler
    startup_stm32f103xe.o(RESET) refers to stm32f1xx_it.o(i.MemManage_Handler) for MemManage_Handler
    startup_stm32f103xe.o(RESET) refers to stm32f1xx_it.o(i.BusFault_Handler) for BusFault_Handler
    startup_stm32f103xe.o(RESET) refers to stm32f1xx_it.o(i.UsageFault_Handler) for UsageFault_Handler
    startup_stm32f103xe.o(RESET) refers to stm32f1xx_it.o(i.SVC_Handler) for SVC_Handler
    startup_stm32f103xe.o(RESET) refers to stm32f1xx_it.o(i.DebugMon_Handler) for DebugMon_Handler
    startup_stm32f103xe.o(RESET) refers to stm32f1xx_it.o(i.PendSV_Handler) for PendSV_Handler
    startup_stm32f103xe.o(RESET) refers to stm32f1xx_it.o(i.SysTick_Handler) for SysTick_Handler
    startup_stm32f103xe.o(.text) refers (Special) to heapauxi.o(.text) for __use_two_region_memory
    startup_stm32f103xe.o(.text) refers to system_stm32f1xx.o(i.SystemInit) for SystemInit
    startup_stm32f103xe.o(.text) refers to __main.o(!!!main) for __main
    startup_stm32f103xe.o(.text) refers to startup_stm32f103xe.o(HEAP) for Heap_Mem
    startup_stm32f103xe.o(.text) refers to startup_stm32f103xe.o(STACK) for Stack_Mem
    motor.o(i.Motor_ApplyDeadZone) refers to motor.o(i.Motor_LimitDuty) for Motor_LimitDuty
    motor.o(i.Motor_Brake) refers to motor.o(i.Motor_DutyToCompare) for Motor_DutyToCompare
    motor.o(i.Motor_Brake) refers to tim.o(.bss) for htim3
    motor.o(i.Motor_DutyToCompare) refers to tim.o(.bss) for htim3
    motor.o(i.Motor_Init) refers to motor.o(i.Motor_Stop) for Motor_Stop
    motor.o(i.Motor_Init) refers to motor.o(i.Motor_StartChannel) for Motor_StartChannel
    motor.o(i.Motor_SetDuty) refers to motor.o(i.Motor_LimitDuty) for Motor_LimitDuty
    motor.o(i.Motor_SetDuty) refers to motor.o(i.Motor_DutyToCompare) for Motor_DutyToCompare
    motor.o(i.Motor_SetDuty) refers to tim.o(.bss) for htim3
    motor.o(i.Motor_SetDutyWithDeadZone) refers to motor.o(i.Motor_ApplyDeadZone) for Motor_ApplyDeadZone
    motor.o(i.Motor_SetDutyWithDeadZone) refers to motor.o(i.Motor_SetDuty) for Motor_SetDuty
    motor.o(i.Motor_StartChannel) refers to stm32f1xx_hal_tim.o(i.HAL_TIM_PWM_Start) for HAL_TIM_PWM_Start
    motor.o(i.Motor_StartChannel) refers to tim.o(.bss) for htim3
    motor.o(i.Motor_Stop) refers to tim.o(.bss) for htim3
    mpu_app.o(i.MpuApp_AngleToFixed2) refers to fmul.o(x$fpl$fmul) for __aeabi_fmul
    mpu_app.o(i.MpuApp_AngleToFixed2) refers to faddsub_clz.o(x$fpl$fadd) for __aeabi_fadd
    mpu_app.o(i.MpuApp_AngleToFixed2) refers to faddsub_clz.o(x$fpl$fsub) for __aeabi_fsub
    mpu_app.o(i.MpuApp_AngleToFixed2) refers to ffix.o(x$fpl$ffix) for __aeabi_f2iz
    mpu_app.o(i.MpuApp_Init) refers to stm32_i2c.o(i.i2cInit) for i2cInit
    mpu_app.o(i.MpuApp_Init) refers to stm32f1xx_hal.o(i.HAL_Delay) for HAL_Delay
    mpu_app.o(i.MpuApp_Init) refers to mpu6050.o(i.MPU_init) for MPU_init
    mpu_app.o(i.MpuApp_Init) refers to noretval__2printf.o(.text) for __2printf
    mpu_app.o(i.MpuApp_Init) refers to mpu_app.o(.data) for .data
    mpu_app.o(i.MpuApp_PrintFixed2) refers to _printf_pad.o(.text) for _printf_pre_padding
    mpu_app.o(i.MpuApp_PrintFixed2) refers to _printf_percent.o(.ARM.Collect$$_printf_percent$$00000000) for _printf_percent
    mpu_app.o(i.MpuApp_PrintFixed2) refers to _printf_d.o(.ARM.Collect$$_printf_percent$$00000009) for _printf_d
    mpu_app.o(i.MpuApp_PrintFixed2) refers to _printf_dec.o(.text) for _printf_int_dec
    mpu_app.o(i.MpuApp_PrintFixed2) refers to noretval__2printf.o(.text) for __2printf
    mpu_app.o(i.MpuApp_Read) refers to mpu6050.o(i.MPU_getdata) for MPU_getdata
    mpu_app.o(i.MpuApp_Read) refers to mpu_app.o(.data) for .data
    mpu_app.o(i.MpuApp_Read) refers to mpu6050.o(.data) for fAX
    mpu_app.o(i.MpuApp_Task) refers to _printf_percent.o(.ARM.Collect$$_printf_percent$$00000000) for _printf_percent
    mpu_app.o(i.MpuApp_Task) refers to _printf_d.o(.ARM.Collect$$_printf_percent$$00000009) for _printf_d
    mpu_app.o(i.MpuApp_Task) refers to _printf_dec.o(.text) for _printf_int_dec
    mpu_app.o(i.MpuApp_Task) refers to stm32f1xx_hal.o(i.HAL_GetTick) for HAL_GetTick
[...]
    ../Drivers/STM32F1xx_HAL_Driver/Src/stm32f1xx_hal_tim_ex.c 0x00000000   Number         0  stm32f1xx_hal_tim_ex.o ABSOLUTE
    ../Drivers/STM32F1xx_HAL_Driver/Src/stm32f1xx_hal_uart.c 0x00000000   Number         0  stm32f1xx_hal_uart.o ABSOLUTE
    ../MPU6050/MPU6050.c                     0x00000000   Number         0  mpu6050.o ABSOLUTE
    ../MPU6050/STM32_I2C.c                   0x00000000   Number         0  stm32_i2c.o ABSOLUTE
    ../MPU6050/inv_mpu.c                     0x00000000   Number         0  inv_mpu.o ABSOLUTE
    ../MPU6050/inv_mpu_dmp_motion_driver.c   0x00000000   Number         0  inv_mpu_dmp_motion_driver.o ABSOLUTE
    ../clib/angel/boardlib.s                 0x00000000   Number         0  boardshut.o ABSOLUTE
    ../clib/angel/boardlib.s                 0x00000000   Number         0  boardinit1.o ABSOLUTE
    ../clib/angel/boardlib.s                 0x00000000   Number         0  boardinit2.o ABSOLUTE
    ../clib/angel/boardlib.s                 0x00000000   Number         0  boardinit3.o ABSOLUTE
    ../clib/angel/handlers.s                 0x00000000   Number         0  __scatter_copy.o ABSOLUTE
    ../clib/angel/handlers.s                 0x00000000   Number         0  __scatter_zi.o ABSOLUTE
    ../clib/angel/kernel.s                   0x00000000   Number         0  rtexit2.o ABSOLUTE
    ../clib/angel/kernel.s                   0x00000000   Number         0  rtexit.o ABSOLUTE
    ../clib/angel/kernel.s                   0x00000000   Number         0  __rtentry4.o ABSOLUTE
    ../clib/angel/kernel.s                   0x00000000   Number         0  __rtentry.o ABSOLUTE
    ../clib/angel/kernel.s                   0x00000000   Number         0  __rtentry2.o ABSOLUTE
    ../clib/angel/rt.s                       0x00000000   Number         0  rt_raise.o ABSOLUTE
    ../clib/angel/rt.s                       0x00000000   Number         0  aeabi_ldiv0_sigfpe.o ABSOLUTE
    ../clib/angel/rt.s                       0x00000000   Number         0  rt_errno_addr.o ABSOLUTE
    ../clib/angel/rt.s                       0x00000000   Number         0  rt_errno_addr_intlibspace.o ABSOLUTE
    ../clib/angel/rt.s                       0x00000000   Number         0  rt_div0.o ABSOLUTE
    ../clib/angel/rt.s                       0x00000000   Number         0  aeabi_ldiv0.o ABSOLUTE
    ../clib/angel/scatter.s                  0x00000000   Number         0  __scatter.o ABSOLUTE
    ../clib/angel/startup.s                  0x00000000   Number         0  __main.o ABSOLUTE
    ../clib/angel/sys.s                      0x00000000   Number         0  use_no_semi.o ABSOLUTE
    ../clib/angel/sys.s                      0x00000000   Number         0  use_no_semi_2.o ABSOLUTE
    ../clib/angel/sys.s                      0x00000000   Number         0  sys_stackheap_outer.o ABSOLUTE
    ../clib/angel/sys.s                      0x00000000   Number         0  indicate_semi.o ABSOLUTE
    ../clib/angel/sys.s                      0x00000000   Number         0  libspace.o ABSOLUTE
    ../clib/angel/sysapp.c                   0x00000000   Number         0  sys_command.o ABSOLUTE
    ../clib/angel/sysapp.c                   0x00000000   Number         0  sys_wrch.o ABSOLUTE
    ../clib/armsys.c                         0x00000000   Number         0  no_argv.o ABSOLUTE
    ../clib/armsys.c                         0x00000000   Number         0  _get_argv_nomalloc.o ABSOLUTE
    ../clib/armsys.c                         0x00000000   Number         0  argv_veneer.o ABSOLUTE
    ../clib/armsys.c                         0x00000000   Number         0  argv_veneer.o ABSOLUTE
    ../clib/fenv.c                           0x00000000   Number         0  _rserrno.o ABSOLUTE
    ../clib/heapalloc.c                      0x00000000   Number         0  hrguard.o ABSOLUTE
    ../clib/heapaux.c                        0x00000000   Number         0  heapauxi.o ABSOLUTE
    ../clib/libinit.s                        0x00000000   Number         0  libshutdown2.o ABSOLUTE
    ../clib/libinit.s                        0x00000000   Number         0  libinit2.o ABSOLUTE
    ../clib/libinit.s                        0x00000000   Number         0  libinit.o ABSOLUTE
    ../clib/libinit.s                        0x00000000   Number         0  libshutdown.o ABSOLUTE
    ../clib/longlong.s                       0x00000000   Number         0  llsdiv.o ABSOLUTE
    ../clib/longlong.s                       0x00000000   Number         0  llushr.o ABSOLUTE
    ../clib/longlong.s                       0x00000000   Number         0  lludivv7m.o ABSOLUTE
    ../clib/memcpset.s                       0x00000000   Number         0  rt_memclr_w.o ABSOLUTE
    ../clib/memcpset.s                       0x00000000   Number         0  aeabi_memset.o ABSOLUTE
    ../clib/memcpset.s                       0x00000000   Number         0  rt_memclr.o ABSOLUTE
    ../clib/misc.s                           0x00000000   Number         0  printf_stubs.o ABSOLUTE
    ../clib/printf.c                         0x00000000   Number         0  __2printf.o ABSOLUTE
    ../clib/printf.c                         0x00000000   Number         0  noretval__2printf.o ABSOLUTE
    ../clib/printf.c                         0x00000000   Number         0  __printf_nopercent.o ABSOLUTE
    ../clib/printf.c                         0x00000000   Number         0  __printf.o ABSOLUTE
    ../clib/printf.c                         0x00000000   Number         0  _printf_char_common.o ABSOLUTE
    ../clib/printf.c                         0x00000000   Number         0  _printf_intcommon.o ABSOLUTE
    ../clib/printf.c                         0x00000000   Number         0  _printf_char_file.o ABSOLUTE
    ../clib/printf.c                         0x00000000   Number         0  __printf_flags_ss_wp.o ABSOLUTE
    ../clib/printf.c                         0x00000000   Number         0  __printf_ss_wp.o ABSOLUTE
    ../clib/printf.c                         0x00000000   Number         0  __printf_flags_wp.o ABSOLUTE
    ../clib/printf.c                         0x00000000   Number         0  __printf_wp.o ABSOLUTE
    ../clib/printf.c                         0x00000000   Number         0  __printf_flags_ss.o ABSOLUTE
    ../clib/printf.c                         0x00000000   Number         0  __printf_ss.o ABSOLUTE
    ../clib/printf.c                         0x00000000   Number         0  __printf_flags.o ABSOLUTE
    ../clib/printf.c                         0x00000000   Number         0  _printf_dec.o ABSOLUTE
    ../clib/printf.c                         0x00000000   Number         0  _printf_pad.o ABSOLUTE
    ../clib/printf_percent.s                 0x00000000   Number         0  _printf_percent_end.o ABSOLUTE
    ../clib/printf_percent.s                 0x00000000   Number         0  _printf_d.o ABSOLUTE
    ../clib/printf_percent.s                 0x00000000   Number         0  _printf_percent.o ABSOLUTE
    ../clib/signal.c                         0x00000000   Number         0  __raise.o ABSOLUTE
    ../clib/signal.c                         0x00000000   Number         0  defsig_exit.o ABSOLUTE
    ../clib/signal.c                         0x00000000   Number         0  defsig_fpe_formal.o ABSOLUTE
    ../clib/signal.c                         0x00000000   Number         0  defsig_fpe_outer.o ABSOLUTE
    ../clib/signal.c                         0x00000000   Number         0  defsig_fpe_inner.o ABSOLUTE
    ../clib/signal.c                         0x00000000   Number         0  defsig_stak_inner.o ABSOLUTE
    ../clib/signal.c                         0x00000000   Number         0  defsig_other.o ABSOLUTE
    ../clib/signal.c                         0x00000000   Number         0  defsig_segv_inner.o ABSOLUTE
    ../clib/signal.c                         0x00000000   Number         0  defsig_cppl_inner.o ABSOLUTE
    ../clib/signal.c                         0x00000000   Number         0  defsig_pvfn_inner.o ABSOLUTE
    ../clib/signal.c                         0x00000000   Number         0  defsig_rtmem_inner.o ABSOLUTE
    ../clib/signal.c                         0x00000000   Number         0  defsig_rtred_inner.o ABSOLUTE
    ../clib/signal.c                         0x00000000   Number         0  defsig_abrt_inner.o ABSOLUTE
    ../clib/signal.c                         0x00000000   Number         0  defsig_rtmem_formal.o ABSOLUTE
    ../clib/signal.c                         0x00000000   Number         0  defsig_rtmem_outer.o ABSOLUTE
    ../clib/signal.c                         0x00000000   Number         0  defsig_general.o ABSOLUTE
    ../clib/signal.s                         0x00000000   Number         0  defsig.o ABSOLUTE
    ../clib/stdio.c                          0x00000000   Number         0  ferror.o ABSOLUTE
    ../clib/stdio.c                          0x00000000   Number         0  ferror_locked.o ABSOLUTE
    ../clib/stdlib.c                         0x00000000   Number         0  exit.o ABSOLUTE
    ../clib/string.c                         0x00000000   Number         0  memcmp.o ABSOLUTE
    ../fplib/d2f.s                           0x00000000   Number         0  d2f.o ABSOLUTE
    ../fplib/daddsub.s                       0x00000000   Number         0  daddsub_clz.o ABSOLUTE
    ../fplib/dcheck1.s                       0x00000000   Number         0  dcheck1.o ABSOLUTE
    ../fplib/dcmpi.s                         0x00000000   Number         0  dcmpi.o ABSOLUTE
    ../fplib/ddiv.s                          0x00000000   Number         0  ddiv.o ABSOLUTE
    ../fplib/deqf.s                          0x00000000   Number         0  deqf.o ABSOLUTE
    ../fplib/dflt.s                          0x00000000   Number         0  dflt_clz.o ABSOLUTE
    ../fplib/dleqf.s                         0x00000000   Number         0  dleqf.o ABSOLUTE
    ../fplib/dmul.s                          0x00000000   Number         0  dmul.o ABSOLUTE
    ../fplib/dnaninf.s                       0x00000000   Number         0  dnaninf.o ABSOLUTE
    ../fplib/dretinf.s                       0x00000000   Number         0  dretinf.o ABSOLUTE
    ../fplib/dsqrt.s                         0x00000000   Number         0  dsqrt_noumaal.o ABSOLUTE
    ../fplib/f2d.s                           0x00000000   Number         0  f2d.o ABSOLUTE
    ../fplib/faddsub.s                       0x00000000   Number         0  faddsub_clz.o ABSOLUTE
    ../fplib/fcheck1.s                       0x00000000   Number         0  fcheck1.o ABSOLUTE
    ../fplib/fdiv.s                          0x00000000   Number         0  fdiv.o ABSOLUTE
    ../fplib/ffix.s                          0x00000000   Number         0  ffix.o ABSOLUTE
    ../fplib/ffixu.s                         0x00000000   Number         0  ffixu.o ABSOLUTE
    ../fplib/fflt.s                          0x00000000   Number         0  fflt_clz.o ABSOLUTE
    ../fplib/fmul.s                          0x00000000   Number         0  fmul.o ABSOLUTE
    ../fplib/fnaninf.s                       0x00000000   Number         0  fnaninf.o ABSOLUTE
    ../fplib/fpinit.s                        0x00000000   Number         0  fpinit.o ABSOLUTE
    ../fplib/fretinf.s                       0x00000000   Number         0  fretinf.o ABSOLUTE
    ../fplib/retnan.s                        0x00000000   Number         0  retnan.o ABSOLUTE
    ../fplib/scalbn.s                        0x00000000   Number         0  scalbn.o ABSOLUTE
    ../fplib/scalbnf.s                       0x00000000   Number         0  scalbnf.o ABSOLUTE
    ../fplib/trapv.s                         0x00000000   Number         0  trapv.o ABSOLUTE
    ../fplib/usenofp.s                       0x00000000   Number         0  usenofp.o ABSOLUTE
    ../mathlib/asin.c                        0x00000000   Number         0  asin.o ABSOLUTE
    ../mathlib/asin.c                        0x00000000   Number         0  asin_x.o ABSOLUTE
    ../mathlib/atan.c                        0x00000000   Number         0  atan_x.o ABSOLUTE
    ../mathlib/atan.c                        0x00000000   Number         0  atan.o ABSOLUTE
    ../mathlib/atan2.c                       0x00000000   Number         0  atan2.o ABSOLUTE
    ../mathlib/atan2.c                       0x00000000   Number         0  atan2_x.o ABSOLUTE
    ../mathlib/dunder.c                      0x00000000   Number         0  dunder.o ABSOLUTE
    ../mathlib/fpclassify.c                  0x00000000   Number         0  fpclassify.o ABSOLUTE
    ../mathlib/poly.c                        0x00000000   Number         0  poly.o ABSOLUTE
    ../mathlib/qnan.c                        0x00000000   Number         0  qnan.o ABSOLUTE
    ../mathlib/sqrt.c                        0x00000000   Number         0  sqrt_x.o ABSOLUTE
    ../mathlib/sqrt.c                        0x00000000   Number         0  sqrt.o ABSOLUTE
    ..\Core\Src\encoder.c                    0x00000000   Number         0  encoder.o ABSOLUTE
    ..\Core\Src\gpio.c                       0x00000000   Number         0  gpio.o ABSOLUTE
    ..\Core\Src\main.c                       0x00000000   Number         0  main.o ABSOLUTE
    ..\Core\Src\motor.c                      0x00000000   Number         0  motor.o ABSOLUTE
    ..\Core\Src\mpu_app.c                    0x00000000   Number         0  mpu_app.o ABSOLUTE
    ..\Core\Src\speed_ctrl.c                 0x00000000   Number         0  speed_ctrl.o ABSOLUTE
    ..\Core\Src\stm32f1xx_hal_msp.c          0x00000000   Number         0  stm32f1xx_hal_msp.o ABSOLUTE
    ..\Core\Src\stm32f1xx_it.c               0x00000000   Number         0  stm32f1xx_it.o ABSOLUTE
    ..\Core\Src\system_stm32f1xx.c           0x00000000   Number         0  system_stm32f1xx.o ABSOLUTE
    ..\Core\Src\tim.c                        0x00000000   Number         0  tim.o ABSOLUTE
    ..\Core\Src\usart.c                      0x00000000   Number         0  usart.o ABSOLUTE
    ..\Drivers\STM32F1xx_HAL_Driver\Src\stm32f1xx_hal.c 0x00000000   Number         0  stm32f1xx_hal.o ABSOLUTE
    ..\Drivers\STM32F1xx_HAL_Driver\Src\stm32f1xx_hal_cortex.c 0x00000000   Number         0  stm32f1xx_hal_cortex.o ABSOLUTE
    ..\Drivers\STM32F1xx_HAL_Driver\Src\stm32f1xx_hal_dma.c 0x00000000   Number         0  stm32f1xx_hal_dma.o ABSOLUTE
    ..\Drivers\STM32F1xx_HAL_Driver\Src\stm32f1xx_hal_exti.c 0x00000000   Number         0  stm32f1xx_hal_exti.o ABSOLUTE
    ..\Drivers\STM32F1xx_HAL_Driver\Src\stm32f1xx_hal_flash.c 0x00000000   Number         0  stm32f1xx_hal_flash.o ABSOLUTE
    ..\Drivers\STM32F1xx_HAL_Driver\Src\stm32f1xx_hal_flash_ex.c 0x00000000   Number         0  stm32f1xx_hal_flash_ex.o ABSOLUTE
    ..\Drivers\STM32F1xx_HAL_Driver\Src\stm32f1xx_hal_gpio.c 0x00000000   Number         0  stm32f1xx_hal_gpio.o ABSOLUTE
    ..\Drivers\STM32F1xx_HAL_Driver\Src\stm32f1xx_hal_gpio_ex.c 0x00000000   Number         0  stm32f1xx_hal_gpio_ex.o ABSOLUTE
    ..\Drivers\STM32F1xx_HAL_Driver\Src\stm32f1xx_hal_pwr.c 0x00000000   Number         0  stm32f1xx_hal_pwr.o ABSOLUTE
    ..\Drivers\STM32F1xx_HAL_Driver\Src\stm32f1xx_hal_rcc.c 0x00000000   Number         0  stm32f1xx_hal_rcc.o ABSOLUTE
    ..\Drivers\STM32F1xx_HAL_Driver\Src\stm32f1xx_hal_rcc_ex.c 0x00000000   Number         0  stm32f1xx_hal_rcc_ex.o ABSOLUTE
    ..\Drivers\STM32F1xx_HAL_Driver\Src\stm32f1xx_hal_tim.c 0x00000000   Number         0  stm32f1xx_hal_tim.o ABSOLUTE
    ..\Drivers\STM32F1xx_HAL_Driver\Src\stm32f1xx_hal_tim_ex.c 0x00000000   Number         0  stm32f1xx_hal_tim_ex.o ABSOLUTE
    ..\Drivers\STM32F1xx_HAL_Driver\Src\stm32f1xx_hal_uart.c 0x00000000   Number         0  stm32f1xx_hal_uart.o ABSOLUTE
    ..\MPU6050\MPU6050.c                     0x00000000   Number         0  mpu6050.o ABSOLUTE
    ..\MPU6050\STM32_I2C.c                   0x00000000   Number         0  stm32_i2c.o ABSOLUTE
    ..\MPU6050\inv_mpu.c                     0x00000000   Number         0  inv_mpu.o ABSOLUTE
    ..\MPU6050\inv_mpu_dmp_motion_driver.c   0x00000000   Number         0  inv_mpu_dmp_motion_driver.o ABSOLUTE
    ..\OLED-Driver\oled.c                    0x00000000   Number         0  oled.o ABSOLUTE
    ..\\Core\\Src\\speed_ctrl.c              0x00000000   Number         0  speed_ctrl.o ABSOLUTE
    ..\\OLED-Driver\\oled.c                  0x00000000   Number         0  oled.o ABSOLUTE
    dc.s                                     0x00000000   Number         0  dc.o ABSOLUTE
    startup_stm32f103xe.s                    0x00000000   Number         0  startup_stm32f103xe.o ABSOLUTE
    RESET                                    0x08000000   Section      304  startup_stm32f103xe.o(RESET)
    !!!main                                  0x08000130   Section        8  __main.o(!!!main)
    !!!scatter                               0x08000138   Section       52  __scatter.o(!!!scatter)
    !!handler_copy                           0x0800016c   Section       26  __scatter_copy.o(!!handler_copy)
    !!handler_zi                             0x08000188   Section       28  __scatter_zi.o(!!handler_zi)
    .ARM.Collect$$_printf_percent$$00000000  0x080001a4   Section        0  _printf_percent.o(.ARM.Collect$$_printf_percent$$00000000)
    .ARM.Collect$$_printf_percent$$00000009  0x080001a4   Section        6  _printf_d.o(.ARM.Collect$$_printf_percent$$00000009)
    .ARM.Collect$$_printf_percent$$00000017  0x080001aa   Section        4  _printf_percent_end.o(.ARM.Collect$$_printf_percent$$00000017)
    .ARM.Collect$$libinit$$00000000          0x080001ae   Section        2  libinit.o(.ARM.Collect$$libinit$$00000000)
    .ARM.Collect$$libinit$$00000002          0x080001b0   Section        0  libinit2.o(.ARM.Collect$$libinit$$00000002)
    .ARM.Collect$$libinit$$00000004          0x080001b0   Section        0  libinit2.o(.ARM.Collect$$libinit$$00000004)
    .ARM.Collect$$libinit$$0000000A          0x080001b0   Section        0  libinit2.o(.ARM.Collect$$libinit$$0000000A)
    .ARM.Collect$$libinit$$0000000C          0x080001b0   Section        0  libinit2.o(.ARM.Collect$$libinit$$0000000C)
    .ARM.Collect$$libinit$$0000000E          0x080001b0   Section        0  libinit2.o(.ARM.Collect$$libinit$$0000000E)
    .ARM.Collect$$libinit$$00000011          0x080001b0   Section        0  libinit2.o(.ARM.Collect$$libinit$$00000011)
    .ARM.Collect$$libinit$$00000013          0x080001b0   Section        0  libinit2.o(.ARM.Collect$$libinit$$00000013)
    .ARM.Collect$$libinit$$00000015          0x080001b0   Section        0  libinit2.o(.ARM.Collect$$libinit$$00000015)
    .ARM.Collect$$libinit$$00000017          0x080001b0   Section        0  libinit2.o(.ARM.Collect$$libinit$$00000017)
    .ARM.Collect$$libinit$$00000019          0x080001b0   Section        0  libinit2.o(.ARM.Collect$$libinit$$00000019)
    .ARM.Collect$$libinit$$0000001B          0x080001b0   Section        0  libinit2.o(.ARM.Collect$$libinit$$0000001B)
    .ARM.Collect$$libinit$$0000001D          0x080001b0   Section        0  libinit2.o(.ARM.Collect$$libinit$$0000001D)
    .ARM.Collect$$libinit$$0000001F          0x080001b0   Section        0  libinit2.o(.ARM.Collect$$libinit$$0000001F)
    .ARM.Collect$$libinit$$00000021          0x080001b0   Section        0  libinit2.o(.ARM.Collect$$libinit$$00000021)
    .ARM.Collect$$libinit$$00000023          0x080001b0   Section        0  libinit2.o(.ARM.Collect$$libinit$$00000023)
    .ARM.Collect$$libinit$$00000025          0x080001b0   Section        0  libinit2.o(.ARM.Collect$$libinit$$00000025)
    .ARM.Collect$$libinit$$0000002C          0x080001b0   Section        0  libinit2.o(.ARM.Collect$$libinit$$0000002C)
    .ARM.Collect$$libinit$$0000002E          0x080001b0   Section        0  libinit2.o(.ARM.Collect$$libinit$$0000002E)
    .ARM.Collect$$libinit$$00000030          0x080001b0   Section        0  libinit2.o(.ARM.Collect$$libinit$$00000030)
    .ARM.Collect$$libinit$$00000032          0x080001b0   Section        0  libinit2.o(.ARM.Collect$$libinit$$00000032)
    .ARM.Collect$$libinit$$00000033          0x080001b0   Section        2  libinit2.o(.ARM.Collect$$libinit$$00000033)
    .ARM.Collect$$libshutdown$$00000000      0x080001b2   Section        2  libshutdown.o(.ARM.Collect$$libshutdown$$00000000)
    .ARM.Collect$$libshutdown$$00000002      0x080001b4   Section        0  libshutdown2.o(.ARM.Collect$$libshutdown$$00000002)
    .ARM.Collect$$libshutdown$$00000004      0x080001b4   Section        0  libshutdown2.o(.ARM.Collect$$libshutdown$$00000004)
    .ARM.Collect$$libshutdown$$00000006      0x080001b4   Section        0  libshutdown2.o(.ARM.Collect$$libshutdown$$00000006)
    .ARM.Collect$$libshutdown$$00000009      0x080001b4   Section        0  libshutdown2.o(.ARM.Collect$$libshutdown$$00000009)
    .ARM.Collect$$libshutdown$$0000000C      0x080001b4   Section        0  libshutdown2.o(.ARM.Collect$$libshutdown$$0000000C)
    .ARM.Collect$$libshutdown$$0000000E      0x080001b4   Section        0  libshutdown2.o(.ARM.Collect$$libshutdown$$0000000E)
    .ARM.Collect$$libshutdown$$00000011      0x080001b4   Section        0  libshutdown2.o(.ARM.Collect$$libshutdown$$00000011)
    .ARM.Collect$$libshutdown$$00000012      0x080001b4   Section        2  libshutdown2.o(.ARM.Collect$$libshutdown$$00000012)
    .ARM.Collect$$rtentry$$00000000          0x080001b6   Section        0  __rtentry.o(.ARM.Collect$$rtentry$$00000000)
    .ARM.Collect$$rtentry$$00000002          0x080001b6   Section        0  __rtentry2.o(.ARM.Collect$$rtentry$$00000002)
    .ARM.Collect$$rtentry$$00000004          0x080001b6   Section        6  __rtentry4.o(.ARM.Collect$$rtentry$$00000004)
    .ARM.Collect$$rtentry$$00000009          0x080001bc   Section        0  __rtentry2.o(.ARM.Collect$$rtentry$$00000009)
    .ARM.Collect$$rtentry$$0000000A          0x080001bc   Section        4  __rtentry2.o(.ARM.Collect$$rtentry$$0000000A)
    .ARM.Collect$$rtentry$$0000000C          0x080001c0   Section        0  __rtentry2.o(.ARM.Collect$$rtentry$$0000000C)
    .ARM.Collect$$rtentry$$0000000D          0x080001c0   Section        8  __rtentry2.o(.ARM.Collect$$rtentry$$0000000D)
    .ARM.Collect$$rtexit$$00000000           0x080001c8   Section        2  rtexit.o(.ARM.Collect$$rtexit$$00000000)
    .ARM.Collect$$rtexit$$00000002           0x080001ca   Section        0  rtexit2.o(.ARM.Collect$$rtexit$$00000002)
    .ARM.Collect$$rtexit$$00000003           0x080001ca   Section        4  rtexit2.o(.ARM.Collect$$rtexit$$00000003)
    .ARM.Collect$$rtexit$$00000004           0x080001ce   Section        6  rtexit2.o(.ARM.Collect$$rtexit$$00000004)
    .text                                    0x080001d4   Section       64  startup_stm32f103xe.o(.text)
    .text                                    0x08000214   Section        2  use_no_semi_2.o(.text)
    .text                                    0x08000216   Section       72  llsdiv.o(.text)
    .text                                    0x08000260   Section        0  noretval__2printf.o(.text)
    .text                                    0x08000278   Section        0  _printf_dec.o(.text)
    .text                                    0x080002f0   Section        0  __printf_flags_ss_wp.o(.text)
    .text                                    0x08000478   Section       78  rt_memclr_w.o(.text)
    .text                                    0x080004c6   Section        0  heapauxi.o(.text)
    .text                                    0x080004cc   Section        2  use_no_semi.o(.text)
    .text                                    0x080004ce   Section      238  lludivv7m.o(.text)
    .text                                    0x080005bc   Section        0  _printf_intcommon.o(.text)
    .text                                    0x08000670   Section        0  _printf_char_file.o(.text)
    .text                                    0x08000694   Section        0  _printf_char_common.o(.text)
    _printf_input_char                       0x08000695   Thumb Code    10  _printf_char_common.o(.text)
    .text                                    0x080006c4   Section        0  ferror.o(.text)
    .text                                    0x080006cc   Section        8  libspace.o(.text)
    .text                                    0x080006d4   Section       74  sys_stackheap_outer.o(.text)
    .text                                    0x0800071e   Section        0  exit.o(.text)
    i.BusFault_Handler                       0x08000730   Section        0  stm32f1xx_it.o(i.BusFault_Handler)
    i.DebugMon_Handler                       0x08000732   Section        0  stm32f1xx_it.o(i.DebugMon_Handler)
    i.Encoder_DivideRounded                  0x08000734   Section        0  encoder.o(i.Encoder_DivideRounded)
    Encoder_DivideRounded                    0x08000735   Thumb Code    74  encoder.o(i.Encoder_DivideRounded)
    i.Encoder_GetLeftSpeedMmSX100            0x08000780   Section        0  encoder.o(i.Encoder_GetLeftSpeedMmSX100)
    i.Encoder_GetRightSpeedMmSX100           0x0800078c   Section        0  encoder.o(i.Encoder_GetRightSpeedMmSX100)
    i.Encoder_Init                           0x08000798   Section        0  encoder.o(i.Encoder_Init)
    i.Encoder_Reset                          0x080007b8   Section        0  encoder.o(i.Encoder_Reset)
    i.Encoder_ResetChannel                   0x080007dc   Section        0  encoder.o(i.Encoder_ResetChannel)
    Encoder_ResetChannel                     0x080007dd   Thumb Code    18  encoder.o(i.Encoder_ResetChannel)
    i.Encoder_StartTimer                     0x080007ee   Section        0  encoder.o(i.Encoder_StartTimer)
    Encoder_StartTimer                       0x080007ef   Thumb Code    22  encoder.o(i.Encoder_StartTimer)
    i.Encoder_Task                           0x08000804   Section        0  encoder.o(i.Encoder_Task)
    i.Encoder_UpdateChannel                  0x08000844   Section        0  encoder.o(i.Encoder_UpdateChannel)
    Encoder_UpdateChannel                    0x08000845   Thumb Code    80  encoder.o(i.Encoder_UpdateChannel)
    i.Error_Handler                          0x0800089c   Section        0  main.o(i.Error_Handler)
    i.HAL_Delay                              0x080008a0   Section        0  stm32f1xx_hal.o(i.HAL_Delay)
    i.HAL_GPIO_Init                          0x080008c4   Section        0  stm32f1xx_hal_gpio.o(i.HAL_GPIO_Init)
    i.HAL_GPIO_WritePin                      0x08000abc   Section        0  stm32f1xx_hal_gpio.o(i.HAL_GPIO_WritePin)
    i.HAL_GetTick                            0x08000ac8   Section        0  stm32f1xx_hal.o(i.HAL_GetTick)
    i.HAL_IncTick                            0x08000ad4   Section        0  stm32f1xx_hal.o(i.HAL_IncTick)
    i.HAL_Init                               0x08000ae4   Section        0  stm32f1xx_hal.o(i.HAL_Init)
    i.HAL_InitTick                           0x08000b08   Section        0  stm32f1xx_hal.o(i.HAL_InitTick)
    i.HAL_MspInit                            0x08000b48   Section        0  stm32f1xx_hal_msp.o(i.HAL_MspInit)
    i.HAL_NVIC_SetPriority                   0x08000b84   Section        0  stm32f1xx_hal_cortex.o(i.HAL_NVIC_SetPriority)
    i.HAL_NVIC_SetPriorityGrouping           0x08000bc4   Section        0  stm32f1xx_hal_cortex.o(i.HAL_NVIC_SetPriorityGrouping)
    i.HAL_RCC_ClockConfig                    0x08000be8   Section        0  stm32f1xx_hal_rcc.o(i.HAL_RCC_ClockConfig)
    i.HAL_RCC_GetPCLK1Freq                   0x08000d14   Section        0  stm32f1xx_hal_rcc.o(i.HAL_RCC_GetPCLK1Freq)
    i.HAL_RCC_GetPCLK2Freq                   0x08000d34   Section        0  stm32f1xx_hal_rcc.o(i.HAL_RCC_GetPCLK2Freq)
    i.HAL_RCC_GetSysClockFreq                0x08000d54   Section        0  stm32f1xx_hal_rcc.o(i.HAL_RCC_GetSysClockFreq)
    i.HAL_RCC_OscConfig                      0x08000da0   Section        0  stm32f1xx_hal_rcc.o(i.HAL_RCC_OscConfig)
    i.HAL_SYSTICK_Config                     0x080010c0   Section        0  stm32f1xx_hal_cortex.o(i.HAL_SYSTICK_Config)
    i.HAL_TIMEx_MasterConfigSynchronization  0x080010e8   Section        0  stm32f1xx_hal_tim_ex.o(i.HAL_TIMEx_MasterConfigSynchronization)
    i.HAL_TIM_Encoder_Init                   0x08001164   Section        0  stm32f1xx_hal_tim.o(i.HAL_TIM_Encoder_Init)
    i.HAL_TIM_Encoder_MspInit                0x08001208   Section        0  tim.o(i.HAL_TIM_Encoder_MspInit)
    i.HAL_TIM_Encoder_Start                  0x08001294   Section        0  stm32f1xx_hal_tim.o(i.HAL_TIM_Encoder_Start)
    i.HAL_TIM_MspPostInit                    0x08001324   Section        0  tim.o(i.HAL_TIM_MspPostInit)
    i.HAL_TIM_PWM_ConfigChannel              0x08001394   Section        0  stm32f1xx_hal_tim.o(i.HAL_TIM_PWM_ConfigChannel)
    i.HAL_TIM_PWM_Init                       0x08001460   Section        0  stm32f1xx_hal_tim.o(i.HAL_TIM_PWM_Init)
    i.HAL_TIM_PWM_MspInit                    0x080014bc   Section        0  tim.o(i.HAL_TIM_PWM_MspInit)
    i.HAL_TIM_PWM_Start                      0x080014e4   Section        0  stm32f1xx_hal_tim.o(i.HAL_TIM_PWM_Start)
    i.HAL_UART_Init                          0x08001598   Section        0  stm32f1xx_hal_uart.o(i.HAL_UART_Init)
    i.HAL_UART_MspInit                       0x080015fc   Section        0  usart.o(i.HAL_UART_MspInit)
    i.HAL_UART_Transmit                      0x0800166c   Section        0  stm32f1xx_hal_uart.o(i.HAL_UART_Transmit)
    i.HardFault_Handler                      0x0800170c   Section        0  stm32f1xx_it.o(i.HardFault_Handler)
    i.MX_GPIO_Init                           0x08001710   Section        0  gpio.o(i.MX_GPIO_Init)
    i.MX_TIM3_Init                           0x080017b8   Section        0  tim.o(i.MX_TIM3_Init)
    i.MX_TIM4_Init                           0x08001858   Section        0  tim.o(i.MX_TIM4_Init)
    i.MX_TIM8_Init                           0x080018c4   Section        0  tim.o(i.MX_TIM8_Init)
    i.MX_USART1_UART_Init                    0x08001930   Section        0  usart.o(i.MX_USART1_UART_Init)
    i.MemManage_Handler                      0x08001968   Section        0  stm32f1xx_it.o(i.MemManage_Handler)
    i.Motor_DutyToCompare                    0x0800196c   Section        0  motor.o(i.Motor_DutyToCompare)
    Motor_DutyToCompare                      0x0800196d   Thumb Code    28  motor.o(i.Motor_DutyToCompare)
    i.Motor_Init                             0x0800198c   Section        0  motor.o(i.Motor_Init)
    i.Motor_LimitDuty                        0x080019c2   Section        0  motor.o(i.Motor_LimitDuty)
    Motor_LimitDuty                          0x080019c3   Thumb Code    20  motor.o(i.Motor_LimitDuty)
    i.Motor_SetDuty                          0x080019d8   Section        0  motor.o(i.Motor_SetDuty)
    i.Motor_StartChannel                     0x08001a4c   Section        0  motor.o(i.Motor_StartChannel)
    Motor_StartChannel                       0x08001a4d   Thumb Code     8  motor.o(i.Motor_StartChannel)
    i.Motor_Stop                             0x08001a58   Section        0  motor.o(i.Motor_Stop)
    i.NMI_Handler                            0x08001a74   Section        0  stm32f1xx_it.o(i.NMI_Handler)
    i.OLED_Clear                             0x08001a78   Section        0  oled.o(i.OLED_Clear)
    i.OLED_DrawPoint                         0x08001aa4   Section        0  oled.o(i.OLED_DrawPoint)
    i.OLED_Init                              0x08001ae0   Section        0  oled.o(i.OLED_Init)
    i.OLED_Refresh_Gram                      0x08001bd4   Section        0  oled.o(i.OLED_Refresh_Gram)
    i.OLED_ShowChar                          0x08001c20   Section        0  oled.o(i.OLED_ShowChar)
    i.OLED_ShowNumber                        0x08001cb0   Section        0  oled.o(i.OLED_ShowNumber)
    i.OLED_ShowString                        0x08001d28   Section        0  oled.o(i.OLED_ShowString)
    i.OLED_WR_Byte                           0x08001d68   Section        0  oled.o(i.OLED_WR_Byte)
    i.PendSV_Handler                         0x08001dd4   Section        0  stm32f1xx_it.o(i.PendSV_Handler)
    i.SVC_Handler                            0x08001dd6   Section        0  stm32f1xx_it.o(i.SVC_Handler)
    i.SpeedCtrl_Init                         0x08001dd8   Section        0  speed_ctrl.o(i.SpeedCtrl_Init)
    i.SpeedCtrl_ReportVofa                   0x08001dfc   Section        0  speed_ctrl.o(i.SpeedCtrl_ReportVofa)
    SpeedCtrl_ReportVofa                     0x08001dfd   Thumb Code    78  speed_ctrl.o(i.SpeedCtrl_ReportVofa)
    i.SpeedCtrl_RoundX100ToInteger           0x08001e6c   Section        0  speed_ctrl.o(i.SpeedCtrl_RoundX100ToInteger)
    SpeedCtrl_RoundX100ToInteger             0x08001e6d   Thumb Code    18  speed_ctrl.o(i.SpeedCtrl_RoundX100ToInteger)
    i.SpeedCtrl_SetTarget                    0x08001e80   Section        0  speed_ctrl.o(i.SpeedCtrl_SetTarget)
    i.SpeedCtrl_Task                         0x08001e98   Section        0  speed_ctrl.o(i.SpeedCtrl_Task)
    i.SpeedPI_Init                           0x08001ef8   Section        0  speed_ctrl.o(i.SpeedPI_Init)
    SpeedPI_Init                             0x08001ef9   Thumb Code    22  speed_ctrl.o(i.SpeedPI_Init)
    i.SpeedPI_Update                         0x08001f0e   Section        0  speed_ctrl.o(i.SpeedPI_Update)
    SpeedPI_Update                           0x08001f0f   Thumb Code    60  speed_ctrl.o(i.SpeedPI_Update)
    i.SysTick_Handler                        0x08001f4a   Section        0  stm32f1xx_it.o(i.SysTick_Handler)
    i.SystemClock_Config                     0x08001f4e   Section        0  main.o(i.SystemClock_Config)
    i.SystemInit                             0x08001fac   Section        0  system_stm32f1xx.o(i.SystemInit)
    i.TIM_Base_SetConfig                     0x08001fb0   Section        0  stm32f1xx_hal_tim.o(i.TIM_Base_SetConfig)
    i.TIM_CCxChannelCmd                      0x0800204c   Section        0  stm32f1xx_hal_tim.o(i.TIM_CCxChannelCmd)
    i.TIM_OC1_SetConfig                      0x08002068   Section        0  stm32f1xx_hal_tim.o(i.TIM_OC1_SetConfig)
    TIM_OC1_SetConfig                        0x08002069   Thumb Code    88  stm32f1xx_hal_tim.o(i.TIM_OC1_SetConfig)
    i.TIM_OC2_SetConfig                      0x080020c8   Section        0  stm32f1xx_hal_tim.o(i.TIM_OC2_SetConfig)
    i.TIM_OC3_SetConfig                      0x08002134   Section        0  stm32f1xx_hal_tim.o(i.TIM_OC3_SetConfig)
    TIM_OC3_SetConfig                        0x08002135   Thumb Code    96  stm32f1xx_hal_tim.o(i.TIM_OC3_SetConfig)
    i.TIM_OC4_SetConfig                      0x0800219c   Section        0  stm32f1xx_hal_tim.o(i.TIM_OC4_SetConfig)
    TIM_OC4_SetConfig                        0x0800219d   Thumb Code    70  stm32f1xx_hal_tim.o(i.TIM_OC4_SetConfig)
    i.UART_EndRxTransfer                     0x080021ec   Section        0  stm32f1xx_hal_uart.o(i.UART_EndRxTransfer)
    UART_EndRxTransfer                       0x080021ed   Thumb Code    78  stm32f1xx_hal_uart.o(i.UART_EndRxTransfer)
    i.UART_SetConfig                         0x0800223c   Section        0  stm32f1xx_hal_uart.o(i.UART_SetConfig)
    UART_SetConfig                           0x0800223d   Thumb Code   178  stm32f1xx_hal_uart.o(i.UART_SetConfig)
    i.UART_WaitOnFlagUntilTimeout            0x080022f4   Section        0  stm32f1xx_hal_uart.o(i.UART_WaitOnFlagUntilTimeout)
    UART_WaitOnFlagUntilTimeout              0x080022f5   Thumb Code   114  stm32f1xx_hal_uart.o(i.UART_WaitOnFlagUntilTimeout)
    i.UsageFault_Handler                     0x08002366   Section        0  stm32f1xx_it.o(i.UsageFault_Handler)
    i.__NVIC_SetPriority                     0x08002368   Section        0  stm32f1xx_hal_cortex.o(i.__NVIC_SetPriority)
    __NVIC_SetPriority                       0x08002369   Thumb Code    32  stm32f1xx_hal_cortex.o(i.__NVIC_SetPriority)
    i._is_digit                              0x08002388   Section        0  __printf_wp.o(i._is_digit)
    i._sys_exit                              0x08002396   Section        0  usart.o(i._sys_exit)
    i.fputc                                  0x08002398   Section        0  usart.o(i.fputc)
    i.main                                   0x080023b8   Section        0  main.o(i.main)
    i.oled_pow                               0x0800242c   Section        0  oled.o(i.oled_pow)
    .constdata                               0x0800243c   Section       18  stm32f1xx_hal_rcc.o(.constdata)
    aPredivFactorTable                       0x0800243c   Data           2  stm32f1xx_hal_rcc.o(.constdata)
    aPLLMULFactorTable                       0x0800243e   Data          16  stm32f1xx_hal_rcc.o(.constdata)
    .constdata                               0x0800244e   Section       16  system_stm32f1xx.o(.constdata)
    .constdata                               0x0800245e   Section        8  system_stm32f1xx.o(.constdata)
    .constdata                               0x08002466   Section     2660  oled.o(.constdata)
    .constdata                               0x08002eca   Section       17  __printf_flags_ss_wp.o(.constdata)
    maptable                                 0x08002eca   Data          17  __printf_flags_ss_wp.o(.constdata)
    .data                                    0x20000000   Section       56  encoder.o(.data)
    encoder_last_sample_ms                   0x20000000   Data           4  encoder.o(.data)
    encoder_last_report_ms                   0x20000004   Data           4  encoder.o(.data)
    encoder_left                             0x20000008   Data          24  encoder.o(.data)
    encoder_right                            0x20000020   Data          24  encoder.o(.data)
    .data                                    0x20000038   Section        8  speed_ctrl.o(.data)
    speed_ctrl_last_ms                       0x20000038   Data           4  speed_ctrl.o(.data)
    speed_ctrl_last_report_ms                0x2000003c   Data           4  speed_ctrl.o(.data)
    .data                                    0x20000040   Section        4  usart.o(.data)
    .data                                    0x20000044   Section       12  stm32f1xx_hal.o(.data)
    .data                                    0x20000050   Section        4  system_stm32f1xx.o(.data)
    .bss                                     0x20000054   Section       56  speed_ctrl.o(.bss)
    left_pi                                  0x20000054   Data          28  speed_ctrl.o(.bss)
    right_pi                                 0x20000070   Data          28  speed_ctrl.o(.bss)
    .bss                                     0x2000008c   Section      216  tim.o(.bss)
    .bss                                     0x20000164   Section       72  usart.o(.bss)
    .bss                                     0x200001ac   Section     1024  oled.o(.bss)
    .bss                                     0x200005ac   Section       96  libspace.o(.bss)
    HEAP                                     0x20000610   Section      512  startup_stm32f103xe.o(HEAP)
    Heap_Mem                                 0x20000610   Data         512  startup_stm32f103xe.o(HEAP)
    STACK                                    0x20000810   Section     1024  startup_stm32f103xe.o(STACK)
    Stack_Mem                                0x20000810   Data        1024  startup_stm32f103xe.o(STACK)
    __initial_sp                             0x20000c10   Data           0  startup_stm32f103xe.o(STACK)

    Global Symbols

    Symbol Name                              Value     Ov Type        Size  Object(Section)

    BuildAttributes$$THM_ISAv4$P$D$K$B$S$PE$A:L22UL41UL21$X:L11$S22US41US21$IEEE1$IW$USESV6$~STKCKD$USESV7$~SHL$OTIME$ROPI$IEEEX$EBA8$UX$STANDARDLIB$REQ8$PRES8$EABIv2 0x00000000   Number         0  anon$$obj.o ABSOLUTE
    __ARM_use_no_argv                        0x00000000   Number         0  main.o ABSOLUTE
    _printf_flags                            0x00000000   Number         0  printf_stubs.o ABSOLUTE
    _printf_return_value                     0x00000000   Number         0  printf_stubs.o ABSOLUTE
    _printf_sizespec                         0x00000000   Number         0  printf_stubs.o ABSOLUTE
    _printf_widthprec                        0x00000000   Number         0  printf_stubs.o ABSOLUTE
    __ARM_exceptions_init                     - Undefined Weak Reference
    __alloca_initialize                       - Undefined Weak Reference
    __arm_fini_                               - Undefined Weak Reference
    __arm_preinit_                            - Undefined Weak Reference
    __cpp_initialize__aeabi_                  - Undefined Weak Reference
    __cxa_finalize                            - Undefined Weak Reference
    __rt_locale                               - Undefined Weak Reference
    __sigvec_lookup                           - Undefined Weak Reference
    _atexit_init                              - Undefined Weak Reference
    _call_atexit_fns                          - Undefined Weak Reference
    _clock_init                               - Undefined Weak Reference
    _fp_trap_init                             - Undefined Weak Reference
    _fp_trap_shutdown                         - Undefined Weak Reference
    _get_lc_collate                           - Undefined Weak Reference
    _get_lc_ctype                             - Undefined Weak Reference
    _get_lc_monetary                          - Undefined Weak Reference
    _get_lc_numeric                           - Undefined Weak Reference
    _get_lc_time                              - Undefined Weak Reference
    _getenv_init                              - Undefined Weak Reference
    _handle_redirection                       - Undefined Weak Reference
    _init_alloc                               - Undefined Weak Reference
    _init_user_alloc                          - Undefined Weak Reference
    _initio                                   - Undefined Weak Reference
    _mutex_acquire                            - Undefined Weak Reference
    _mutex_release                            - Undefined Weak Reference
    _printf_truncate_signed                   - Undefined Weak Reference
    _printf_truncate_unsigned                 - Undefined Weak Reference
    _rand_init                                - Undefined Weak Reference
    _signal_finish                            - Undefined Weak Reference
    _signal_init                              - Undefined Weak Reference
    _terminate_alloc                          - Undefined Weak Reference
    _terminate_user_alloc                     - Undefined Weak Reference
    _terminateio                              - Undefined Weak Reference
    __Vectors_Size                           0x00000130   Number         0  startup_stm32f103xe.o ABSOLUTE
    __Vectors                                0x08000000   Data           4  startup_stm32f103xe.o(RESET)
    __Vectors_End                            0x08000130   Data           0  startup_stm32f103xe.o(RESET)
    __main                                   0x08000131   Thumb Code     8  __main.o(!!!main)
    __scatterload                            0x08000139   Thumb Code     0  __scatter.o(!!!scatter)
    __scatterload_rt2                        0x08000139   Thumb Code    44  __scatter.o(!!!scatter)
    __scatterload_rt2_thumb_only             0x08000139   Thumb Code     0  __scatter.o(!!!scatter)
    __scatterload_null                       0x08000147   Thumb Code     0  __scatter.o(!!!scatter)
    __scatterload_copy                       0x0800016d   Thumb Code    26  __scatter_copy.o(!!handler_copy)
    __scatterload_zeroinit                   0x08000189   Thumb Code    28  __scatter_zi.o(!!handler_zi)
    _printf_d                                0x080001a5   Thumb Code     0  _printf_d.o(.ARM.Collect$$_printf_percent$$00000009)
    _printf_percent                          0x080001a5   Thumb Code     0  _printf_percent.o(.ARM.Collect$$_printf_percent$$00000000)
    _printf_percent_end                      0x080001ab   Thumb Code     0  _printf_percent_end.o(.ARM.Collect$$_printf_percent$$00000017)
    __rt_lib_init                            0x080001af   Thumb Code     0  libinit.o(.ARM.Collect$$libinit$$00000000)
    __rt_lib_init_alloca_1                   0x080001b1   Thumb Code     0  libinit2.o(.ARM.Collect$$libinit$$0000002E)
    __rt_lib_init_argv_1                     0x080001b1   Thumb Code     0  libinit2.o(.ARM.Collect$$libinit$$0000002C)
    __rt_lib_init_atexit_1                   0x080001b1   Thumb Code     0  libinit2.o(.ARM.Collect$$libinit$$0000001B)
    __rt_lib_init_clock_1                    0x080001b1   Thumb Code     0  libinit2.o(.ARM.Collect$$libinit$$00000021)
    __rt_lib_init_cpp_1                      0x080001b1   Thumb Code     0  libinit2.o(.ARM.Collect$$libinit$$00000032)
    __rt_lib_init_exceptions_1               0x080001b1   Thumb Code     0  libinit2.o(.ARM.Collect$$libinit$$00000030)
    __rt_lib_init_fp_1                       0x080001b1   Thumb Code     0  libinit2.o(.ARM.Collect$$libinit$$00000002)
    __rt_lib_init_fp_trap_1                  0x080001b1   Thumb Code     0  libinit2.o(.ARM.Collect$$libinit$$0000001F)
    __rt_lib_init_getenv_1                   0x080001b1   Thumb Code     0  libinit2.o(.ARM.Collect$$libinit$$00000023)
    __rt_lib_init_heap_1                     0x080001b1   Thumb Code     0  libinit2.o(.ARM.Collect$$libinit$$0000000A)
    __rt_lib_init_lc_collate_1               0x080001b1   Thumb Code     0  libinit2.o(.ARM.Collect$$libinit$$00000011)
    __rt_lib_init_lc_ctype_1                 0x080001b1   Thumb Code     0  libinit2.o(.ARM.Collect$$libinit$$00000013)
    __rt_lib_init_lc_monetary_1              0x080001b1   Thumb Code     0  libinit2.o(.ARM.Collect$$libinit$$00000015)
    __rt_lib_init_lc_numeric_1               0x080001b1   Thumb Code     0  libinit2.o(.ARM.Collect$$libinit$$00000017)
    __rt_lib_init_lc_time_1                  0x080001b1   Thumb Code     0  libinit2.o(.ARM.Collect$$libinit$$00000019)
    __rt_lib_init_preinit_1                  0x080001b1   Thumb Code     0  libinit2.o(.ARM.Collect$$libinit$$00000004)
    __rt_lib_init_rand_1                     0x080001b1   Thumb Code     0  libinit2.o(.ARM.Collect$$libinit$$0000000E)
    __rt_lib_init_return                     0x080001b1   Thumb Code     0  libinit2.o(.ARM.Collect$$libinit$$00000033)
    __rt_lib_init_signal_1                   0x080001b1   Thumb Code     0  libinit2.o(.ARM.Collect$$libinit$$0000001D)
    __rt_lib_init_stdio_1                    0x080001b1   Thumb Code     0  libinit2.o(.ARM.Collect$$libinit$$00000025)
    __rt_lib_init_user_alloc_1               0x080001b1   Thumb Code     0  libinit2.o(.ARM.Collect$$libinit$$0000000C)
    __rt_lib_shutdown                        0x080001b3   Thumb Code     0  libshutdown.o(.ARM.Collect$$libshutdown$$00000000)
    __rt_lib_shutdown_cpp_1                  0x080001b5   Thumb Code     0  libshutdown2.o(.ARM.Collect$$libshutdown$$00000004)
    __rt_lib_shutdown_fini_1                 0x080001b5   Thumb Code     0  libshutdown2.o(.ARM.Collect$$libshutdown$$00000002)
    __rt_lib_shutdown_fp_trap_1              0x080001b5   Thumb Code     0  libshutdown2.o(.ARM.Collect$$libshutdown$$00000009)
    __rt_lib_shutdown_heap_1                 0x080001b5   Thumb Code     0  libshutdown2.o(.ARM.Collect$$libshutdown$$00000011)
    __rt_lib_shutdown_return                 0x080001b5   Thumb Code     0  libshutdown2.o(.ARM.Collect$$libshutdown$$00000012)
    __rt_lib_shutdown_signal_1               0x080001b5   Thumb Code     0  libshutdown2.o(.ARM.Collect$$libshutdown$$0000000C)
    __rt_lib_shutdown_stdio_1                0x080001b5   Thumb Code     0  libshutdown2.o(.ARM.Collect$$libshutdown$$00000006)
    __rt_lib_shutdown_user_alloc_1           0x080001b5   Thumb Code     0  libshutdown2.o(.ARM.Collect$$libshutdown$$0000000E)
    __rt_entry                               0x080001b7   Thumb Code     0  __rtentry.o(.ARM.Collect$$rtentry$$00000000)
    __rt_entry_presh_1                       0x080001b7   Thumb Code     0  __rtentry2.o(.ARM.Collect$$rtentry$$00000002)
    __rt_entry_sh                            0x080001b7   Thumb Code     0  __rtentry4.o(.ARM.Collect$$rtentry$$00000004)
    __rt_entry_li                            0x080001bd   Thumb Code     0  __rtentry2.o(.ARM.Collect$$rtentry$$0000000A)
    __rt_entry_postsh_1                      0x080001bd   Thumb Code     0  __rtentry2.o(.ARM.Collect$$rtentry$$00000009)
    __rt_entry_main                          0x080001c1   Thumb Code     0  __rtentry2.o(.ARM.Collect$$rtentry$$0000000D)
    __rt_entry_postli_1                      0x080001c1   Thumb Code     0  __rtentry2.o(.ARM.Collect$$rtentry$$0000000C)
    __rt_exit                                0x080001c9   Thumb Code     0  rtexit.o(.ARM.Collect$$rtexit$$00000000)
    __rt_exit_ls                             0x080001cb   Thumb Code     0  rtexit2.o(.ARM.Collect$$rtexit$$00000003)
    __rt_exit_prels_1                        0x080001cb   Thumb Code     0  rtexit2.o(.ARM.Collect$$rtexit$$00000002)
    __rt_exit_exit                           0x080001cf   Thumb Code     0  rtexit2.o(.ARM.Collect$$rtexit$$00000004)
    Reset_Handler                            0x080001d5   Thumb Code     8  startup_stm32f103xe.o(.text)
    ADC1_2_IRQHandler                        0x080001ef   Thumb Code     0  startup_stm32f103xe.o(.text)
    ADC3_IRQHandler                          0x080001ef   Thumb Code     0  startup_stm32f103xe.o(.text)
    CAN1_RX1_IRQHandler                      0x080001ef   Thumb Code     0  startup_stm32f103xe.o(.text)
    CAN1_SCE_IRQHandler                      0x080001ef   Thumb Code     0  startup_stm32f103xe.o(.text)
    DMA1_Channel1_IRQHandler                 0x080001ef   Thumb Code     0  startup_stm32f103xe.o(.text)
    DMA1_Channel2_IRQHandler                 0x080001ef   Thumb Code     0  startup_stm32f103xe.o(.text)
    DMA1_Channel3_IRQHandler                 0x080001ef   Thumb Code     0  startup_stm32f103xe.o(.text)
    DMA1_Channel4_IRQHandler                 0x080001ef   Thumb Code     0  startup_stm32f103xe.o(.text)
    DMA1_Channel5_IRQHandler                 0x080001ef   Thumb Code     0  startup_stm32f103xe.o(.text)
    DMA1_Channel6_IRQHandler                 0x080001ef   Thumb Code     0  startup_stm32f103xe.o(.text)
    DMA1_Channel7_IRQHandler                 0x080001ef   Thumb Code     0  startup_stm32f103xe.o(.text)
    DMA2_Channel1_IRQHandler                 0x080001ef   Thumb Code     0  startup_stm32f103xe.o(.text)
    DMA2_Channel2_IRQHandler                 0x080001ef   Thumb Code     0  startup_stm32f103xe.o(.text)
    DMA2_Channel3_IRQHandler                 0x080001ef   Thumb Code     0  startup_stm32f103xe.o(.text)
    DMA2_Channel4_5_IRQHandler               0x080001ef   Thumb Code     0  startup_stm32f103xe.o(.text)
    EXTI0_IRQHandler                         0x080001ef   Thumb Code     0  startup_stm32f103xe.o(.text)
    EXTI15_10_IRQHandler                     0x080001ef   Thumb Code     0  startup_stm32f103xe.o(.text)
    EXTI1_IRQHandler                         0x080001ef   Thumb Code     0  startup_stm32f103xe.o(.text)
    EXTI2_IRQHandler                         0x080001ef   Thumb Code     0  startup_stm32f103xe.o(.text)
    EXTI3_IRQHandler                         0x080001ef   Thumb Code     0  startup_stm32f103xe.o(.text)
    EXTI4_IRQHandler                         0x080001ef   Thumb Code     0  startup_stm32f103xe.o(.text)
    EXTI9_5_IRQHandler                       0x080001ef   Thumb Code     0  startup_stm32f103xe.o(.text)
    FLASH_IRQHandler                         0x080001ef   Thumb Code     0  startup_stm32f103xe.o(.text)
    FSMC_IRQHandler                          0x080001ef   Thumb Code     0  startup_stm32f103xe.o(.text)
    I2C1_ER_IRQHandler                       0x080001ef   Thumb Code     0  startup_stm32f103xe.o(.text)
    I2C1_EV_IRQHandler                       0x080001ef   Thumb Code     0  startup_stm32f103xe.o(.text)
    I2C2_ER_IRQHandler                       0x080001ef   Thumb Code     0  startup_stm32f103xe.o(.text)
    I2C2_EV_IRQHandler                       0x080001ef   Thumb Code     0  startup_stm32f103xe.o(.text)
    PVD_IRQHandler                           0x080001ef   Thumb Code     0  startup_stm32f103xe.o(.text)
    RCC_IRQHandler                           0x080001ef   Thumb Code     0  startup_stm32f103xe.o(.text)
    RTC_Alarm_IRQHandler                     0x080001ef   Thumb Code     0  startup_stm32f103xe.o(.text)
    RTC_IRQHandler                           0x080001ef   Thumb Code     0  startup_stm32f103xe.o(.text)
    SDIO_IRQHandler                          0x080001ef   Thumb Code     0  startup_stm32f103xe.o(.text)
    SPI1_IRQHandler                          0x080001ef   Thumb Code     0  startup_stm32f103xe.o(.text)
    SPI2_IRQHandler                          0x080001ef   Thumb Code     0  startup_stm32f103xe.o(.text)
    SPI3_IRQHandler                          0x080001ef   Thumb Code     0  startup_stm32f103xe.o(.text)
    TAMPER_IRQHandler                        0x080001ef   Thumb Code     0  startup_stm32f103xe.o(.text)
    TIM1_BRK_IRQHandler                      0x080001ef   Thumb Code     0  startup_stm32f103xe.o(.text)
    TIM1_CC_IRQHandler                       0x080001ef   Thumb Code     0  startup_stm32f103xe.o(.text)
    TIM1_TRG_COM_IRQHandler                  0x080001ef   Thumb Code     0  startup_stm32f103xe.o(.text)
    TIM1_UP_IRQHandler                       0x080001ef   Thumb Code     0  startup_stm32f103xe.o(.text)
    TIM2_IRQHandler                          0x080001ef   Thumb Code     0  startup_stm32f103xe.o(.text)
    TIM3_IRQHandler                          0x080001ef   Thumb Code     0  startup_stm32f103xe.o(.text)
    TIM4_IRQHandler                          0x080001ef   Thumb Code     0  startup_stm32f103xe.o(.text)
    TIM5_IRQHandler                          0x080001ef   Thumb Code     0  startup_stm32f103xe.o(.text)
    TIM6_IRQHandler                          0x080001ef   Thumb Code     0  startup_stm32f103xe.o(.text)
    TIM7_IRQHandler                          0x080001ef   Thumb Code     0  startup_stm32f103xe.o(.text)
    TIM8_BRK_IRQHandler                      0x080001ef   Thumb Code     0  startup_stm32f103xe.o(.text)
    TIM8_CC_IRQHandler                       0x080001ef   Thumb Code     0  startup_stm32f103xe.o(.text)
    TIM8_TRG_COM_IRQHandler                  0x080001ef   Thumb Code     0  startup_stm32f103xe.o(.text)
    TIM8_UP_IRQHandler                       0x080001ef   Thumb Code     0  startup_stm32f103xe.o(.text)
    UART4_IRQHandler                         0x080001ef   Thumb Code     0  startup_stm32f103xe.o(.text)
    UART5_IRQHandler                         0x080001ef   Thumb Code     0  startup_stm32f103xe.o(.text)
    USART1_IRQHandler                        0x080001ef   Thumb Code     0  startup_stm32f103xe.o(.text)
    USART2_IRQHandler                        0x080001ef   Thumb Code     0  startup_stm32f103xe.o(.text)
    USART3_IRQHandler                        0x080001ef   Thumb Code     0  startup_stm32f103xe.o(.text)
    USBWakeUp_IRQHandler                     0x080001ef   Thumb Code     0  startup_stm32f103xe.o(.text)
    USB_HP_CAN1_TX_IRQHandler                0x080001ef   Thumb Code     0  startup_stm32f103xe.o(.text)
    USB_LP_CAN1_RX0_IRQHandler               0x080001ef   Thumb Code     0  startup_stm32f103xe.o(.text)
    WWDG_IRQHandler                          0x080001ef   Thumb Code     0  startup_stm32f103xe.o(.text)
    __user_initial_stackheap                 0x080001f1   Thumb Code     0  startup_stm32f103xe.o(.text)
    __use_no_semihosting                     0x08000215   Thumb Code     2  use_no_semi_2.o(.text)
    __aeabi_ldivmod                          0x08000217   Thumb Code     0  llsdiv.o(.text)
    _ll_sdiv                                 0x08000217   Thumb Code    72  llsdiv.o(.text)
    __2printf                                0x08000261   Thumb Code    20  noretval__2printf.o(.text)
    _printf_int_dec                          0x08000279   Thumb Code   104  _printf_dec.o(.text)
    __printf                                 0x080002f1   Thumb Code   388  __printf_flags_ss_wp.o(.text)
    __aeabi_memclr4                          0x08000479   Thumb Code     0  rt_memclr_w.o(.text)
    __aeabi_memclr8                          0x08000479   Thumb Code     0  rt_memclr_w.o(.text)
    __rt_memclr_w                            0x08000479   Thumb Code    78  rt_memclr_w.o(.text)
    _memset_w                                0x0800047d   Thumb Code     0  rt_memclr_w.o(.text)
    __use_two_region_memory                  0x080004c7   Thumb Code     2  heapauxi.o(.text)
    __rt_heap_escrow$2region                 0x080004c9   Thumb Code     2  heapauxi.o(.text)
    __rt_heap_expand$2region                 0x080004cb   Thumb Code     2  heapauxi.o(.text)
    __I$use$semihosting                      0x080004cd   Thumb Code     0  use_no_semi.o(.text)
    __use_no_semihosting_swi                 0x080004cd   Thumb Code     2  use_no_semi.o(.text)
    __aeabi_uldivmod                         0x080004cf   Thumb Code     0  lludivv7m.o(.text)
    _ll_udiv                                 0x080004cf   Thumb Code   238  lludivv7m.o(.text)
    _printf_int_common                       0x080005bd   Thumb Code   178  _printf_intcommon.o(.text)
    _printf_char_file                        0x08000671   Thumb Code    32  _printf_char_file.o(.text)
    _printf_char_common                      0x0800069f   Thumb Code    32  _printf_char_common.o(.text)
    ferror                                   0x080006c5   Thumb Code     8  ferror.o(.text)
    __user_libspace                          0x080006cd   Thumb Code     8  libspace.o(.text)
    __user_perproc_libspace                  0x080006cd   Thumb Code     0  libspace.o(.text)
    __user_perthread_libspace                0x080006cd   Thumb Code     0  libspace.o(.text)
    __user_setup_stackheap                   0x080006d5   Thumb Code    74  sys_stackheap_outer.o(.text)
    exit                                     0x0800071f   Thumb Code    18  exit.o(.text)
    BusFault_Handler                         0x08000731   Thumb Code     2  stm32f1xx_it.o(i.BusFault_Handler)
    DebugMon_Handler                         0x08000733   Thumb Code     2  stm32f1xx_it.o(i.DebugMon_Handler)
    Encoder_GetLeftSpeedMmSX100              0x08000781   Thumb Code     6  encoder.o(i.Encoder_GetLeftSpeedMmSX100)
    Encoder_GetRightSpeedMmSX100             0x0800078d   Thumb Code     6  encoder.o(i.Encoder_GetRightSpeedMmSX100)
    Encoder_Init                             0x08000799   Thumb Code    22  encoder.o(i.Encoder_Init)
    Encoder_Reset                            0x080007b9   Thumb Code    30  encoder.o(i.Encoder_Reset)
    Encoder_Task                             0x08000805   Thumb Code    58  encoder.o(i.Encoder_Task)
    Error_Handler                            0x0800089d   Thumb Code     4  main.o(i.Error_Handler)
    HAL_Delay                                0x080008a1   Thumb Code    32  stm32f1xx_hal.o(i.HAL_Delay)
    HAL_GPIO_Init                            0x080008c5   Thumb Code   462  stm32f1xx_hal_gpio.o(i.HAL_GPIO_Init)
    HAL_GPIO_WritePin                        0x08000abd   Thumb Code    10  stm32f1xx_hal_gpio.o(i.HAL_GPIO_WritePin)
    HAL_GetTick                              0x08000ac9   Thumb Code     6  stm32f1xx_hal.o(i.HAL_GetTick)
    HAL_IncTick                              0x08000ad5   Thumb Code    12  stm32f1xx_hal.o(i.HAL_IncTick)
    HAL_Init                                 0x08000ae5   Thumb Code    32  stm32f1xx_hal.o(i.HAL_Init)
    HAL_InitTick                             0x08000b09   Thumb Code    54  stm32f1xx_hal.o(i.HAL_InitTick)
    HAL_MspInit                              0x08000b49   Thumb Code    52  stm32f1xx_hal_msp.o(i.HAL_MspInit)
    HAL_NVIC_SetPriority                     0x08000b85   Thumb Code    60  stm32f1xx_hal_cortex.o(i.HAL_NVIC_SetPriority)
    HAL_NVIC_SetPriorityGrouping             0x08000bc5   Thumb Code    26  stm32f1xx_hal_cortex.o(i.HAL_NVIC_SetPriorityGrouping)
    HAL_RCC_ClockConfig                      0x08000be9   Thumb Code   280  stm32f1xx_hal_rcc.o(i.HAL_RCC_ClockConfig)
    HAL_RCC_GetPCLK1Freq                     0x08000d15   Thumb Code    20  stm32f1xx_hal_rcc.o(i.HAL_RCC_GetPCLK1Freq)
    HAL_RCC_GetPCLK2Freq                     0x08000d35   Thumb Code    20  stm32f1xx_hal_rcc.o(i.HAL_RCC_GetPCLK2Freq)
    HAL_RCC_GetSysClockFreq                  0x08000d55   Thumb Code    58  stm32f1xx_hal_rcc.o(i.HAL_RCC_GetSysClockFreq)
    HAL_RCC_OscConfig                        0x08000da1   Thumb Code   778  stm32f1xx_hal_rcc.o(i.HAL_RCC_OscConfig)
    HAL_SYSTICK_Config                       0x080010c1   Thumb Code    40  stm32f1xx_hal_cortex.o(i.HAL_SYSTICK_Config)
    HAL_TIMEx_MasterConfigSynchronization    0x080010e9   Thumb Code   104  stm32f1xx_hal_tim_ex.o(i.HAL_TIMEx_MasterConfigSynchronization)
    HAL_TIM_Encoder_Init                     0x08001165   Thumb Code   164  stm32f1xx_hal_tim.o(i.HAL_TIM_Encoder_Init)
    HAL_TIM_Encoder_MspInit                  0x08001209   Thumb Code   118  tim.o(i.HAL_TIM_Encoder_MspInit)
    HAL_TIM_Encoder_Start                    0x08001295   Thumb Code   142  stm32f1xx_hal_tim.o(i.HAL_TIM_Encoder_Start)
    HAL_TIM_MspPostInit                      0x08001325   Thumb Code    94  tim.o(i.HAL_TIM_MspPostInit)
    HAL_TIM_PWM_ConfigChannel                0x08001395   Thumb Code   204  stm32f1xx_hal_tim.o(i.HAL_TIM_PWM_ConfigChannel)
    HAL_TIM_PWM_Init                         0x08001461   Thumb Code    90  stm32f1xx_hal_tim.o(i.HAL_TIM_PWM_Init)
    HAL_TIM_PWM_MspInit                      0x080014bd   Thumb Code    30  tim.o(i.HAL_TIM_PWM_MspInit)
    HAL_TIM_PWM_Start                        0x080014e5   Thumb Code   160  stm32f1xx_hal_tim.o(i.HAL_TIM_PWM_Start)
    HAL_UART_Init                            0x08001599   Thumb Code   100  stm32f1xx_hal_uart.o(i.HAL_UART_Init)
    HAL_UART_MspInit                         0x080015fd   Thumb Code   100  usart.o(i.HAL_UART_MspInit)
    HAL_UART_Transmit                        0x0800166d   Thumb Code   160  stm32f1xx_hal_uart.o(i.HAL_UART_Transmit)
    HardFault_Handler                        0x0800170d   Thumb Code     2  stm32f1xx_it.o(i.HardFault_Handler)
    MX_GPIO_Init                             0x08001711   Thumb Code   156  gpio.o(i.MX_GPIO_Init)
    MX_TIM3_Init                             0x080017b9   Thumb Code   150  tim.o(i.MX_TIM3_Init)
    MX_TIM4_Init                             0x08001859   Thumb Code    98  tim.o(i.MX_TIM4_Init)
    MX_TIM8_Init                             0x080018c5   Thumb Code   100  tim.o(i.MX_TIM8_Init)
    MX_USART1_UART_Init                      0x08001931   Thumb Code    48  usart.o(i.MX_USART1_UART_Init)
    MemManage_Handler                        0x08001969   Thumb Code     2  stm32f1xx_it.o(i.MemManage_Handler)
    Motor_Init                               0x0800198d   Thumb Code    54  motor.o(i.Motor_Init)
    Motor_SetDuty                            0x080019d9   Thumb Code   112  motor.o(i.Motor_SetDuty)
    Motor_Stop                               0x08001a59   Thumb Code    22  motor.o(i.Motor_Stop)
    NMI_Handler                              0x08001a75   Thumb Code     2  stm32f1xx_it.o(i.NMI_Handler)
    OLED_Clear                               0x08001a79   Thumb Code    40  oled.o(i.OLED_Clear)
    OLED_DrawPoint                           0x08001aa5   Thumb Code    54  oled.o(i.OLED_DrawPoint)
    OLED_Init                                0x08001ae1   Thumb Code   238  oled.o(i.OLED_Init)
    OLED_Refresh_Gram                        0x08001bd5   Thumb Code    70  oled.o(i.OLED_Refresh_Gram)
    OLED_ShowChar                            0x08001c21   Thumb Code   134  oled.o(i.OLED_ShowChar)
    OLED_ShowNumber                          0x08001cb1   Thumb Code   120  oled.o(i.OLED_ShowNumber)
    OLED_ShowString                          0x08001d29   Thumb Code    62  oled.o(i.OLED_ShowString)
    OLED_WR_Byte                             0x08001d69   Thumb Code    98  oled.o(i.OLED_WR_Byte)
    PendSV_Handler                           0x08001dd5   Thumb Code     2  stm32f1xx_it.o(i.PendSV_Handler)
    SVC_Handler                              0x08001dd7   Thumb Code     2  stm32f1xx_it.o(i.SVC_Handler)
    SpeedCtrl_Init                           0x08001dd9   Thumb Code    28  speed_ctrl.o(i.SpeedCtrl_Init)
    SpeedCtrl_SetTarget                      0x08001e81   Thumb Code    20  speed_ctrl.o(i.SpeedCtrl_SetTarget)
    SpeedCtrl_Task                           0x08001e99   Thumb Code    86  speed_ctrl.o(i.SpeedCtrl_Task)
    SysTick_Handler                          0x08001f4b   Thumb Code     4  stm32f1xx_it.o(i.SysTick_Handler)
    SystemClock_Config                       0x08001f4f   Thumb Code    94  main.o(i.SystemClock_Config)
    SystemInit                               0x08001fad   Thumb Code     2  system_stm32f1xx.o(i.SystemInit)
    TIM_Base_SetConfig                       0x08001fb1   Thumb Code   134  stm32f1xx_hal_tim.o(i.TIM_Base_SetConfig)
    TIM_CCxChannelCmd                        0x0800204d   Thumb Code    26  stm32f1xx_hal_tim.o(i.TIM_CCxChannelCmd)
    TIM_OC2_SetConfig                        0x080020c9   Thumb Code    98  stm32f1xx_hal_tim.o(i.TIM_OC2_SetConfig)
    UsageFault_Handler                       0x08002367   Thumb Code     2  stm32f1xx_it.o(i.UsageFault_Handler)
    _is_digit                                0x08002389   Thumb Code    14  __printf_wp.o(i._is_digit)
    _sys_exit                                0x08002397   Thumb Code     2  usart.o(i._sys_exit)
    fputc                                    0x08002399   Thumb Code    26  usart.o(i.fputc)
    main                                     0x080023b9   Thumb Code   108  main.o(i.main)
    oled_pow                                 0x0800242d   Thumb Code    16  oled.o(i.oled_pow)
    AHBPrescTable                            0x0800244e   Data          16  system_stm32f1xx.o(.constdata)
    APBPrescTable                            0x0800245e   Data           8  system_stm32f1xx.o(.constdata)
    oled_asc2_1206                           0x08002466   Data        1140  oled.o(.constdata)
    oled_asc2_1608                           0x080028da   Data        1520  oled.o(.constdata)
    Region$$Table$$Base                      0x08002edc   Number         0  anon$$obj.o(Region$$Table)
    Region$$Table$$Limit                     0x08002efc   Number         0  anon$$obj.o(Region$$Table)
    __stdout                                 0x20000040   Data           4  usart.o(.data)
    uwTickFreq                               0x20000044   Data           1  stm32f1xx_hal.o(.data)
    uwTickPrio                               0x20000048   Data           4  stm32f1xx_hal.o(.data)
    uwTick                                   0x2000004c   Data           4  stm32f1xx_hal.o(.data)
    SystemCoreClock                          0x20000050   Data           4  system_stm32f1xx.o(.data)
    htim3                                    0x2000008c   Data          72  tim.o(.bss)
    htim4                                    0x200000d4   Data          72  tim.o(.bss)
    htim8                                    0x2000011c   Data          72  tim.o(.bss)
    huart1                                   0x20000164   Data          72  usart.o(.bss)
    OLED_GRAM                                0x200001ac   Data        1024  oled.o(.bss)
    __libspace_start                         0x200005ac   Data          96  libspace.o(.bss)
    __temporary_stack_top$libspace           0x2000060c   Data           0  libspace.o(.bss)



==============================================================================

Memory Map of the image

  Image Entry point : 0x08000131

  Load Region LR_IROM1 (Base: 0x08000000, Size: 0x00002f50, Max: 0x00040000, ABSOLUTE)

    Execution Region ER_IROM1 (Exec base: 0x08000000, Load base: 0x08000000, Size: 0x00002efc, Max: 0x00040000, ABSOLUTE)

    Exec Addr    Load Addr    Size         Type   Attr      Idx    E Section Name        Object

    0x08000000   0x08000000   0x00000130   Data   RO            3    RESET               startup_stm32f103xe.o
    0x08000130   0x08000130   0x00000008   Code   RO         3930  * !!!main             c_w.l(__main.o)
    0x08000138   0x08000138   0x00000034   Code   RO         4253    !!!scatter          c_w.l(__scatter.o)
    0x0800016c   0x0800016c   0x0000001a   Code   RO         4255    !!handler_copy      c_w.l(__scatter_copy.o)
    0x08000186   0x08000186   0x00000002   PAD
    0x08000188   0x08000188   0x0000001c   Code   RO         4257    !!handler_zi        c_w.l(__scatter_zi.o)
    0x080001a4   0x080001a4   0x00000000   Code   RO         3921    .ARM.Collect$$_printf_percent$$00000000  c_w.l(_printf_percent.o)
    0x080001a4   0x080001a4   0x00000006   Code   RO         3920    .ARM.Collect$$_printf_percent$$00000009  c_w.l(_printf_d.o)
    0x080001aa   0x080001aa   0x00000004   Code   RO         4011    .ARM.Collect$$_printf_percent$$00000017  c_w.l(_printf_percent_end.o)
    0x080001ae   0x080001ae   0x00000002   Code   RO         4122    .ARM.Collect$$libinit$$00000000  c_w.l(libinit.o)
    0x080001b0   0x080001b0   0x00000000   Code   RO         4132    .ARM.Collect$$libinit$$00000002  c_w.l(libinit2.o)
    0x080001b0   0x080001b0   0x00000000   Code   RO         4134    .ARM.Collect$$libinit$$00000004  c_w.l(libinit2.o)
    0x080001b0   0x080001b0   0x00000000   Code   RO         4137    .ARM.Collect$$libinit$$0000000A  c_w.l(libinit2.o)
    0x080001b0   0x080001b0   0x00000000   Code   RO         4139    .ARM.Collect$$libinit$$0000000C  c_w.l(libinit2.o)
    0x080001b0   0x080001b0   0x00000000   Code   RO         4141    .ARM.Collect$$libinit$$0000000E  c_w.l(libinit2.o)
    0x080001b0   0x080001b0   0x00000000   Code   RO         4144    .ARM.Collect$$libinit$$00000011  c_w.l(libinit2.o)
    0x080001b0   0x080001b0   0x00000000   Code   RO         4146    .ARM.Collect$$libinit$$00000013  c_w.l(libinit2.o)
    0x080001b0   0x080001b0   0x00000000   Code   RO         4148    .ARM.Collect$$libinit$$00000015  c_w.l(libinit2.o)
    0x080001b0   0x080001b0   0x00000000   Code   RO         4150    .ARM.Collect$$libinit$$00000017  c_w.l(libinit2.o)
    0x080001b0   0x080001b0   0x00000000   Code   RO         4152    .ARM.Collect$$libinit$$00000019  c_w.l(libinit2.o)
    0x080001b0   0x080001b0   0x00000000   Code   RO         4154    .ARM.Collect$$libinit$$0000001B  c_w.l(libinit2.o)
    0x080001b0   0x080001b0   0x00000000   Code   RO         4156    .ARM.Collect$$libinit$$0000001D  c_w.l(libinit2.o)
    0x080001b0   0x080001b0   0x00000000   Code   RO         4158    .ARM.Collect$$libinit$$0000001F  c_w.l(libinit2.o)
    0x080001b0   0x080001b0   0x00000000   Code   RO         4160    .ARM.Collect$$libinit$$00000021  c_w.l(libinit2.o)
    0x080001b0   0x080001b0   0x00000000   Code   RO         4162    .ARM.Collect$$libinit$$00000023  c_w.l(libinit2.o)
    0x080001b0   0x080001b0   0x00000000   Code   RO         4164    .ARM.Collect$$libinit$$00000025  c_w.l(libinit2.o)
    0x080001b0   0x080001b0   0x00000000   Code   RO         4168    .ARM.Collect$$libinit$$0000002C  c_w.l(libinit2.o)
    0x080001b0   0x080001b0   0x00000000   Code   RO         4170    .ARM.Collect$$libinit$$0000002E  c_w.l(libinit2.o)
    0x080001b0   0x080001b0   0x00000000   Code   RO         4172    .ARM.Collect$$libinit$$00000030  c_w.l(libinit2.o)
    0x080001b0   0x080001b0   0x00000000   Code   RO         4174    .ARM.Collect$$libinit$$00000032  c_w.l(libinit2.o)
    0x080001b0   0x080001b0   0x00000002   Code   RO         4175    .ARM.Collect$$libinit$$00000033  c_w.l(libinit2.o)
    0x080001b2   0x080001b2   0x00000002   Code   RO         4203    .ARM.Collect$$libshutdown$$00000000  c_w.l(libshutdown.o)
    0x080001b4   0x080001b4   0x00000000   Code   RO         4217    .ARM.Collect$$libshutdown$$00000002  c_w.l(libshutdown2.o)
    0x080001b4   0x080001b4   0x00000000   Code   RO         4219    .ARM.Collect$$libshutdown$$00000004  c_w.l(libshutdown2.o)
    0x080001b4   0x080001b4   0x00000000   Code   RO         4221    .ARM.Collect$$libshutdown$$00000006  c_w.l(libshutdown2.o)
    0x080001b4   0x080001b4   0x00000000   Code   RO         4224    .ARM.Collect$$libshutdown$$00000009  c_w.l(libshutdown2.o)
    0x080001b4   0x080001b4   0x00000000   Code   RO         4227    .ARM.Collect$$libshutdown$$0000000C  c_w.l(libshutdown2.o)
    0x080001b4   0x080001b4   0x00000000   Code   RO         4229    .ARM.Collect$$libshutdown$$0000000E  c_w.l(libshutdown2.o)
    0x080001b4   0x080001b4   0x00000000   Code   RO         4232    .ARM.Collect$$libshutdown$$00000011  c_w.l(libshutdown2.o)
    0x080001b4   0x080001b4   0x00000002   Code   RO         4233    .ARM.Collect$$libshutdown$$00000012  c_w.l(libshutdown2.o)
    0x080001b6   0x080001b6   0x00000000   Code   RO         4002    .ARM.Collect$$rtentry$$00000000  c_w.l(__rtentry.o)
    0x080001b6   0x080001b6   0x00000000   Code   RO         4067    .ARM.Collect$$rtentry$$00000002  c_w.l(__rtentry2.o)
    0x080001b6   0x080001b6   0x00000006   Code   RO         4079    .ARM.Collect$$rtentry$$00000004  c_w.l(__rtentry4.o)
    0x080001bc   0x080001bc   0x00000000   Code   RO         4069    .ARM.Collect$$rtentry$$00000009  c_w.l(__rtentry2.o)
    0x080001bc   0x080001bc   0x00000004   Code   RO         4070    .ARM.Collect$$rtentry$$0000000A  c_w.l(__rtentry2.o)
    0x080001c0   0x080001c0   0x00000000   Code   RO         4072    .ARM.Collect$$rtentry$$0000000C  c_w.l(__rtentry2.o)
    0x080001c0   0x080001c0   0x00000008   Code   RO         4073    .ARM.Collect$$rtentry$$0000000D  c_w.l(__rtentry2.o)
    0x080001c8   0x080001c8   0x00000002   Code   RO         4125    .ARM.Collect$$rtexit$$00000000  c_w.l(rtexit.o)
    0x080001ca   0x080001ca   0x00000000   Code   RO         4177    .ARM.Collect$$rtexit$$00000002  c_w.l(rtexit2.o)
    0x080001ca   0x080001ca   0x00000004   Code   RO         4178    .ARM.Collect$$rtexit$$00000003  c_w.l(rtexit2.o)
    0x080001ce   0x080001ce   0x00000006   Code   RO         4179    .ARM.Collect$$rtexit$$00000004  c_w.l(rtexit2.o)
    0x080001d4   0x080001d4   0x00000040   Code   RO            4    .text               startup_stm32f103xe.o
    0x08000214   0x08000214   0x00000002   Code   RO         3884    .text               c_w.l(use_no_semi_2.o)
    0x08000216   0x08000216   0x00000048   Code   RO         3888    .text               c_w.l(llsdiv.o)
    0x0800025e   0x0800025e   0x00000002   PAD
    0x08000260   0x08000260   0x00000018   Code   RO         3892    .text               c_w.l(noretval__2printf.o)
    0x08000278   0x08000278   0x00000078   Code   RO         3898    .text               c_w.l(_printf_dec.o)
    0x080002f0   0x080002f0   0x00000188   Code   RO         3917    .text               c_w.l(__printf_flags_ss_wp.o)
    0x08000478   0x08000478   0x0000004e   Code   RO         3926    .text               c_w.l(rt_memclr_w.o)
    0x080004c6   0x080004c6   0x00000006   Code   RO         3928    .text               c_w.l(heapauxi.o)
    0x080004cc   0x080004cc   0x00000002   Code   RO         4000    .text               c_w.l(use_no_semi.o)
    0x080004ce   0x080004ce   0x000000ee   Code   RO         4003    .text               c_w.l(lludivv7m.o)
    0x080005bc   0x080005bc   0x000000b2   Code   RO         4007    .text               c_w.l(_printf_intcommon.o)
    0x0800066e   0x0800066e   0x00000002   PAD
    0x08000670   0x08000670   0x00000024   Code   RO         4009    .text               c_w.l(_printf_char_file.o)
    0x08000694   0x08000694   0x00000030   Code   RO         4090    .text               c_w.l(_printf_char_common.o)
    0x080006c4   0x080006c4   0x00000008   Code   RO         4092    .text               c_w.l(ferror.o)
    0x080006cc   0x080006cc   0x00000008   Code   RO         4106    .text               c_w.l(libspace.o)
    0x080006d4   0x080006d4   0x0000004a   Code   RO         4109    .text               c_w.l(sys_stackheap_outer.o)
    0x0800071e   0x0800071e   0x00000012   Code   RO         4115    .text               c_w.l(exit.o)
    0x08000730   0x08000730   0x00000002   Code   RO          634    i.BusFault_Handler  stm32f1xx_it.o
    0x08000732   0x08000732   0x00000002   Code   RO          635    i.DebugMon_Handler  stm32f1xx_it.o
    0x08000734   0x08000734   0x0000004a   Code   RO          244    i.Encoder_DivideRounded  encoder.o
    0x0800077e   0x0800077e   0x00000002   PAD
    0x08000780   0x08000780   0x0000000c   Code   RO          248    i.Encoder_GetLeftSpeedMmSX100  encoder.o
    0x0800078c   0x0800078c   0x0000000c   Code   RO          252    i.Encoder_GetRightSpeedMmSX100  encoder.o
    0x08000798   0x08000798   0x00000020   Code   RO          254    i.Encoder_Init      encoder.o
    0x080007b8   0x080007b8   0x00000024   Code   RO          255    i.Encoder_Reset     encoder.o
    0x080007dc   0x080007dc   0x00000012   Code   RO          256    i.Encoder_ResetChannel  encoder.o
    0x080007ee   0x080007ee   0x00000016   Code   RO          258    i.Encoder_StartTimer  encoder.o
    0x08000804   0x08000804   0x00000040   Code   RO          259    i.Encoder_Task      encoder.o
    0x08000844   0x08000844   0x00000058   Code   RO          260    i.Encoder_UpdateChannel  encoder.o
    0x0800089c   0x0800089c   0x00000004   Code   RO          432    i.Error_Handler     main.o
    0x080008a0   0x080008a0   0x00000024   Code   RO         2415    i.HAL_Delay         stm32f1xx_hal.o
    0x080008c4   0x080008c4   0x000001f8   Code   RO         2725    i.HAL_GPIO_Init     stm32f1xx_hal_gpio.o
    0x08000abc   0x08000abc   0x0000000a   Code   RO         2729    i.HAL_GPIO_WritePin  stm32f1xx_hal_gpio.o
    0x08000ac6   0x08000ac6   0x00000002   PAD
    0x08000ac8   0x08000ac8   0x0000000c   Code   RO         2419    i.HAL_GetTick       stm32f1xx_hal.o
    0x08000ad4   0x08000ad4   0x00000010   Code   RO         2425    i.HAL_IncTick       stm32f1xx_hal.o
    0x08000ae4   0x08000ae4   0x00000024   Code   RO         2426    i.HAL_Init          stm32f1xx_hal.o
    0x08000b08   0x08000b08   0x00000040   Code   RO         2427    i.HAL_InitTick      stm32f1xx_hal.o
    0x08000b48   0x08000b48   0x0000003c   Code   RO          709    i.HAL_MspInit       stm32f1xx_hal_msp.o
    0x08000b84   0x08000b84   0x00000040   Code   RO         2891    i.HAL_NVIC_SetPriority  stm32f1xx_hal_cortex.o
    0x08000bc4   0x08000bc4   0x00000024   Code   RO         2892    i.HAL_NVIC_SetPriorityGrouping  stm32f1xx_hal_cortex.o
    0x08000be8   0x08000be8   0x0000012c   Code   RO         2583    i.HAL_RCC_ClockConfig  stm32f1xx_hal_rcc.o
    0x08000d14   0x08000d14   0x00000020   Code   RO         2590    i.HAL_RCC_GetPCLK1Freq  stm32f1xx_hal_rcc.o
    0x08000d34   0x08000d34   0x00000020   Code   RO         2591    i.HAL_RCC_GetPCLK2Freq  stm32f1xx_hal_rcc.o
    0x08000d54   0x08000d54   0x0000004c   Code   RO         2592    i.HAL_RCC_GetSysClockFreq  stm32f1xx_hal_rcc.o
    0x08000da0   0x08000da0   0x00000320   Code   RO         2595    i.HAL_RCC_OscConfig  stm32f1xx_hal_rcc.o
    0x080010c0   0x080010c0   0x00000028   Code   RO         2896    i.HAL_SYSTICK_Config  stm32f1xx_hal_cortex.o
    0x080010e8   0x080010e8   0x0000007c   Code   RO         2160    i.HAL_TIMEx_MasterConfigSynchronization  stm32f1xx_hal_tim_ex.o
    0x08001164   0x08001164   0x000000a4   Code   RO         1458    i.HAL_TIM_Encoder_Init  stm32f1xx_hal_tim.o
    0x08001208   0x08001208   0x0000008c   Code   RO          504    i.HAL_TIM_Encoder_MspInit  tim.o
    0x08001294   0x08001294   0x0000008e   Code   RO         1461    i.HAL_TIM_Encoder_Start  stm32f1xx_hal_tim.o
    0x08001322   0x08001322   0x00000002   PAD
    0x08001324   0x08001324   0x00000070   Code   RO          505    i.HAL_TIM_MspPostInit  tim.o
    0x08001394   0x08001394   0x000000cc   Code   RO         1509    i.HAL_TIM_PWM_ConfigChannel  stm32f1xx_hal_tim.o
    0x08001460   0x08001460   0x0000005a   Code   RO         1512    i.HAL_TIM_PWM_Init  stm32f1xx_hal_tim.o
    0x080014ba   0x080014ba   0x00000002   PAD
    0x080014bc   0x080014bc   0x00000028   Code   RO          507    i.HAL_TIM_PWM_MspInit  tim.o
    0x080014e4   0x080014e4   0x000000b4   Code   RO         1517    i.HAL_TIM_PWM_Start  stm32f1xx_hal_tim.o
    0x08001598   0x08001598   0x00000064   Code   RO         3415    i.HAL_UART_Init     stm32f1xx_hal_uart.o
    0x080015fc   0x080015fc   0x00000070   Code   RO          576    i.HAL_UART_MspInit  usart.o
    0x0800166c   0x0800166c   0x000000a0   Code   RO         3423    i.HAL_UART_Transmit  stm32f1xx_hal_uart.o
    0x0800170c   0x0800170c   0x00000002   Code   RO          636    i.HardFault_Handler  stm32f1xx_it.o
    0x0800170e   0x0800170e   0x00000002   PAD
    0x08001710   0x08001710   0x000000a8   Code   RO          479    i.MX_GPIO_Init      gpio.o
    0x080017b8   0x080017b8   0x000000a0   Code   RO          508    i.MX_TIM3_Init      tim.o
    0x08001858   0x08001858   0x0000006c   Code   RO          509    i.MX_TIM4_Init      tim.o
    0x080018c4   0x080018c4   0x0000006c   Code   RO          510    i.MX_TIM8_Init      tim.o
    0x08001930   0x08001930   0x00000038   Code   RO          577    i.MX_USART1_UART_Init  usart.o
    0x08001968   0x08001968   0x00000002   Code   RO          637    i.MemManage_Handler  stm32f1xx_it.o
    0x0800196a   0x0800196a   0x00000002   PAD
    0x0800196c   0x0800196c   0x00000020   Code   RO           15    i.Motor_DutyToCompare  motor.o
    0x0800198c   0x0800198c   0x00000036   Code   RO           16    i.Motor_Init        motor.o
    0x080019c2   0x080019c2   0x00000014   Code   RO           17    i.Motor_LimitDuty   motor.o
    0x080019d6   0x080019d6   0x00000002   PAD
    0x080019d8   0x080019d8   0x00000074   Code   RO           18    i.Motor_SetDuty     motor.o
    0x08001a4c   0x08001a4c   0x0000000c   Code   RO           20    i.Motor_StartChannel  motor.o
    0x08001a58   0x08001a58   0x0000001c   Code   RO           21    i.Motor_Stop        motor.o
    0x08001a74   0x08001a74   0x00000002   Code   RO          638    i.NMI_Handler       stm32f1xx_it.o
    0x08001a76   0x08001a76   0x00000002   PAD
    0x08001a78   0x08001a78   0x0000002c   Code   RO         3786    i.OLED_Clear        oled.o
    0x08001aa4   0x08001aa4   0x0000003c   Code   RO         3789    i.OLED_DrawPoint    oled.o
    0x08001ae0   0x08001ae0   0x000000f4   Code   RO         3790    i.OLED_Init         oled.o
    0x08001bd4   0x08001bd4   0x0000004c   Code   RO         3792    i.OLED_Refresh_Gram  oled.o
    0x08001c20   0x08001c20   0x00000090   Code   RO         3793    i.OLED_ShowChar     oled.o
    0x08001cb0   0x08001cb0   0x00000078   Code   RO         3794    i.OLED_ShowNumber   oled.o
    0x08001d28   0x08001d28   0x0000003e   Code   RO         3795    i.OLED_ShowString   oled.o
    0x08001d66   0x08001d66   0x00000002   PAD
    0x08001d68   0x08001d68   0x0000006c   Code   RO         3796    i.OLED_WR_Byte      oled.o
    0x08001dd4   0x08001dd4   0x00000002   Code   RO          639    i.PendSV_Handler    stm32f1xx_it.o
    0x08001dd6   0x08001dd6   0x00000002   Code   RO          640    i.SVC_Handler       stm32f1xx_it.o
    0x08001dd8   0x08001dd8   0x00000024   Code   RO          364    i.SpeedCtrl_Init    speed_ctrl.o
    0x08001dfc   0x08001dfc   0x00000070   Code   RO          365    i.SpeedCtrl_ReportVofa  speed_ctrl.o
    0x08001e6c   0x08001e6c   0x00000012   Code   RO          366    i.SpeedCtrl_RoundX100ToInteger  speed_ctrl.o
    0x08001e7e   0x08001e7e   0x00000002   PAD
    0x08001e80   0x08001e80   0x00000018   Code   RO          367    i.SpeedCtrl_SetTarget  speed_ctrl.o
    0x08001e98   0x08001e98   0x00000060   Code   RO          369    i.SpeedCtrl_Task    speed_ctrl.o
    0x08001ef8   0x08001ef8   0x00000016   Code   RO          370    i.SpeedPI_Init      speed_ctrl.o
    0x08001f0e   0x08001f0e   0x0000003c   Code   RO          371    i.SpeedPI_Update    speed_ctrl.o
    0x08001f4a   0x08001f4a   0x00000004   Code   RO          641    i.SysTick_Handler   stm32f1xx_it.o
    0x08001f4e   0x08001f4e   0x0000005e   Code   RO          433    i.SystemClock_Config  main.o
    0x08001fac   0x08001fac   0x00000002   Code   RO         3749    i.SystemInit        system_stm32f1xx.o
    0x08001fae   0x08001fae   0x00000002   PAD
    0x08001fb0   0x08001fb0   0x0000009c   Code   RO         1530    i.TIM_Base_SetConfig  stm32f1xx_hal_tim.o
    0x0800204c   0x0800204c   0x0000001a   Code   RO         1531    i.TIM_CCxChannelCmd  stm32f1xx_hal_tim.o
    0x08002066   0x08002066   0x00000002   PAD
    0x08002068   0x08002068   0x00000060   Code   RO         1543    i.TIM_OC1_SetConfig  stm32f1xx_hal_tim.o
    0x080020c8   0x080020c8   0x0000006c   Code   RO         1544    i.TIM_OC2_SetConfig  stm32f1xx_hal_tim.o
    0x08002134   0x08002134   0x00000068   Code   RO         1545    i.TIM_OC3_SetConfig  stm32f1xx_hal_tim.o
    0x0800219c   0x0800219c   0x00000050   Code   RO         1546    i.TIM_OC4_SetConfig  stm32f1xx_hal_tim.o
    0x080021ec   0x080021ec   0x0000004e   Code   RO         3438    i.UART_EndRxTransfer  stm32f1xx_hal_uart.o
    0x0800223a   0x0800223a   0x00000002   PAD
    0x0800223c   0x0800223c   0x000000b8   Code   RO         3441    i.UART_SetConfig    stm32f1xx_hal_uart.o
    0x080022f4   0x080022f4   0x00000072   Code   RO         3444    i.UART_WaitOnFlagUntilTimeout  stm32f1xx_hal_uart.o
    0x08002366   0x08002366   0x00000002   Code   RO          642    i.UsageFault_Handler  stm32f1xx_it.o
    0x08002368   0x08002368   0x00000020   Code   RO         2898    i.__NVIC_SetPriority  stm32f1xx_hal_cortex.o
    0x08002388   0x08002388   0x0000000e   Code   RO         3910    i._is_digit         c_w.l(__printf_wp.o)
    0x08002396   0x08002396   0x00000002   Code   RO          578    i._sys_exit         usart.o
    0x08002398   0x08002398   0x00000020   Code   RO          579    i.fputc             usart.o
    0x080023b8   0x080023b8   0x00000074   Code   RO          434    i.main              main.o
    0x0800242c   0x0800242c   0x00000010   Code   RO         3797    i.oled_pow          oled.o
    0x0800243c   0x0800243c   0x00000012   Data   RO         2596    .constdata          stm32f1xx_hal_rcc.o
    0x0800244e   0x0800244e   0x00000010   Data   RO         3750    .constdata          system_stm32f1xx.o
    0x0800245e   0x0800245e   0x00000008   Data   RO         3751    .constdata          system_stm32f1xx.o
    0x08002466   0x08002466   0x00000a64   Data   RO         3799    .constdata          oled.o
    0x08002eca   0x08002eca   0x00000011   Data   RO         3918    .constdata          c_w.l(__printf_flags_ss_wp.o)
    0x08002edb   0x08002edb   0x00000001   PAD
    0x08002edc   0x08002edc   0x00000020   Data   RO         4251    Region$$Table       anon$$obj.o


    Execution Region RW_IRAM1 (Exec base: 0x20000000, Load base: 0x08002efc, Size: 0x00000c10, Max: 0x0000c000, ABSOLUTE)

    Exec Addr    Load Addr    Size         Type   Attr      Idx    E Section Name        Object

    0x20000000   0x08002efc   0x00000038   Data   RW          261    .data               encoder.o
    0x20000038   0x08002f34   0x00000008   Data   RW          373    .data               speed_ctrl.o
    0x20000040   0x08002f3c   0x00000004   Data   RW          581    .data               usart.o
    0x20000044   0x08002f40   0x0000000c   Data   RW         2433    .data               stm32f1xx_hal.o
    0x20000050   0x08002f4c   0x00000004   Data   RW         3752    .data               system_stm32f1xx.o
    0x20000054        -       0x00000038   Zero   RW          372    .bss                speed_ctrl.o
    0x2000008c        -       0x000000d8   Zero   RW          511    .bss                tim.o
    0x20000164        -       0x00000048   Zero   RW          580    .bss                usart.o
    0x200001ac        -       0x00000400   Zero   RW         3798    .bss                oled.o
    0x200005ac        -       0x00000060   Zero   RW         4107    .bss                c_w.l(libspace.o)
    0x2000060c   0x08002f50   0x00000004   PAD
    0x20000610        -       0x00000200   Zero   RW            2    HEAP                startup_stm32f103xe.o
    0x20000810        -       0x00000400   Zero   RW            1    STACK               startup_stm32f103xe.o


==============================================================================

Image component sizes


      Code (inc. data)   RO Data    RW Data    ZI Data      Debug   Object Name

       358         42          0         56          0       6623   encoder.o
       168         12          0          0          0        907   gpio.o
       214          8          0          0          0       1904   main.o
       262         18          0          0          0     489174   motor.o
       874         42       2660          0       1024       7568   oled.o
       368         56          0          8         56       4652   speed_ctrl.o
        64         26        304          0       1536        784   startup_stm32f103xe.o
       164         28          0         12          0       6285   stm32f1xx_hal.o
       172         14          0          0          0      28138   stm32f1xx_hal_cortex.o
       514         42          0          0          0       2824   stm32f1xx_hal_gpio.o
        60          8          0          0          0        818   stm32f1xx_hal_msp.o
      1240         84         18          0          0       4944   stm32f1xx_hal_rcc.o
      1350         78          0          0          0       9713   stm32f1xx_hal_tim.o
       124         20          0          0          0       1300   stm32f1xx_hal_tim_ex.o
       636          6          0          0          0       4464   stm32f1xx_hal_uart.o
        20          0          0          0          0       3614   stm32f1xx_it.o
         2          0         24          4          0       1035   system_stm32f1xx.o
       668         78          0          0        216       4059   tim.o
       202         26          0          4         72       3782   usart.o

    ----------------------------------------------------------------------
      7486        588       3038         84       2904     582588   Object Totals
         0          0         32          0          0          0   (incl. Generated)
        26          0          0          0          0          0   (incl. Padding)

    ----------------------------------------------------------------------

      Code (inc. data)   RO Data    RW Data    ZI Data      Debug   Library Member Name

         8          0          0          0          0         68   __main.o
       392          4         17          0          0         92   __printf_flags_ss_wp.o
        14          0          0          0          0         68   __printf_wp.o
         0          0          0          0          0          0   __rtentry.o
        12          0          0          0          0          0   __rtentry2.o
         6          0          0          0          0          0   __rtentry4.o
        52          8          0          0          0          0   __scatter.o
        26          0          0          0          0          0   __scatter_copy.o
        28          0          0          0          0          0   __scatter_zi.o
        48          6          0          0          0         96   _printf_char_common.o
        36          4          0          0          0         80   _printf_char_file.o
         6          0          0          0          0          0   _printf_d.o
       120         16          0          0          0         92   _printf_dec.o
       178          0          0          0          0         88   _printf_intcommon.o
         0          0          0          0          0          0   _printf_percent.o
         4          0          0          0          0          0   _printf_percent_end.o
        18          0          0          0          0         80   exit.o
         8          0          0          0          0         68   ferror.o
         6          0          0          0          0        152   heapauxi.o
         2          0          0          0          0          0   libinit.o
         2          0          0          0          0          0   libinit2.o
         2          0          0          0          0          0   libshutdown.o
         2          0          0          0          0          0   libshutdown2.o
         8          4          0          0         96         68   libspace.o
        72          0          0          0          0         76   llsdiv.o
       238          0          0          0          0        100   lludivv7m.o
        24          4          0          0          0         84   noretval__2printf.o
        78          0          0          0          0         80   rt_memclr_w.o
         2          0          0          0          0          0   rtexit.o
        10          0          0          0          0          0   rtexit2.o
        74          0          0          0          0         80   sys_stackheap_outer.o
         2          0          0          0          0         68   use_no_semi.o
         2          0          0          0          0         68   use_no_semi_2.o

    ----------------------------------------------------------------------
      1486         46         18          0        100       1508   Library Totals
         6          0          1          0          4          0   (incl. Padding)

    ----------------------------------------------------------------------

      Code (inc. data)   RO Data    RW Data    ZI Data      Debug   Library Name

      1480         46         17          0         96       1508   c_w.l

    ----------------------------------------------------------------------
      1486         46         18          0        100       1508   Library Totals

    ----------------------------------------------------------------------

==============================================================================


      Code (inc. data)   RO Data    RW Data    ZI Data      Debug   

      8972        634       3056         84       3004     578996   Grand Totals
      8972        634       3056         84       3004     578996   ELF Image Totals
      8972        634       3056         84          0          0   ROM Totals

==============================================================================

    Total RO  Size (Code + RO Data)                12028 (  11.75kB)
    Total RW  Size (RW Data + ZI Data)              3088 (   3.02kB)
    Total ROM Size (Code + RO Data + RW Data)      12112 (  11.83kB)

==============================================================================

