Component: ARM Compiler 5.06 update 7 (build 960) Tool: armlink [4d3601]

==============================================================================

Section Cross References

    startup_stm32f103xe.o(STACK) refers (Special) to heapauxi.o(.text) for __use_two_region_memory
    startup_stm32f103xe.o(HEAP) refers (Special) to heapauxi.o(.text) for __use_two_region_memory
    startup_stm32f103xe.o(RESET) refers (Special) to heapauxi.o(.text) for __use_two_region_memory
    startup_stm32f103xe.o(RESET) refers to startup_stm32f103xe.o(STACK) for __initial_sp
    startup_stm32f103xe.o(RESET) refers to startup_stm32f103xe.o(.text) for Reset_Handler
    startup_stm32f103xe.o(RESET) refers to stm32f1xx_it.o(i.NMI_Handler) for NMI_Handler
    startup_stm32f103xe.o(RESET) refers to stm32f1xx_it.o(i.HardFault_Handler) for HardFault_Handler
    startup_stm32f103xe.o(RESET) refers to stm32f1xx_it.o(i.MemManage_Handler) for MemManage_Handler
    startup_stm32f103xe.o(RESET) refers to stm32f1xx_it.o(i.BusFault_Handler) for BusFault_Handler
    startup_stm32f103xe.o(RESET) refers to stm32f1xx_it.o(i.UsageFault_Handler) for UsageFault_Handler
    startup_stm32f103xe.o(RESET) refers to stm32f1xx_it.o(i.SVC_Handler) for SVC_Handler
    startup_stm32f103xe.o(RESET) refers to stm32f1xx_it.o(i.DebugMon_Handler) for DebugMon_Handler
    startup_stm32f103xe.o(RESET) refers to stm32f1xx_it.o(i.PendSV_Handler) for PendSV_Handler
    startup_stm32f103xe.o(RESET) refers to stm32f1xx_it.o(i.SysTick_Handler) for SysTick_Handler
    startup_stm32f103xe.o(RESET) refers to stm32f1xx_it.o(i.USART3_IRQHandler) for USART3_IRQHandler
    startup_stm32f103xe.o(.text) refers (Special) to heapauxi.o(.text) for __use_two_region_memory
    startup_stm32f103xe.o(.text) refers to system_stm32f1xx.o(i.SystemInit) for SystemInit
    startup_stm32f103xe.o(.text) refers to __main.o(!!!main) for __main
    startup_stm32f103xe.o(.text) refers to startup_stm32f103xe.o(HEAP) for Heap_Mem
    startup_stm32f103xe.o(.text) refers to startup_stm32f103xe.o(STACK) for Stack_Mem
    motor.o(i.Motor_ApplyDeadZone) refers to motor.o(i.Motor_LimitDuty) for Motor_LimitDuty
    motor.o(i.Motor_Brake) refers to motor.o(i.Motor_DutyToCompare) for Motor_DutyToCompare
    motor.o(i.Motor_Brake) refers to tim.o(.bss) for htim3
    motor.o(i.Motor_DutyToCompare) refers to tim.o(.bss) for htim3
    motor.o(i.Motor_Init) refers to motor.o(i.Motor_Stop) for Motor_Stop
    motor.o(i.Motor_Init) refers to motor.o(i.Motor_StartChannel) for Motor_StartChannel
    motor.o(i.Motor_SetDuty) refers to motor.o(i.Motor_LimitDuty) for Motor_LimitDuty
    motor.o(i.Motor_SetDuty) refers to motor.o(i.Motor_DutyToCompare) for Motor_DutyToCompare
    motor.o(i.Motor_SetDuty) refers to tim.o(.bss) for htim3
    motor.o(i.Motor_SetDutyWithDeadZone) refers to motor.o(i.Motor_ApplyDeadZone) for Motor_ApplyDeadZone
    motor.o(i.Motor_SetDutyWithDeadZone) refers to motor.o(i.Motor_SetDuty) for Motor_SetDuty
    motor.o(i.Motor_StartChannel) refers to stm32f1xx_hal_tim.o(i.HAL_TIM_PWM_Start) for HAL_TIM_PWM_Start
    motor.o(i.Motor_StartChannel) refers to tim.o(.bss) for htim3
    motor.o(i.Motor_Stop) refers to tim.o(.bss) for htim3
    angle_pid.o(i.AnglePid_GetStatus) refers to rt_memcpy_w.o(.text) for __aeabi_memcpy4
    angle_pid.o(i.AnglePid_GetStatus) refers to angle_pid.o(.bss) for .bss
    angle_pid.o(i.AnglePid_Init) refers to angle_pid.o(i.AnglePid_ResetDynamicState) for AnglePid_ResetDynamicState
    angle_pid.o(i.AnglePid_Init) refers to stm32f1xx_hal.o(i.HAL_GetTick) for HAL_GetTick
    angle_pid.o(i.AnglePid_Init) refers to angle_pid.o(.bss) for .bss
    angle_pid.o(i.AnglePid_Init) refers to angle_pid.o(.data) for .data
    angle_pid.o(i.AnglePid_LimitFloat) refers to frleqf.o(x$fpl$frleqf) for __aeabi_cfrcmple
    angle_pid.o(i.AnglePid_LimitFloat) refers to fleqf.o(x$fpl$fleqf) for __aeabi_cfcmple
    angle_pid.o(i.AnglePid_ResetDynamicState) refers to angle_pid.o(.bss) for .bss
    angle_pid.o(i.AnglePid_SetGains) refers to angle_pid.o(i.AnglePid_ResetDynamicState) for AnglePid_ResetDynamicState
    angle_pid.o(i.AnglePid_SetGains) refers to angle_pid.o(.bss) for .bss
    angle_pid.o(i.AnglePid_SetTarget) refers to angle_pid.o(i.AnglePid_ResetDynamicState) for AnglePid_ResetDynamicState
    angle_pid.o(i.AnglePid_SetTarget) refers to angle_pid.o(.bss) for .bss
    angle_pid.o(i.AnglePid_Stop) refers to angle_pid.o(i.AnglePid_ResetDynamicState) for AnglePid_ResetDynamicState
    angle_pid.o(i.AnglePid_Stop) refers to motor.o(i.Motor_Stop) for Motor_Stop
    angle_pid.o(i.AnglePid_Task) refers to stm32f1xx_hal.o(i.HAL_GetTick) for HAL_GetTick
    angle_pid.o(i.AnglePid_Task) refers to mpu_app.o(i.MpuApp_GetLatest) for MpuApp_GetLatest
    angle_pid.o(i.AnglePid_Task) refers to angle_pid.o(i.AnglePid_Stop) for AnglePid_Stop
    angle_pid.o(i.AnglePid_Task) refers to angle_pid.o(i.AnglePid_ResetDynamicState) for AnglePid_ResetDynamicState
[...]
    _printf_post_padding                      - Undefined Weak Reference
    _printf_pre_padding                       - Undefined Weak Reference
    _printf_truncate_signed                   - Undefined Weak Reference
    _printf_truncate_unsigned                 - Undefined Weak Reference
    _rand_init                                - Undefined Weak Reference
    _signal_finish                            - Undefined Weak Reference
    _signal_init                              - Undefined Weak Reference
    _terminate_alloc                          - Undefined Weak Reference
    _terminate_user_alloc                     - Undefined Weak Reference
    _terminateio                              - Undefined Weak Reference
    __Vectors_Size                           0x00000130   Number         0  startup_stm32f103xe.o ABSOLUTE
    __Vectors                                0x08000000   Data           4  startup_stm32f103xe.o(RESET)
    __Vectors_End                            0x08000130   Data           0  startup_stm32f103xe.o(RESET)
    __main                                   0x08000131   Thumb Code     8  __main.o(!!!main)
    __scatterload                            0x08000139   Thumb Code     0  __scatter.o(!!!scatter)
    __scatterload_rt2                        0x08000139   Thumb Code    44  __scatter.o(!!!scatter)
    __scatterload_rt2_thumb_only             0x08000139   Thumb Code     0  __scatter.o(!!!scatter)
    __scatterload_null                       0x08000147   Thumb Code     0  __scatter.o(!!!scatter)
    __scatterload_copy                       0x0800016d   Thumb Code    26  __scatter_copy.o(!!handler_copy)
    __scatterload_zeroinit                   0x08000189   Thumb Code    28  __scatter_zi.o(!!handler_zi)
    _printf_f                                0x080001a5   Thumb Code     0  _printf_f.o(.ARM.Collect$$_printf_percent$$00000003)
    _printf_percent                          0x080001a5   Thumb Code     0  _printf_percent.o(.ARM.Collect$$_printf_percent$$00000000)
    _printf_d                                0x080001ab   Thumb Code     0  _printf_d.o(.ARM.Collect$$_printf_percent$$00000009)
    _printf_percent_end                      0x080001b1   Thumb Code     0  _printf_percent_end.o(.ARM.Collect$$_printf_percent$$00000017)
    __rt_lib_init                            0x080001b5   Thumb Code     0  libinit.o(.ARM.Collect$$libinit$$00000000)
    __rt_lib_init_fp_1                       0x080001b7   Thumb Code     0  libinit2.o(.ARM.Collect$$libinit$$00000002)
    __rt_lib_init_heap_1                     0x080001b7   Thumb Code     0  libinit2.o(.ARM.Collect$$libinit$$0000000A)
    __rt_lib_init_lc_common                  0x080001b7   Thumb Code     0  libinit2.o(.ARM.Collect$$libinit$$0000000F)
    __rt_lib_init_preinit_1                  0x080001b7   Thumb Code     0  libinit2.o(.ARM.Collect$$libinit$$00000004)
    __rt_lib_init_rand_1                     0x080001b7   Thumb Code     0  libinit2.o(.ARM.Collect$$libinit$$0000000E)
    __rt_lib_init_user_alloc_1               0x080001b7   Thumb Code     0  libinit2.o(.ARM.Collect$$libinit$$0000000C)
    __rt_lib_init_lc_collate_1               0x080001bd   Thumb Code     0  libinit2.o(.ARM.Collect$$libinit$$00000011)
    __rt_lib_init_lc_ctype_1                 0x080001bd   Thumb Code     0  libinit2.o(.ARM.Collect$$libinit$$00000013)
    __rt_lib_init_lc_monetary_1              0x080001bd   Thumb Code     0  libinit2.o(.ARM.Collect$$libinit$$00000015)
    __rt_lib_init_lc_numeric_2               0x080001bd   Thumb Code     0  libinit2.o(.ARM.Collect$$libinit$$00000016)
    __rt_lib_init_alloca_1                   0x080001c7   Thumb Code     0  libinit2.o(.ARM.Collect$$libinit$$0000002E)
    __rt_lib_init_argv_1                     0x080001c7   Thumb Code     0  libinit2.o(.ARM.Collect$$libinit$$0000002C)
    __rt_lib_init_atexit_1                   0x080001c7   Thumb Code     0  libinit2.o(.ARM.Collect$$libinit$$0000001B)
    __rt_lib_init_clock_1                    0x080001c7   Thumb Code     0  libinit2.o(.ARM.Collect$$libinit$$00000021)
    __rt_lib_init_cpp_1                      0x080001c7   Thumb Code     0  libinit2.o(.ARM.Collect$$libinit$$00000032)
    __rt_lib_init_exceptions_1               0x080001c7   Thumb Code     0  libinit2.o(.ARM.Collect$$libinit$$00000030)
    __rt_lib_init_fp_trap_1                  0x080001c7   Thumb Code     0  libinit2.o(.ARM.Collect$$libinit$$0000001F)
    __rt_lib_init_getenv_1                   0x080001c7   Thumb Code     0  libinit2.o(.ARM.Collect$$libinit$$00000023)
    __rt_lib_init_lc_numeric_1               0x080001c7   Thumb Code     0  libinit2.o(.ARM.Collect$$libinit$$00000017)
    __rt_lib_init_lc_time_1                  0x080001c7   Thumb Code     0  libinit2.o(.ARM.Collect$$libinit$$00000019)
    __rt_lib_init_return                     0x080001c7   Thumb Code     0  libinit2.o(.ARM.Collect$$libinit$$00000033)
    __rt_lib_init_signal_1                   0x080001c7   Thumb Code     0  libinit2.o(.ARM.Collect$$libinit$$0000001D)
    __rt_lib_init_stdio_1                    0x080001c7   Thumb Code     0  libinit2.o(.ARM.Collect$$libinit$$00000025)
    __rt_lib_shutdown                        0x080001c9   Thumb Code     0  libshutdown.o(.ARM.Collect$$libshutdown$$00000000)
    __rt_lib_shutdown_cpp_1                  0x080001cb   Thumb Code     0  libshutdown2.o(.ARM.Collect$$libshutdown$$00000004)
    __rt_lib_shutdown_fini_1                 0x080001cb   Thumb Code     0  libshutdown2.o(.ARM.Collect$$libshutdown$$00000002)
    __rt_lib_shutdown_fp_trap_1              0x080001cb   Thumb Code     0  libshutdown2.o(.ARM.Collect$$libshutdown$$00000009)
    __rt_lib_shutdown_heap_1                 0x080001cb   Thumb Code     0  libshutdown2.o(.ARM.Collect$$libshutdown$$00000011)
    __rt_lib_shutdown_return                 0x080001cb   Thumb Code     0  libshutdown2.o(.ARM.Collect$$libshutdown$$00000012)
    __rt_lib_shutdown_signal_1               0x080001cb   Thumb Code     0  libshutdown2.o(.ARM.Collect$$libshutdown$$0000000C)
    __rt_lib_shutdown_stdio_1                0x080001cb   Thumb Code     0  libshutdown2.o(.ARM.Collect$$libshutdown$$00000006)
    __rt_lib_shutdown_user_alloc_1           0x080001cb   Thumb Code     0  libshutdown2.o(.ARM.Collect$$libshutdown$$0000000E)
    __rt_entry                               0x080001cd   Thumb Code     0  __rtentry.o(.ARM.Collect$$rtentry$$00000000)
    __rt_entry_presh_1                       0x080001cd   Thumb Code     0  __rtentry2.o(.ARM.Collect$$rtentry$$00000002)
    __rt_entry_sh                            0x080001cd   Thumb Code     0  __rtentry4.o(.ARM.Collect$$rtentry$$00000004)
    __rt_entry_li                            0x080001d3   Thumb Code     0  __rtentry2.o(.ARM.Collect$$rtentry$$0000000A)
    __rt_entry_postsh_1                      0x080001d3   Thumb Code     0  __rtentry2.o(.ARM.Collect$$rtentry$$00000009)
    __rt_entry_main                          0x080001d7   Thumb Code     0  __rtentry2.o(.ARM.Collect$$rtentry$$0000000D)
    __rt_entry_postli_1                      0x080001d7   Thumb Code     0  __rtentry2.o(.ARM.Collect$$rtentry$$0000000C)
    __rt_exit                                0x080001df   Thumb Code     0  rtexit.o(.ARM.Collect$$rtexit$$00000000)
    __rt_exit_ls                             0x080001e1   Thumb Code     0  rtexit2.o(.ARM.Collect$$rtexit$$00000003)
    __rt_exit_prels_1                        0x080001e1   Thumb Code     0  rtexit2.o(.ARM.Collect$$rtexit$$00000002)
    __rt_exit_exit                           0x080001e5   Thumb Code     0  rtexit2.o(.ARM.Collect$$rtexit$$00000004)
    Reset_Handler                            0x080001ed   Thumb Code     8  startup_stm32f103xe.o(.text)
    ADC1_2_IRQHandler                        0x08000207   Thumb Code     0  startup_stm32f103xe.o(.text)
    ADC3_IRQHandler                          0x08000207   Thumb Code     0  startup_stm32f103xe.o(.text)
    CAN1_RX1_IRQHandler                      0x08000207   Thumb Code     0  startup_stm32f103xe.o(.text)
    CAN1_SCE_IRQHandler                      0x08000207   Thumb Code     0  startup_stm32f103xe.o(.text)
    DMA1_Channel1_IRQHandler                 0x08000207   Thumb Code     0  startup_stm32f103xe.o(.text)
    DMA1_Channel2_IRQHandler                 0x08000207   Thumb Code     0  startup_stm32f103xe.o(.text)
    DMA1_Channel3_IRQHandler                 0x08000207   Thumb Code     0  startup_stm32f103xe.o(.text)
    DMA1_Channel4_IRQHandler                 0x08000207   Thumb Code     0  startup_stm32f103xe.o(.text)
    DMA1_Channel5_IRQHandler                 0x08000207   Thumb Code     0  startup_stm32f103xe.o(.text)
    DMA1_Channel6_IRQHandler                 0x08000207   Thumb Code     0  startup_stm32f103xe.o(.text)
    DMA1_Channel7_IRQHandler                 0x08000207   Thumb Code     0  startup_stm32f103xe.o(.text)
    DMA2_Channel1_IRQHandler                 0x08000207   Thumb Code     0  startup_stm32f103xe.o(.text)
    DMA2_Channel2_IRQHandler                 0x08000207   Thumb Code     0  startup_stm32f103xe.o(.text)
    DMA2_Channel3_IRQHandler                 0x08000207   Thumb Code     0  startup_stm32f103xe.o(.text)
    DMA2_Channel4_5_IRQHandler               0x08000207   Thumb Code     0  startup_stm32f103xe.o(.text)
    EXTI0_IRQHandler                         0x08000207   Thumb Code     0  startup_stm32f103xe.o(.text)
    EXTI15_10_IRQHandler                     0x08000207   Thumb Code     0  startup_stm32f103xe.o(.text)
    EXTI1_IRQHandler                         0x08000207   Thumb Code     0  startup_stm32f103xe.o(.text)
    EXTI2_IRQHandler                         0x08000207   Thumb Code     0  startup_stm32f103xe.o(.text)
    EXTI3_IRQHandler                         0x08000207   Thumb Code     0  startup_stm32f103xe.o(.text)
    EXTI4_IRQHandler                         0x08000207   Thumb Code     0  startup_stm32f103xe.o(.text)
    EXTI9_5_IRQHandler                       0x08000207   Thumb Code     0  startup_stm32f103xe.o(.text)
    FLASH_IRQHandler                         0x08000207   Thumb Code     0  startup_stm32f103xe.o(.text)
    FSMC_IRQHandler                          0x08000207   Thumb Code     0  startup_stm32f103xe.o(.text)
    I2C1_ER_IRQHandler                       0x08000207   Thumb Code     0  startup_stm32f103xe.o(.text)
    I2C1_EV_IRQHandler                       0x08000207   Thumb Code     0  startup_stm32f103xe.o(.text)
    I2C2_ER_IRQHandler                       0x08000207   Thumb Code     0  startup_stm32f103xe.o(.text)
    I2C2_EV_IRQHandler                       0x08000207   Thumb Code     0  startup_stm32f103xe.o(.text)
    PVD_IRQHandler                           0x08000207   Thumb Code     0  startup_stm32f103xe.o(.text)
    RCC_IRQHandler                           0x08000207   Thumb Code     0  startup_stm32f103xe.o(.text)
    RTC_Alarm_IRQHandler                     0x08000207   Thumb Code     0  startup_stm32f103xe.o(.text)
    RTC_IRQHandler                           0x08000207   Thumb Code     0  startup_stm32f103xe.o(.text)
    SDIO_IRQHandler                          0x08000207   Thumb Code     0  startup_stm32f103xe.o(.text)
    SPI1_IRQHandler                          0x08000207   Thumb Code     0  startup_stm32f103xe.o(.text)
    SPI2_IRQHandler                          0x08000207   Thumb Code     0  startup_stm32f103xe.o(.text)
    SPI3_IRQHandler                          0x08000207   Thumb Code     0  startup_stm32f103xe.o(.text)
    TAMPER_IRQHandler                        0x08000207   Thumb Code     0  startup_stm32f103xe.o(.text)
    TIM1_BRK_IRQHandler                      0x08000207   Thumb Code     0  startup_stm32f103xe.o(.text)
    TIM1_CC_IRQHandler                       0x08000207   Thumb Code     0  startup_stm32f103xe.o(.text)
    TIM1_TRG_COM_IRQHandler                  0x08000207   Thumb Code     0  startup_stm32f103xe.o(.text)
    TIM1_UP_IRQHandler                       0x08000207   Thumb Code     0  startup_stm32f103xe.o(.text)
    TIM2_IRQHandler                          0x08000207   Thumb Code     0  startup_stm32f103xe.o(.text)
    TIM3_IRQHandler                          0x08000207   Thumb Code     0  startup_stm32f103xe.o(.text)
    TIM4_IRQHandler                          0x08000207   Thumb Code     0  startup_stm32f103xe.o(.text)
    TIM5_IRQHandler                          0x08000207   Thumb Code     0  startup_stm32f103xe.o(.text)
    TIM6_IRQHandler                          0x08000207   Thumb Code     0  startup_stm32f103xe.o(.text)
    TIM7_IRQHandler                          0x08000207   Thumb Code     0  startup_stm32f103xe.o(.text)
    TIM8_BRK_IRQHandler                      0x08000207   Thumb Code     0  startup_stm32f103xe.o(.text)
    TIM8_CC_IRQHandler                       0x08000207   Thumb Code     0  startup_stm32f103xe.o(.text)
    TIM8_TRG_COM_IRQHandler                  0x08000207   Thumb Code     0  startup_stm32f103xe.o(.text)
    TIM8_UP_IRQHandler                       0x08000207   Thumb Code     0  startup_stm32f103xe.o(.text)
    UART4_IRQHandler                         0x08000207   Thumb Code     0  startup_stm32f103xe.o(.text)
    UART5_IRQHandler                         0x08000207   Thumb Code     0  startup_stm32f103xe.o(.text)
    USART1_IRQHandler                        0x08000207   Thumb Code     0  startup_stm32f103xe.o(.text)
    USART2_IRQHandler                        0x08000207   Thumb Code     0  startup_stm32f103xe.o(.text)
    USBWakeUp_IRQHandler                     0x08000207   Thumb Code     0  startup_stm32f103xe.o(.text)
    USB_HP_CAN1_TX_IRQHandler                0x08000207   Thumb Code     0  startup_stm32f103xe.o(.text)
    USB_LP_CAN1_RX0_IRQHandler               0x08000207   Thumb Code     0  startup_stm32f103xe.o(.text)
    WWDG_IRQHandler                          0x08000207   Thumb Code     0  startup_stm32f103xe.o(.text)
    __user_initial_stackheap                 0x08000209   Thumb Code     0  startup_stm32f103xe.o(.text)
    __use_no_semihosting                     0x0800022d   Thumb Code     2  use_no_semi_2.o(.text)
    __aeabi_ldivmod                          0x0800022f   Thumb Code     0  llsdiv.o(.text)
    _ll_sdiv                                 0x0800022f   Thumb Code    72  llsdiv.o(.text)
    __2printf                                0x08000279   Thumb Code    20  noretval__2printf.o(.text)
    _printf_int_dec                          0x08000291   Thumb Code   104  _printf_dec.o(.text)
    __printf                                 0x08000309   Thumb Code   352  __printf_ss_wp.o(.text)
    memcmp                                   0x08000469   Thumb Code    88  memcmp.o(.text)
    __aeabi_memcpy4                          0x080004c1   Thumb Code     0  rt_memcpy_w.o(.text)
    __aeabi_memcpy8                          0x080004c1   Thumb Code     0  rt_memcpy_w.o(.text)
    __rt_memcpy_w                            0x080004c1   Thumb Code   100  rt_memcpy_w.o(.text)
    _memcpy_lastbytes_aligned                0x08000509   Thumb Code     0  rt_memcpy_w.o(.text)
    __aeabi_memset                           0x08000525   Thumb Code    16  aeabi_memset.o(.text)
    __aeabi_memclr4                          0x08000535   Thumb Code     0  rt_memclr_w.o(.text)
    __aeabi_memclr8                          0x08000535   Thumb Code     0  rt_memclr_w.o(.text)
    __rt_memclr_w                            0x08000535   Thumb Code    78  rt_memclr_w.o(.text)
    _memset_w                                0x08000539   Thumb Code     0  rt_memclr_w.o(.text)
    __use_two_region_memory                  0x08000583   Thumb Code     2  heapauxi.o(.text)
    __rt_heap_escrow$2region                 0x08000585   Thumb Code     2  heapauxi.o(.text)
    __rt_heap_expand$2region                 0x08000587   Thumb Code     2  heapauxi.o(.text)
    __I$use$semihosting                      0x08000589   Thumb Code     0  use_no_semi.o(.text)
    __use_no_semihosting_swi                 0x08000589   Thumb Code     2  use_no_semi.o(.text)
    __aeabi_uldivmod                         0x0800058b   Thumb Code     0  lludivv7m.o(.text)
    _ll_udiv                                 0x0800058b   Thumb Code   238  lludivv7m.o(.text)
    __read_errno                             0x08000679   Thumb Code    10  _rserrno.o(.text)
    __set_errno                              0x08000683   Thumb Code    12  _rserrno.o(.text)
    _printf_int_common                       0x0800068f   Thumb Code   178  _printf_intcommon.o(.text)
    __lib_sel_fp_printf                      0x08000741   Thumb Code     2  _printf_fp_dec.o(.text)
    _printf_fp_dec_real                      0x080008f3   Thumb Code   620  _printf_fp_dec.o(.text)
    _printf_char_file                        0x08000b61   Thumb Code    32  _printf_char_file.o(.text)
    __aeabi_memclr                           0x08000b85   Thumb Code     0  rt_memclr.o(.text)
    __rt_memclr                              0x08000b85   Thumb Code    68  rt_memclr.o(.text)
    _memset                                  0x08000b89   Thumb Code     0  rt_memclr.o(.text)
    __rt_locale                              0x08000bc9   Thumb Code     8  rt_locale_intlibspace.o(.text)
    __aeabi_errno_addr                       0x08000bd1   Thumb Code     8  rt_errno_addr_intlibspace.o(.text)
    __errno$intlibspace                      0x08000bd1   Thumb Code     0  rt_errno_addr_intlibspace.o(.text)
    __rt_errno_addr$intlibspace              0x08000bd1   Thumb Code     0  rt_errno_addr_intlibspace.o(.text)
    _ll_udiv10                               0x08000bd9   Thumb Code   138  lludiv10.o(.text)
    _printf_char_common                      0x08000c6f   Thumb Code    32  _printf_char_common.o(.text)
    _printf_fp_infnan                        0x08000c95   Thumb Code   112  _printf_fp_infnan.o(.text)
    _btod_etento                             0x08000d15   Thumb Code   224  bigflt0.o(.text)
    ferror                                   0x08000df9   Thumb Code     8  ferror.o(.text)
    __user_libspace                          0x08000e01   Thumb Code     8  libspace.o(.text)
    __user_perproc_libspace                  0x08000e01   Thumb Code     0  libspace.o(.text)
    __user_perthread_libspace                0x08000e01   Thumb Code     0  libspace.o(.text)
    __user_setup_stackheap                   0x08000e09   Thumb Code    74  sys_stackheap_outer.o(.text)
    exit                                     0x08000e53   Thumb Code    18  exit.o(.text)
    strcmp                                   0x08000e65   Thumb Code   128  strcmpv7m.o(.text)
    _btod_d2e                                0x08000ee5   Thumb Code    62  btod.o(CL$$btod_d2e)
    _d2e_denorm_low                          0x08000f23   Thumb Code    70  btod.o(CL$$btod_d2e_denorm_low)
    _d2e_norm_op1                            0x08000f69   Thumb Code    96  btod.o(CL$$btod_d2e_norm_op1)
    __btod_div_common                        0x08000fc9   Thumb Code   696  btod.o(CL$$btod_div_common)
    _e2e                                     0x08001301   Thumb Code   220  btod.o(CL$$btod_e2e)
    _btod_ediv                               0x080013dd   Thumb Code    42  btod.o(CL$$btod_ediv)
    _btod_emul                               0x08001407   Thumb Code    42  btod.o(CL$$btod_emul)
    __btod_mult_common                       0x08001431   Thumb Code   580  btod.o(CL$$btod_mult_common)
    AnglePid_Init                            0x08001675   Thumb Code    38  angle_pid.o(i.AnglePid_Init)
    AnglePid_Stop                            0x080016e1   Thumb Code    14  angle_pid.o(i.AnglePid_Stop)
    AnglePid_Task                            0x080016f1   Thumb Code   226  angle_pid.o(i.AnglePid_Task)
    Bluetooth_DecodeCommand                  0x080017fd   Thumb Code    86  bluetooth.o(i.Bluetooth_DecodeCommand)
    Bluetooth_GetCommandName                 0x08001855   Thumb Code    86  bluetooth.o(i.Bluetooth_GetCommandName)
    Bluetooth_GetStatus                      0x08001945   Thumb Code    38  bluetooth.o(i.Bluetooth_GetStatus)
    Bluetooth_Init                           0x08001971   Thumb Code    20  bluetooth.o(i.Bluetooth_Init)
    Bluetooth_ReadCommand                    0x08001989   Thumb Code    40  bluetooth.o(i.Bluetooth_ReadCommand)
    Bluetooth_ReadRaw                        0x080019b1   Thumb Code    58  bluetooth.o(i.Bluetooth_ReadRaw)
    Bluetooth_StartReceiveIT                 0x080019f5   Thumb Code    10  bluetooth.o(i.Bluetooth_StartReceiveIT)
    Bluetooth_UART_ErrorCallback             0x08001a09   Thumb Code    32  bluetooth.o(i.Bluetooth_UART_ErrorCallback)
    Bluetooth_UART_RxCpltCallback            0x08001a35   Thumb Code    74  bluetooth.o(i.Bluetooth_UART_RxCpltCallback)
    BusFault_Handler                         0x08001a91   Thumb Code     2  stm32f1xx_it.o(i.BusFault_Handler)
    DebugMon_Handler                         0x08001a93   Thumb Code     2  stm32f1xx_it.o(i.DebugMon_Handler)
    Error_Handler                            0x08001a95   Thumb Code     4  main.o(i.Error_Handler)
    HAL_DMA_Abort                            0x08001a99   Thumb Code    70  stm32f1xx_hal_dma.o(i.HAL_DMA_Abort)
    HAL_DMA_Abort_IT                         0x08001ae1   Thumb Code   296  stm32f1xx_hal_dma.o(i.HAL_DMA_Abort_IT)
    HAL_Delay                                0x08001c11   Thumb Code    32  stm32f1xx_hal.o(i.HAL_Delay)
    HAL_GPIO_Init                            0x08001c35   Thumb Code   462  stm32f1xx_hal_gpio.o(i.HAL_GPIO_Init)
    HAL_GPIO_ReadPin                         0x08001e2d   Thumb Code    10  stm32f1xx_hal_gpio.o(i.HAL_GPIO_ReadPin)
    HAL_GPIO_WritePin                        0x08001e37   Thumb Code    10  stm32f1xx_hal_gpio.o(i.HAL_GPIO_WritePin)
    HAL_GetTick                              0x08001e41   Thumb Code     6  stm32f1xx_hal.o(i.HAL_GetTick)
    HAL_IncTick                              0x08001e4d   Thumb Code    12  stm32f1xx_hal.o(i.HAL_IncTick)
    HAL_Init                                 0x08001e5d   Thumb Code    32  stm32f1xx_hal.o(i.HAL_Init)
    HAL_InitTick                             0x08001e81   Thumb Code    54  stm32f1xx_hal.o(i.HAL_InitTick)
    HAL_MspInit                              0x08001ec1   Thumb Code    52  stm32f1xx_hal_msp.o(i.HAL_MspInit)
    HAL_NVIC_EnableIRQ                       0x08001efd   Thumb Code    26  stm32f1xx_hal_cortex.o(i.HAL_NVIC_EnableIRQ)
    HAL_NVIC_SetPriority                     0x08001f19   Thumb Code    60  stm32f1xx_hal_cortex.o(i.HAL_NVIC_SetPriority)
    HAL_NVIC_SetPriorityGrouping             0x08001f59   Thumb Code    26  stm32f1xx_hal_cortex.o(i.HAL_NVIC_SetPriorityGrouping)
    HAL_RCC_ClockConfig                      0x08001f7d   Thumb Code   280  stm32f1xx_hal_rcc.o(i.HAL_RCC_ClockConfig)
    HAL_RCC_GetPCLK1Freq                     0x080020a9   Thumb Code    20  stm32f1xx_hal_rcc.o(i.HAL_RCC_GetPCLK1Freq)
    HAL_RCC_GetPCLK2Freq                     0x080020c9   Thumb Code    20  stm32f1xx_hal_rcc.o(i.HAL_RCC_GetPCLK2Freq)
    HAL_RCC_GetSysClockFreq                  0x080020e9   Thumb Code    58  stm32f1xx_hal_rcc.o(i.HAL_RCC_GetSysClockFreq)
    HAL_RCC_OscConfig                        0x08002135   Thumb Code   778  stm32f1xx_hal_rcc.o(i.HAL_RCC_OscConfig)
    HAL_SYSTICK_Config                       0x08002455   Thumb Code    40  stm32f1xx_hal_cortex.o(i.HAL_SYSTICK_Config)
    HAL_TIMEx_MasterConfigSynchronization    0x0800247d   Thumb Code   104  stm32f1xx_hal_tim_ex.o(i.HAL_TIMEx_MasterConfigSynchronization)
    HAL_TIM_Encoder_Init                     0x080024f9   Thumb Code   164  stm32f1xx_hal_tim.o(i.HAL_TIM_Encoder_Init)
    HAL_TIM_Encoder_MspInit                  0x0800259d   Thumb Code   118  tim.o(i.HAL_TIM_Encoder_MspInit)
    HAL_TIM_MspPostInit                      0x08002629   Thumb Code    94  tim.o(i.HAL_TIM_MspPostInit)
    HAL_TIM_PWM_ConfigChannel                0x08002699   Thumb Code   204  stm32f1xx_hal_tim.o(i.HAL_TIM_PWM_ConfigChannel)
    HAL_TIM_PWM_Init                         0x08002765   Thumb Code    90  stm32f1xx_hal_tim.o(i.HAL_TIM_PWM_Init)
    HAL_TIM_PWM_MspInit                      0x080027c1   Thumb Code    30  tim.o(i.HAL_TIM_PWM_MspInit)
    HAL_TIM_PWM_Start                        0x080027e9   Thumb Code   160  stm32f1xx_hal_tim.o(i.HAL_TIM_PWM_Start)
    HAL_UARTEx_RxEventCallback               0x0800289d   Thumb Code     2  stm32f1xx_hal_uart.o(i.HAL_UARTEx_RxEventCallback)
    HAL_UART_AbortReceiveCpltCallback        0x0800289f   Thumb Code     2  stm32f1xx_hal_uart.o(i.HAL_UART_AbortReceiveCpltCallback)
    HAL_UART_AbortReceive_IT                 0x080028a1   Thumb Code   148  stm32f1xx_hal_uart.o(i.HAL_UART_AbortReceive_IT)
    HAL_UART_ErrorCallback                   0x08002939   Thumb Code     4  main.o(i.HAL_UART_ErrorCallback)
    HAL_UART_IRQHandler                      0x0800293d   Thumb Code   616  stm32f1xx_hal_uart.o(i.HAL_UART_IRQHandler)
    HAL_UART_Init                            0x08002ba9   Thumb Code   100  stm32f1xx_hal_uart.o(i.HAL_UART_Init)
    HAL_UART_MspInit                         0x08002c0d   Thumb Code   186  usart.o(i.HAL_UART_MspInit)
    HAL_UART_Receive_IT                      0x08002cdd   Thumb Code    28  stm32f1xx_hal_uart.o(i.HAL_UART_Receive_IT)
    HAL_UART_RxCpltCallback                  0x08002cf9   Thumb Code     4  main.o(i.HAL_UART_RxCpltCallback)
    HAL_UART_Transmit                        0x08002cfd   Thumb Code   160  stm32f1xx_hal_uart.o(i.HAL_UART_Transmit)
    HAL_UART_TxCpltCallback                  0x08002d9d   Thumb Code     2  stm32f1xx_hal_uart.o(i.HAL_UART_TxCpltCallback)
    HardFault_Handler                        0x08002d9f   Thumb Code     2  stm32f1xx_it.o(i.HardFault_Handler)
    MPU_getdata                              0x08002f15   Thumb Code   488  mpu6050.o(i.MPU_getdata)
    MPU_init                                 0x08003105   Thumb Code   204  mpu6050.o(i.MPU_init)
    MX_GPIO_Init                             0x080034a1   Thumb Code   156  gpio.o(i.MX_GPIO_Init)
    MX_TIM3_Init                             0x08003549   Thumb Code   150  tim.o(i.MX_TIM3_Init)
    MX_TIM4_Init                             0x080035e9   Thumb Code    98  tim.o(i.MX_TIM4_Init)
    MX_TIM8_Init                             0x08003655   Thumb Code   100  tim.o(i.MX_TIM8_Init)
    MX_USART1_UART_Init                      0x080036c1   Thumb Code    48  usart.o(i.MX_USART1_UART_Init)
    MX_USART3_UART_Init                      0x080036f9   Thumb Code    48  usart.o(i.MX_USART3_UART_Init)
    MemManage_Handler                        0x08003741   Thumb Code     2  stm32f1xx_it.o(i.MemManage_Handler)
    Motor_Init                               0x08003765   Thumb Code    54  motor.o(i.Motor_Init)
    Motor_SetDuty                            0x080037b1   Thumb Code   112  motor.o(i.Motor_SetDuty)
    Motor_Stop                               0x08003831   Thumb Code    22  motor.o(i.Motor_Stop)
    MpuApp_GetLatest                         0x0800384d   Thumb Code    26  mpu_app.o(i.MpuApp_GetLatest)
    MpuApp_Init                              0x08003871   Thumb Code    46  mpu_app.o(i.MpuApp_Init)
    MpuApp_Read                              0x080038d1   Thumb Code   120  mpu_app.o(i.MpuApp_Read)
    MpuApp_Task                              0x08003975   Thumb Code    74  mpu_app.o(i.MpuApp_Task)
    NMI_Handler                              0x080039d9   Thumb Code     2  stm32f1xx_it.o(i.NMI_Handler)
    OLED_Clear                               0x080039dd   Thumb Code    40  oled.o(i.OLED_Clear)
    OLED_DrawPoint                           0x08003a09   Thumb Code    54  oled.o(i.OLED_DrawPoint)
    OLED_Init                                0x08003a45   Thumb Code   238  oled.o(i.OLED_Init)
    OLED_Refresh_Gram                        0x08003b39   Thumb Code    70  oled.o(i.OLED_Refresh_Gram)
    OLED_ShowChar                            0x08003b85   Thumb Code   134  oled.o(i.OLED_ShowChar)
    OLED_ShowNumber                          0x08003c15   Thumb Code   120  oled.o(i.OLED_ShowNumber)
    OLED_ShowString                          0x08003c8d   Thumb Code    62  oled.o(i.OLED_ShowString)
    OLED_WR_Byte                             0x08003ccd   Thumb Code    98  oled.o(i.OLED_WR_Byte)
    PendSV_Handler                           0x08003d39   Thumb Code     2  stm32f1xx_it.o(i.PendSV_Handler)
    SVC_Handler                              0x08003d3b   Thumb Code     2  stm32f1xx_it.o(i.SVC_Handler)
    SysTick_Handler                          0x08003d3d   Thumb Code     4  stm32f1xx_it.o(i.SysTick_Handler)
    SystemClock_Config                       0x08003d41   Thumb Code    94  main.o(i.SystemClock_Config)
    SystemInit                               0x08003d9f   Thumb Code     2  system_stm32f1xx.o(i.SystemInit)
    TIM_Base_SetConfig                       0x08003da1   Thumb Code   134  stm32f1xx_hal_tim.o(i.TIM_Base_SetConfig)
    TIM_CCxChannelCmd                        0x08003e3d   Thumb Code    26  stm32f1xx_hal_tim.o(i.TIM_CCxChannelCmd)
    TIM_OC2_SetConfig                        0x08003eb9   Thumb Code    98  stm32f1xx_hal_tim.o(i.TIM_OC2_SetConfig)
    UART_Start_Receive_IT                    0x080041cd   Thumb Code    54  stm32f1xx_hal_uart.o(i.UART_Start_Receive_IT)
    USART3_IRQHandler                        0x08004275   Thumb Code     6  stm32f1xx_it.o(i.USART3_IRQHandler)
    UsageFault_Handler                       0x08004281   Thumb Code     2  stm32f1xx_it.o(i.UsageFault_Handler)
    __ARM_fpclassify                         0x08004283   Thumb Code    40  fpclassify.o(i.__ARM_fpclassify)
    __kernel_poly                            0x080042cb   Thumb Code   170  poly.o(i.__kernel_poly)
    __mathlib_dbl_infnan                     0x08004375   Thumb Code     6  dunder.o(i.__mathlib_dbl_infnan)
    __mathlib_dbl_infnan2                    0x0800437b   Thumb Code     4  dunder.o(i.__mathlib_dbl_infnan2)
    __mathlib_dbl_invalid                    0x0800437f   Thumb Code    12  dunder.o(i.__mathlib_dbl_invalid)
    __mathlib_dbl_underflow                  0x0800438d   Thumb Code    10  dunder.o(i.__mathlib_dbl_underflow)
    _is_digit                                0x0800439d   Thumb Code    14  __printf_wp.o(i._is_digit)
    _sys_exit                                0x080043ab   Thumb Code     2  usart.o(i._sys_exit)
    asin                                     0x0800442d   Thumb Code   572  asin.o(i.asin)
    atan                                     0x0800469d   Thumb Code   474  atan.o(i.atan)
    atan2                                    0x080048bd   Thumb Code   374  atan2.o(i.atan2)
    dmp_enable_6x_lp_quat                    0x08004a59   Thumb Code    58  inv_mpu_dmp_motion_driver.o(i.dmp_enable_6x_lp_quat)
    dmp_enable_feature                       0x08004a95   Thumb Code   464  inv_mpu_dmp_motion_driver.o(i.dmp_enable_feature)
    dmp_enable_gyro_cal                      0x08004c6d   Thumb Code    34  inv_mpu_dmp_motion_driver.o(i.dmp_enable_gyro_cal)
    dmp_enable_lp_quat                       0x08004ca9   Thumb Code    58  inv_mpu_dmp_motion_driver.o(i.dmp_enable_lp_quat)
    dmp_load_motion_driver_firmware          0x08004ce5   Thumb Code    16  inv_mpu_dmp_motion_driver.o(i.dmp_load_motion_driver_firmware)
    dmp_read_fifo                            0x08004cf9   Thumb Code   346  inv_mpu_dmp_motion_driver.o(i.dmp_read_fifo)
    dmp_set_accel_bias                       0x08004e59   Thumb Code   210  inv_mpu_dmp_motion_driver.o(i.dmp_set_accel_bias)
    dmp_set_fifo_rate                        0x08004f31   Thumb Code    82  inv_mpu_dmp_motion_driver.o(i.dmp_set_fifo_rate)
    dmp_set_gyro_bias                        0x08004f95   Thumb Code   196  inv_mpu_dmp_motion_driver.o(i.dmp_set_gyro_bias)
    dmp_set_orientation                      0x08005061   Thumb Code   246  inv_mpu_dmp_motion_driver.o(i.dmp_set_orientation)
    dmp_set_shake_reject_thresh              0x0800516d   Thumb Code    48  inv_mpu_dmp_motion_driver.o(i.dmp_set_shake_reject_thresh)
    dmp_set_shake_reject_time                0x0800519d   Thumb Code    32  inv_mpu_dmp_motion_driver.o(i.dmp_set_shake_reject_time)
    dmp_set_shake_reject_timeout             0x080051bd   Thumb Code    32  inv_mpu_dmp_motion_driver.o(i.dmp_set_shake_reject_timeout)
    dmp_set_tap_axes                         0x080051dd   Thumb Code    64  inv_mpu_dmp_motion_driver.o(i.dmp_set_tap_axes)
    dmp_set_tap_count                        0x0800521d   Thumb Code    34  inv_mpu_dmp_motion_driver.o(i.dmp_set_tap_count)
    dmp_set_tap_thresh                       0x08005241   Thumb Code   274  inv_mpu_dmp_motion_driver.o(i.dmp_set_tap_thresh)
    dmp_set_tap_time                         0x08005369   Thumb Code    32  inv_mpu_dmp_motion_driver.o(i.dmp_set_tap_time)
    dmp_set_tap_time_multi                   0x08005389   Thumb Code    32  inv_mpu_dmp_motion_driver.o(i.dmp_set_tap_time_multi)
    fputc                                    0x080053a9   Thumb Code    26  usart.o(i.fputc)
    i2cInit                                  0x0800585d   Thumb Code    50  stm32_i2c.o(i.i2cInit)
    i2cRead                                  0x08005895   Thumb Code   262  stm32_i2c.o(i.i2cRead)
    i2cWriteBuffer                           0x080059a1   Thumb Code    84  stm32_i2c.o(i.i2cWriteBuffer)
    i2cread                                  0x080059f5   Thumb Code    18  stm32_i2c.o(i.i2cread)
    i2cwrite                                 0x08005a07   Thumb Code    18  stm32_i2c.o(i.i2cwrite)
    main                                     0x08005a61   Thumb Code   282  main.o(i.main)
    mpu_configure_fifo                       0x08005bbd   Thumb Code    78  inv_mpu.o(i.mpu_configure_fifo)
    mpu_get_accel_fsr                        0x08005c11   Thumb Code    54  inv_mpu.o(i.mpu_get_accel_fsr)
    mpu_get_accel_sens                       0x08005c4d   Thumb Code    62  inv_mpu.o(i.mpu_get_accel_sens)
    mpu_get_gyro_fsr                         0x08005c91   Thumb Code    48  inv_mpu.o(i.mpu_get_gyro_fsr)
    mpu_get_gyro_sens                        0x08005cc5   Thumb Code    44  inv_mpu.o(i.mpu_get_gyro_sens)
    mpu_get_lpf                              0x08005d05   Thumb Code    52  inv_mpu.o(i.mpu_get_lpf)
    mpu_get_sample_rate                      0x08005d3d   Thumb Code    22  inv_mpu.o(i.mpu_get_sample_rate)
    mpu_init                                 0x08005d59   Thumb Code   342  inv_mpu.o(i.mpu_init)
    mpu_load_firmware                        0x08005f49   Thumb Code   154  inv_mpu.o(i.mpu_load_firmware)
    mpu_lp_accel_mode                        0x08005fe9   Thumb Code   178  inv_mpu.o(i.mpu_lp_accel_mode)
    mpu_read_fifo_stream                     0x080060a1   Thumb Code   140  inv_mpu.o(i.mpu_read_fifo_stream)
    mpu_read_mem                             0x08006131   Thumb Code    80  inv_mpu.o(i.mpu_read_mem)
    mpu_reset_fifo                           0x08006185   Thumb Code   346  inv_mpu.o(i.mpu_reset_fifo)
    mpu_run_self_test                        0x080062e5   Thumb Code   236  inv_mpu.o(i.mpu_run_self_test)
    mpu_set_accel_fsr                        0x080063d5   Thumb Code    98  inv_mpu.o(i.mpu_set_accel_fsr)
    mpu_set_bypass                           0x0800643d   Thumb Code   214  inv_mpu.o(i.mpu_set_bypass)
    mpu_set_dmp_state                        0x08006519   Thumb Code   114  inv_mpu.o(i.mpu_set_dmp_state)
    mpu_set_gyro_fsr                         0x08006591   Thumb Code   104  inv_mpu.o(i.mpu_set_gyro_fsr)
    mpu_set_int_latched                      0x080065fd   Thumb Code    94  inv_mpu.o(i.mpu_set_int_latched)
    mpu_set_lpf                              0x08006661   Thumb Code   102  inv_mpu.o(i.mpu_set_lpf)
    mpu_set_sample_rate                      0x080066cd   Thumb Code   124  inv_mpu.o(i.mpu_set_sample_rate)
    mpu_set_sensors                          0x0800674d   Thumb Code   178  inv_mpu.o(i.mpu_set_sensors)
    mpu_write_mem                            0x08006805   Thumb Code    80  inv_mpu.o(i.mpu_write_mem)
    oled_pow                                 0x08006859   Thumb Code    16  oled.o(i.oled_pow)
    sqrt                                     0x08006991   Thumb Code    76  sqrt.o(i.sqrt)
    _get_lc_numeric                          0x080069dd   Thumb Code    44  lc_numeric_c.o(locale$$code)
    __aeabi_d2f                              0x08006a09   Thumb Code     0  d2f.o(x$fpl$d2f)
    _d2f                                     0x08006a09   Thumb Code    98  d2f.o(x$fpl$d2f)
    __aeabi_dadd                             0x08006a6d   Thumb Code     0  daddsub_clz.o(x$fpl$dadd)
    _dadd                                    0x08006a6d   Thumb Code   332  daddsub_clz.o(x$fpl$dadd)
    __fpl_dcheck_NaN1                        0x08006bbd   Thumb Code    10  dcheck1.o(x$fpl$dcheck1)
    __fpl_dcmp_Inf                           0x08006bcd   Thumb Code    24  dcmpi.o(x$fpl$dcmpinf)
    __aeabi_ddiv                             0x08006be5   Thumb Code     0  ddiv.o(x$fpl$ddiv)
    _ddiv                                    0x08006be5   Thumb Code   552  ddiv.o(x$fpl$ddiv)
    __aeabi_cdcmpeq                          0x08006e95   Thumb Code     0  deqf.o(x$fpl$deqf)
    _dcmpeq                                  0x08006e95   Thumb Code   120  deqf.o(x$fpl$deqf)
    __aeabi_dmul                             0x08006f0d   Thumb Code     0  dmul.o(x$fpl$dmul)
    _dmul                                    0x08006f0d   Thumb Code   332  dmul.o(x$fpl$dmul)
    __fpl_dnaninf                            0x08007061   Thumb Code   156  dnaninf.o(x$fpl$dnaninf)
    __fpl_dretinf                            0x080070fd   Thumb Code    12  dretinf.o(x$fpl$dretinf)
    __aeabi_drsub                            0x08007109   Thumb Code     0  daddsub_clz.o(x$fpl$drsb)
    _drsb                                    0x08007109   Thumb Code    22  daddsub_clz.o(x$fpl$drsb)
    _dsqrt                                   0x08007121   Thumb Code   456  dsqrt_noumaal.o(x$fpl$dsqrt)
    __aeabi_dsub                             0x080072ed   Thumb Code     0  daddsub_clz.o(x$fpl$dsub)
    _dsub                                    0x080072ed   Thumb Code   464  daddsub_clz.o(x$fpl$dsub)
    __aeabi_f2d                              0x080074c1   Thumb Code     0  f2d.o(x$fpl$f2d)
    _f2d                                     0x080074c1   Thumb Code    86  f2d.o(x$fpl$f2d)
    __aeabi_fadd                             0x08007519   Thumb Code     0  faddsub_clz.o(x$fpl$fadd)
    _fadd                                    0x08007519   Thumb Code   196  faddsub_clz.o(x$fpl$fadd)
    __fpl_fcheck_NaN1                        0x080075dd   Thumb Code     6  fcheck1.o(x$fpl$fcheck1)
    __fpl_fcmp_Inf                           0x080075e9   Thumb Code    24  fcmpi.o(x$fpl$fcmpinf)
    __aeabi_fdiv                             0x08007601   Thumb Code     0  fdiv.o(x$fpl$fdiv)
    _fdiv                                    0x08007601   Thumb Code   384  fdiv.o(x$fpl$fdiv)
    __aeabi_f2iz                             0x08007785   Thumb Code     0  ffix.o(x$fpl$ffix)
    _ffix                                    0x08007785   Thumb Code    54  ffix.o(x$fpl$ffix)
    __aeabi_f2uiz                            0x080077bd   Thumb Code     0  ffixu.o(x$fpl$ffixu)
    _ffixu                                   0x080077bd   Thumb Code    62  ffixu.o(x$fpl$ffixu)
    __aeabi_i2f                              0x080077fd   Thumb Code     0  fflt_clz.o(x$fpl$fflt)
    _fflt                                    0x080077fd   Thumb Code    48  fflt_clz.o(x$fpl$fflt)
    __aeabi_ui2f                             0x0800782d   Thumb Code     0  fflt_clz.o(x$fpl$ffltu)
    _ffltu                                   0x0800782d   Thumb Code    38  fflt_clz.o(x$fpl$ffltu)
    __aeabi_cfcmple                          0x08007855   Thumb Code     0  fleqf.o(x$fpl$fleqf)
    _fcmple                                  0x08007855   Thumb Code   104  fleqf.o(x$fpl$fleqf)
    __fpl_fcmple_InfNaN                      0x080078a7   Thumb Code     0  fleqf.o(x$fpl$fleqf)
    __aeabi_fmul                             0x080078bd   Thumb Code     0  fmul.o(x$fpl$fmul)
    _fmul                                    0x080078bd   Thumb Code   258  fmul.o(x$fpl$fmul)
    __fpl_fnaninf                            0x080079bf   Thumb Code   140  fnaninf.o(x$fpl$fnaninf)
    __fpl_fretinf                            0x08007a4b   Thumb Code    10  fretinf.o(x$fpl$fretinf)
    __aeabi_cfrcmple                         0x08007a55   Thumb Code     0  frleqf.o(x$fpl$frleqf)
    _frcmple                                 0x08007a55   Thumb Code    98  frleqf.o(x$fpl$frleqf)
    __aeabi_fsub                             0x08007ab9   Thumb Code     0  faddsub_clz.o(x$fpl$fsub)
    _fsub                                    0x08007ab9   Thumb Code   234  faddsub_clz.o(x$fpl$fsub)
    _printf_fp_dec                           0x08007ba3   Thumb Code     4  printf1.o(x$fpl$printf1)
    __fpl_return_NaN                         0x08007ba7   Thumb Code   100  retnan.o(x$fpl$retnan)
    __ARM_scalbn                             0x08007c0b   Thumb Code    92  scalbn.o(x$fpl$scalbn)
    __ARM_scalbnf                            0x08007c67   Thumb Code    76  scalbnf.o(x$fpl$scalbnf)
    __fpl_cmpreturn                          0x08007cb3   Thumb Code    48  trapv.o(x$fpl$trapveneer)
    __I$use$fp                               0x08007ce2   Number         0  usenofp.o(x$fpl$usenofp)
    hw                                       0x08007ce2   Data          12  inv_mpu.o(.constdata)
    reg                                      0x08007cee   Data          27  inv_mpu.o(.constdata)
    test                                     0x08007d0c   Data          40  inv_mpu.o(.constdata)
    AHBPrescTable                            0x0800893c   Data          16  system_stm32f1xx.o(.constdata)
    APBPrescTable                            0x0800894c   Data           8  system_stm32f1xx.o(.constdata)
    oled_asc2_1206                           0x08008954   Data        1140  oled.o(.constdata)
    oled_asc2_1608                           0x08008dc8   Data        1520  oled.o(.constdata)
    __mathlib_zero                           0x080094a0   Data           8  qnan.o(.constdata)
    Region$$Table$$Base                      0x0800958c   Number         0  anon$$obj.o(Region$$Table)
    Region$$Table$$Limit                     0x080095ac   Number         0  anon$$obj.o(Region$$Table)
    __stdout                                 0x2000001c   Data           4  usart.o(.data)
    ax                                       0x20000020   Data           2  mpu6050.o(.data)
    ay                                       0x20000022   Data           2  mpu6050.o(.data)
    az                                       0x20000024   Data           2  mpu6050.o(.data)
    gx                                       0x20000026   Data           2  mpu6050.o(.data)
    gy                                       0x20000028   Data           2  mpu6050.o(.data)
    gz                                       0x2000002a   Data           2  mpu6050.o(.data)
    q0                                       0x2000002c   Data           4  mpu6050.o(.data)
    q1                                       0x20000030   Data           4  mpu6050.o(.data)
    q2                                       0x20000034   Data           4  mpu6050.o(.data)
    q3                                       0x20000038   Data           4  mpu6050.o(.data)
    fAX                                      0x2000003c   Data           4  mpu6050.o(.data)
    fAY                                      0x20000040   Data           4  mpu6050.o(.data)
    fAZ                                      0x20000044   Data           4  mpu6050.o(.data)
    uwTickFreq                               0x20000080   Data           1  stm32f1xx_hal.o(.data)
    uwTickPrio                               0x20000084   Data           4  stm32f1xx_hal.o(.data)
    uwTick                                   0x20000088   Data           4  stm32f1xx_hal.o(.data)
    SystemCoreClock                          0x2000008c   Data           4  system_stm32f1xx.o(.data)
    htim3                                    0x20000108   Data          72  tim.o(.bss)
    htim4                                    0x20000150   Data          72  tim.o(.bss)
    htim8                                    0x20000198   Data          72  tim.o(.bss)
    huart1                                   0x200001e0   Data          72  usart.o(.bss)
    huart3                                   0x20000228   Data          72  usart.o(.bss)
    OLED_GRAM                                0x20000280   Data        1024  oled.o(.bss)
    __libspace_start                         0x20000680   Data          96  libspace.o(.bss)
    __temporary_stack_top$libspace           0x200006e0   Data           0  libspace.o(.bss)



==============================================================================

Memory Map of the image

  Image Entry point : 0x08000131

  Load Region LR_IROM1 (Base: 0x08000000, Size: 0x00009658, Max: 0x00040000, ABSOLUTE)

    Execution Region ER_IROM1 (Exec base: 0x08000000, Load base: 0x08000000, Size: 0x000095c8, Max: 0x00040000, ABSOLUTE)

    Exec Addr    Load Addr    Size         Type   Attr      Idx    E Section Name        Object

    0x08000000   0x08000000   0x00000130   Data   RO            3    RESET               startup_stm32f103xe.o
    0x08000130   0x08000130   0x00000008   Code   RO         4120  * !!!main             c_w.l(__main.o)
    0x08000138   0x08000138   0x00000034   Code   RO         4494    !!!scatter          c_w.l(__scatter.o)
    0x0800016c   0x0800016c   0x0000001a   Code   RO         4496    !!handler_copy      c_w.l(__scatter_copy.o)
    0x08000186   0x08000186   0x00000002   PAD
    0x08000188   0x08000188   0x0000001c   Code   RO         4498    !!handler_zi        c_w.l(__scatter_zi.o)
    0x080001a4   0x080001a4   0x00000000   Code   RO         4109    .ARM.Collect$$_printf_percent$$00000000  c_w.l(_printf_percent.o)
    0x080001a4   0x080001a4   0x00000006   Code   RO         4108    .ARM.Collect$$_printf_percent$$00000003  c_w.l(_printf_f.o)
    0x080001aa   0x080001aa   0x00000006   Code   RO         4107    .ARM.Collect$$_printf_percent$$00000009  c_w.l(_printf_d.o)
    0x080001b0   0x080001b0   0x00000004   Code   RO         4209    .ARM.Collect$$_printf_percent$$00000017  c_w.l(_printf_percent_end.o)
    0x080001b4   0x080001b4   0x00000002   Code   RO         4363    .ARM.Collect$$libinit$$00000000  c_w.l(libinit.o)
    0x080001b6   0x080001b6   0x00000000   Code   RO         4365    .ARM.Collect$$libinit$$00000002  c_w.l(libinit2.o)
    0x080001b6   0x080001b6   0x00000000   Code   RO         4367    .ARM.Collect$$libinit$$00000004  c_w.l(libinit2.o)
    0x080001b6   0x080001b6   0x00000000   Code   RO         4370    .ARM.Collect$$libinit$$0000000A  c_w.l(libinit2.o)
    0x080001b6   0x080001b6   0x00000000   Code   RO         4372    .ARM.Collect$$libinit$$0000000C  c_w.l(libinit2.o)
    0x080001b6   0x080001b6   0x00000000   Code   RO         4374    .ARM.Collect$$libinit$$0000000E  c_w.l(libinit2.o)
    0x080001b6   0x080001b6   0x00000006   Code   RO         4375    .ARM.Collect$$libinit$$0000000F  c_w.l(libinit2.o)
    0x080001bc   0x080001bc   0x00000000   Code   RO         4377    .ARM.Collect$$libinit$$00000011  c_w.l(libinit2.o)
    0x080001bc   0x080001bc   0x00000000   Code   RO         4379    .ARM.Collect$$libinit$$00000013  c_w.l(libinit2.o)
    0x080001bc   0x080001bc   0x00000000   Code   RO         4381    .ARM.Collect$$libinit$$00000015  c_w.l(libinit2.o)
    0x080001bc   0x080001bc   0x0000000a   Code   RO         4382    .ARM.Collect$$libinit$$00000016  c_w.l(libinit2.o)
    0x080001c6   0x080001c6   0x00000000   Code   RO         4383    .ARM.Collect$$libinit$$00000017  c_w.l(libinit2.o)
    0x080001c6   0x080001c6   0x00000000   Code   RO         4385    .ARM.Collect$$libinit$$00000019  c_w.l(libinit2.o)
    0x080001c6   0x080001c6   0x00000000   Code   RO         4387    .ARM.Collect$$libinit$$0000001B  c_w.l(libinit2.o)
    0x080001c6   0x080001c6   0x00000000   Code   RO         4389    .ARM.Collect$$libinit$$0000001D  c_w.l(libinit2.o)
    0x080001c6   0x080001c6   0x00000000   Code   RO         4391    .ARM.Collect$$libinit$$0000001F  c_w.l(libinit2.o)
    0x080001c6   0x080001c6   0x00000000   Code   RO         4393    .ARM.Collect$$libinit$$00000021  c_w.l(libinit2.o)
    0x080001c6   0x080001c6   0x00000000   Code   RO         4395    .ARM.Collect$$libinit$$00000023  c_w.l(libinit2.o)
    0x080001c6   0x080001c6   0x00000000   Code   RO         4397    .ARM.Collect$$libinit$$00000025  c_w.l(libinit2.o)
    0x080001c6   0x080001c6   0x00000000   Code   RO         4401    .ARM.Collect$$libinit$$0000002C  c_w.l(libinit2.o)
    0x080001c6   0x080001c6   0x00000000   Code   RO         4403    .ARM.Collect$$libinit$$0000002E  c_w.l(libinit2.o)
    0x080001c6   0x080001c6   0x00000000   Code   RO         4405    .ARM.Collect$$libinit$$00000030  c_w.l(libinit2.o)
    0x080001c6   0x080001c6   0x00000000   Code   RO         4407    .ARM.Collect$$libinit$$00000032  c_w.l(libinit2.o)
    0x080001c6   0x080001c6   0x00000002   Code   RO         4408    .ARM.Collect$$libinit$$00000033  c_w.l(libinit2.o)
    0x080001c8   0x080001c8   0x00000002   Code   RO         4452    .ARM.Collect$$libshutdown$$00000000  c_w.l(libshutdown.o)
    0x080001ca   0x080001ca   0x00000000   Code   RO         4461    .ARM.Collect$$libshutdown$$00000002  c_w.l(libshutdown2.o)
    0x080001ca   0x080001ca   0x00000000   Code   RO         4463    .ARM.Collect$$libshutdown$$00000004  c_w.l(libshutdown2.o)
    0x080001ca   0x080001ca   0x00000000   Code   RO         4465    .ARM.Collect$$libshutdown$$00000006  c_w.l(libshutdown2.o)
    0x080001ca   0x080001ca   0x00000000   Code   RO         4468    .ARM.Collect$$libshutdown$$00000009  c_w.l(libshutdown2.o)
    0x080001ca   0x080001ca   0x00000000   Code   RO         4471    .ARM.Collect$$libshutdown$$0000000C  c_w.l(libshutdown2.o)
    0x080001ca   0x080001ca   0x00000000   Code   RO         4473    .ARM.Collect$$libshutdown$$0000000E  c_w.l(libshutdown2.o)
    0x080001ca   0x080001ca   0x00000000   Code   RO         4476    .ARM.Collect$$libshutdown$$00000011  c_w.l(libshutdown2.o)
    0x080001ca   0x080001ca   0x00000002   Code   RO         4477    .ARM.Collect$$libshutdown$$00000012  c_w.l(libshutdown2.o)
    0x080001cc   0x080001cc   0x00000000   Code   RO         4198    .ARM.Collect$$rtentry$$00000000  c_w.l(__rtentry.o)
    0x080001cc   0x080001cc   0x00000000   Code   RO         4267    .ARM.Collect$$rtentry$$00000002  c_w.l(__rtentry2.o)
    0x080001cc   0x080001cc   0x00000006   Code   RO         4279    .ARM.Collect$$rtentry$$00000004  c_w.l(__rtentry4.o)
    0x080001d2   0x080001d2   0x00000000   Code   RO         4269    .ARM.Collect$$rtentry$$00000009  c_w.l(__rtentry2.o)
    0x080001d2   0x080001d2   0x00000004   Code   RO         4270    .ARM.Collect$$rtentry$$0000000A  c_w.l(__rtentry2.o)
    0x080001d6   0x080001d6   0x00000000   Code   RO         4272    .ARM.Collect$$rtentry$$0000000C  c_w.l(__rtentry2.o)
    0x080001d6   0x080001d6   0x00000008   Code   RO         4273    .ARM.Collect$$rtentry$$0000000D  c_w.l(__rtentry2.o)
    0x080001de   0x080001de   0x00000002   Code   RO         4411    .ARM.Collect$$rtexit$$00000000  c_w.l(rtexit.o)
    0x080001e0   0x080001e0   0x00000000   Code   RO         4422    .ARM.Collect$$rtexit$$00000002  c_w.l(rtexit2.o)
    0x080001e0   0x080001e0   0x00000004   Code   RO         4423    .ARM.Collect$$rtexit$$00000003  c_w.l(rtexit2.o)
    0x080001e4   0x080001e4   0x00000006   Code   RO         4424    .ARM.Collect$$rtexit$$00000004  c_w.l(rtexit2.o)
    0x080001ea   0x080001ea   0x00000002   PAD
    0x080001ec   0x080001ec   0x00000040   Code   RO            4    .text               startup_stm32f103xe.o
    0x0800022c   0x0800022c   0x00000002   Code   RO         4073    .text               c_w.l(use_no_semi_2.o)
    0x0800022e   0x0800022e   0x00000048   Code   RO         4077    .text               c_w.l(llsdiv.o)
    0x08000276   0x08000276   0x00000002   PAD
    0x08000278   0x08000278   0x00000018   Code   RO         4081    .text               c_w.l(noretval__2printf.o)
    0x08000290   0x08000290   0x00000078   Code   RO         4085    .text               c_w.l(_printf_dec.o)
    0x08000308   0x08000308   0x00000160   Code   RO         4102    .text               c_w.l(__printf_ss_wp.o)
    0x08000468   0x08000468   0x00000058   Code   RO         4110    .text               c_w.l(memcmp.o)
    0x080004c0   0x080004c0   0x00000064   Code   RO         4112    .text               c_w.l(rt_memcpy_w.o)
    0x08000524   0x08000524   0x00000010   Code   RO         4114    .text               c_w.l(aeabi_memset.o)
    0x08000534   0x08000534   0x0000004e   Code   RO         4116    .text               c_w.l(rt_memclr_w.o)
    0x08000582   0x08000582   0x00000006   Code   RO         4118    .text               c_w.l(heapauxi.o)
    0x08000588   0x08000588   0x00000002   Code   RO         4196    .text               c_w.l(use_no_semi.o)
    0x0800058a   0x0800058a   0x000000ee   Code   RO         4199    .text               c_w.l(lludivv7m.o)
    0x08000678   0x08000678   0x00000016   Code   RO         4201    .text               c_w.l(_rserrno.o)
    0x0800068e   0x0800068e   0x000000b2   Code   RO         4203    .text               c_w.l(_printf_intcommon.o)
    0x08000740   0x08000740   0x0000041e   Code   RO         4205    .text               c_w.l(_printf_fp_dec.o)
    0x08000b5e   0x08000b5e   0x00000002   PAD
    0x08000b60   0x08000b60   0x00000024   Code   RO         4207    .text               c_w.l(_printf_char_file.o)
    0x08000b84   0x08000b84   0x00000044   Code   RO         4210    .text               c_w.l(rt_memclr.o)
    0x08000bc8   0x08000bc8   0x00000008   Code   RO         4288    .text               c_w.l(rt_locale_intlibspace.o)
    0x08000bd0   0x08000bd0   0x00000008   Code   RO         4293    .text               c_w.l(rt_errno_addr_intlibspace.o)
    0x08000bd8   0x08000bd8   0x0000008a   Code   RO         4295    .text               c_w.l(lludiv10.o)
    0x08000c62   0x08000c62   0x00000002   PAD
    0x08000c64   0x08000c64   0x00000030   Code   RO         4297    .text               c_w.l(_printf_char_common.o)
    0x08000c94   0x08000c94   0x00000080   Code   RO         4299    .text               c_w.l(_printf_fp_infnan.o)
    0x08000d14   0x08000d14   0x000000e4   Code   RO         4301    .text               c_w.l(bigflt0.o)
    0x08000df8   0x08000df8   0x00000008   Code   RO         4326    .text               c_w.l(ferror.o)
    0x08000e00   0x08000e00   0x00000008   Code   RO         4345    .text               c_w.l(libspace.o)
    0x08000e08   0x08000e08   0x0000004a   Code   RO         4348    .text               c_w.l(sys_stackheap_outer.o)
    0x08000e52   0x08000e52   0x00000012   Code   RO         4354    .text               c_w.l(exit.o)
    0x08000e64   0x08000e64   0x00000080   Code   RO         4356    .text               c_w.l(strcmpv7m.o)
    0x08000ee4   0x08000ee4   0x0000003e   Code   RO         4304    CL$$btod_d2e        c_w.l(btod.o)
    0x08000f22   0x08000f22   0x00000046   Code   RO         4306    CL$$btod_d2e_denorm_low  c_w.l(btod.o)
    0x08000f68   0x08000f68   0x00000060   Code   RO         4305    CL$$btod_d2e_norm_op1  c_w.l(btod.o)
    0x08000fc8   0x08000fc8   0x00000338   Code   RO         4314    CL$$btod_div_common  c_w.l(btod.o)
    0x08001300   0x08001300   0x000000dc   Code   RO         4311    CL$$btod_e2e        c_w.l(btod.o)
    0x080013dc   0x080013dc   0x0000002a   Code   RO         4308    CL$$btod_ediv       c_w.l(btod.o)
    0x08001406   0x08001406   0x0000002a   Code   RO         4307    CL$$btod_emul       c_w.l(btod.o)
    0x08001430   0x08001430   0x00000244   Code   RO         4313    CL$$btod_mult_common  c_w.l(btod.o)
    0x08001674   0x08001674   0x00000034   Code   RO          177    i.AnglePid_Init     angle_pid.o
    0x080016a8   0x080016a8   0x00000026   Code   RO          178    i.AnglePid_LimitFloat  angle_pid.o
    0x080016ce   0x080016ce   0x00000002   PAD
    0x080016d0   0x080016d0   0x00000010   Code   RO          179    i.AnglePid_ResetDynamicState  angle_pid.o
    0x080016e0   0x080016e0   0x0000000e   Code   RO          182    i.AnglePid_Stop     angle_pid.o
    0x080016ee   0x080016ee   0x00000002   PAD
    0x080016f0   0x080016f0   0x0000010c   Code   RO          183    i.AnglePid_Task     angle_pid.o
    0x080017fc   0x080017fc   0x00000056   Code   RO          503    i.Bluetooth_DecodeCommand  bluetooth.o
    0x08001852   0x08001852   0x00000002   PAD
    0x08001854   0x08001854   0x000000f0   Code   RO          504    i.Bluetooth_GetCommandName  bluetooth.o
    0x08001944   0x08001944   0x0000002c   Code   RO          505    i.Bluetooth_GetStatus  bluetooth.o
    0x08001970   0x08001970   0x00000018   Code   RO          506    i.Bluetooth_Init    bluetooth.o
    0x08001988   0x08001988   0x00000028   Code   RO          508    i.Bluetooth_ReadCommand  bluetooth.o
    0x080019b0   0x080019b0   0x00000044   Code   RO          509    i.Bluetooth_ReadRaw  bluetooth.o
    0x080019f4   0x080019f4   0x00000014   Code   RO          510    i.Bluetooth_StartReceiveIT  bluetooth.o
    0x08001a08   0x08001a08   0x0000002c   Code   RO          511    i.Bluetooth_UART_ErrorCallback  bluetooth.o
    0x08001a34   0x08001a34   0x0000005c   Code   RO          512    i.Bluetooth_UART_RxCpltCallback  bluetooth.o
    0x08001a90   0x08001a90   0x00000002   Code   RO          821    i.BusFault_Handler  stm32f1xx_it.o
    0x08001a92   0x08001a92   0x00000002   Code   RO          822    i.DebugMon_Handler  stm32f1xx_it.o
    0x08001a94   0x08001a94   0x00000004   Code   RO          600    i.Error_Handler     main.o
    0x08001a98   0x08001a98   0x00000046   Code   RO         2978    i.HAL_DMA_Abort     stm32f1xx_hal_dma.o
    0x08001ade   0x08001ade   0x00000002   PAD
    0x08001ae0   0x08001ae0   0x00000130   Code   RO         2979    i.HAL_DMA_Abort_IT  stm32f1xx_hal_dma.o
    0x08001c10   0x08001c10   0x00000024   Code   RO         2604    i.HAL_Delay         stm32f1xx_hal.o
    0x08001c34   0x08001c34   0x000001f8   Code   RO         2914    i.HAL_GPIO_Init     stm32f1xx_hal_gpio.o
    0x08001e2c   0x08001e2c   0x0000000a   Code   RO         2916    i.HAL_GPIO_ReadPin  stm32f1xx_hal_gpio.o
    0x08001e36   0x08001e36   0x0000000a   Code   RO         2918    i.HAL_GPIO_WritePin  stm32f1xx_hal_gpio.o
    0x08001e40   0x08001e40   0x0000000c   Code   RO         2608    i.HAL_GetTick       stm32f1xx_hal.o
    0x08001e4c   0x08001e4c   0x00000010   Code   RO         2614    i.HAL_IncTick       stm32f1xx_hal.o
    0x08001e5c   0x08001e5c   0x00000024   Code   RO         2615    i.HAL_Init          stm32f1xx_hal.o
    0x08001e80   0x08001e80   0x00000040   Code   RO         2616    i.HAL_InitTick      stm32f1xx_hal.o
    0x08001ec0   0x08001ec0   0x0000003c   Code   RO          902    i.HAL_MspInit       stm32f1xx_hal_msp.o
    0x08001efc   0x08001efc   0x0000001a   Code   RO         3074    i.HAL_NVIC_EnableIRQ  stm32f1xx_hal_cortex.o
    0x08001f16   0x08001f16   0x00000002   PAD
    0x08001f18   0x08001f18   0x00000040   Code   RO         3080    i.HAL_NVIC_SetPriority  stm32f1xx_hal_cortex.o
    0x08001f58   0x08001f58   0x00000024   Code   RO         3081    i.HAL_NVIC_SetPriorityGrouping  stm32f1xx_hal_cortex.o
    0x08001f7c   0x08001f7c   0x0000012c   Code   RO         2772    i.HAL_RCC_ClockConfig  stm32f1xx_hal_rcc.o
    0x080020a8   0x080020a8   0x00000020   Code   RO         2779    i.HAL_RCC_GetPCLK1Freq  stm32f1xx_hal_rcc.o
    0x080020c8   0x080020c8   0x00000020   Code   RO         2780    i.HAL_RCC_GetPCLK2Freq  stm32f1xx_hal_rcc.o
    0x080020e8   0x080020e8   0x0000004c   Code   RO         2781    i.HAL_RCC_GetSysClockFreq  stm32f1xx_hal_rcc.o
    0x08002134   0x08002134   0x00000320   Code   RO         2784    i.HAL_RCC_OscConfig  stm32f1xx_hal_rcc.o
    0x08002454   0x08002454   0x00000028   Code   RO         3085    i.HAL_SYSTICK_Config  stm32f1xx_hal_cortex.o
    0x0800247c   0x0800247c   0x0000007c   Code   RO         2349    i.HAL_TIMEx_MasterConfigSynchronization  stm32f1xx_hal_tim_ex.o
    0x080024f8   0x080024f8   0x000000a4   Code   RO         1647    i.HAL_TIM_Encoder_Init  stm32f1xx_hal_tim.o
    0x0800259c   0x0800259c   0x0000008c   Code   RO          685    i.HAL_TIM_Encoder_MspInit  tim.o
    0x08002628   0x08002628   0x00000070   Code   RO          686    i.HAL_TIM_MspPostInit  tim.o
    0x08002698   0x08002698   0x000000cc   Code   RO         1698    i.HAL_TIM_PWM_ConfigChannel  stm32f1xx_hal_tim.o
    0x08002764   0x08002764   0x0000005a   Code   RO         1701    i.HAL_TIM_PWM_Init  stm32f1xx_hal_tim.o
    0x080027be   0x080027be   0x00000002   PAD
    0x080027c0   0x080027c0   0x00000028   Code   RO          688    i.HAL_TIM_PWM_MspInit  tim.o
    0x080027e8   0x080027e8   0x000000b4   Code   RO         1706    i.HAL_TIM_PWM_Start  stm32f1xx_hal_tim.o
    0x0800289c   0x0800289c   0x00000002   Code   RO         3586    i.HAL_UARTEx_RxEventCallback  stm32f1xx_hal_uart.o
    0x0800289e   0x0800289e   0x00000002   Code   RO         3590    i.HAL_UART_AbortReceiveCpltCallback  stm32f1xx_hal_uart.o
    0x080028a0   0x080028a0   0x00000098   Code   RO         3591    i.HAL_UART_AbortReceive_IT  stm32f1xx_hal_uart.o
    0x08002938   0x08002938   0x00000004   Code   RO          601    i.HAL_UART_ErrorCallback  main.o
    0x0800293c   0x0800293c   0x0000026c   Code   RO         3603    i.HAL_UART_IRQHandler  stm32f1xx_hal_uart.o
    0x08002ba8   0x08002ba8   0x00000064   Code   RO         3604    i.HAL_UART_Init     stm32f1xx_hal_uart.o
    0x08002c0c   0x08002c0c   0x000000d0   Code   RO          757    i.HAL_UART_MspInit  usart.o
    0x08002cdc   0x08002cdc   0x0000001c   Code   RO         3609    i.HAL_UART_Receive_IT  stm32f1xx_hal_uart.o
    0x08002cf8   0x08002cf8   0x00000004   Code   RO          602    i.HAL_UART_RxCpltCallback  main.o
    0x08002cfc   0x08002cfc   0x000000a0   Code   RO         3612    i.HAL_UART_Transmit  stm32f1xx_hal_uart.o
    0x08002d9c   0x08002d9c   0x00000002   Code   RO         3615    i.HAL_UART_TxCpltCallback  stm32f1xx_hal_uart.o
    0x08002d9e   0x08002d9e   0x00000002   Code   RO          823    i.HardFault_Handler  stm32f1xx_it.o
    0x08002da0   0x08002da0   0x00000060   Code   RO          926    i.I2C_SendByte      stm32_i2c.o
    0x08002e00   0x08002e00   0x0000005c   Code   RO          927    i.I2C_Start         stm32_i2c.o
    0x08002e5c   0x08002e5c   0x0000004c   Code   RO          928    i.I2C_Stop          stm32_i2c.o
    0x08002ea8   0x08002ea8   0x0000005c   Code   RO          929    i.I2C_WaitAck       stm32_i2c.o
    0x08002f04   0x08002f04   0x0000000e   Code   RO          930    i.I2C_delay         stm32_i2c.o
    0x08002f12   0x08002f12   0x00000002   PAD
    0x08002f14   0x08002f14   0x000001f0   Code   RO         1012    i.MPU_getdata       mpu6050.o
    0x08003104   0x08003104   0x0000039c   Code   RO         1013    i.MPU_init          mpu6050.o
    0x080034a0   0x080034a0   0x000000a8   Code   RO          660    i.MX_GPIO_Init      gpio.o
    0x08003548   0x08003548   0x000000a0   Code   RO          689    i.MX_TIM3_Init      tim.o
    0x080035e8   0x080035e8   0x0000006c   Code   RO          690    i.MX_TIM4_Init      tim.o
    0x08003654   0x08003654   0x0000006c   Code   RO          691    i.MX_TIM8_Init      tim.o
    0x080036c0   0x080036c0   0x00000038   Code   RO          758    i.MX_USART1_UART_Init  usart.o
    0x080036f8   0x080036f8   0x00000038   Code   RO          759    i.MX_USART3_UART_Init  usart.o
    0x08003730   0x08003730   0x00000010   Code   RO          603    i.Main_HexNibble    main.o
    0x08003740   0x08003740   0x00000002   Code   RO          824    i.MemManage_Handler  stm32f1xx_it.o
    0x08003742   0x08003742   0x00000002   PAD
    0x08003744   0x08003744   0x00000020   Code   RO           15    i.Motor_DutyToCompare  motor.o
    0x08003764   0x08003764   0x00000036   Code   RO           16    i.Motor_Init        motor.o
    0x0800379a   0x0800379a   0x00000014   Code   RO           17    i.Motor_LimitDuty   motor.o
    0x080037ae   0x080037ae   0x00000002   PAD
    0x080037b0   0x080037b0   0x00000074   Code   RO           18    i.Motor_SetDuty     motor.o
    0x08003824   0x08003824   0x0000000c   Code   RO           20    i.Motor_StartChannel  motor.o
    0x08003830   0x08003830   0x0000001c   Code   RO           21    i.Motor_Stop        motor.o
    0x0800384c   0x0800384c   0x00000024   Code   RO          249    i.MpuApp_GetLatest  mpu_app.o
    0x08003870   0x08003870   0x00000060   Code   RO          250    i.MpuApp_Init       mpu_app.o
    0x080038d0   0x080038d0   0x000000a4   Code   RO          251    i.MpuApp_Read       mpu_app.o
    0x08003974   0x08003974   0x00000064   Code   RO          252    i.MpuApp_Task       mpu_app.o
    0x080039d8   0x080039d8   0x00000002   Code   RO          825    i.NMI_Handler       stm32f1xx_it.o
    0x080039da   0x080039da   0x00000002   PAD
    0x080039dc   0x080039dc   0x0000002c   Code   RO         3975    i.OLED_Clear        oled.o
    0x08003a08   0x08003a08   0x0000003c   Code   RO         3978    i.OLED_DrawPoint    oled.o
    0x08003a44   0x08003a44   0x000000f4   Code   RO         3979    i.OLED_Init         oled.o
    0x08003b38   0x08003b38   0x0000004c   Code   RO         3981    i.OLED_Refresh_Gram  oled.o
    0x08003b84   0x08003b84   0x00000090   Code   RO         3982    i.OLED_ShowChar     oled.o
    0x08003c14   0x08003c14   0x00000078   Code   RO         3983    i.OLED_ShowNumber   oled.o
    0x08003c8c   0x08003c8c   0x0000003e   Code   RO         3984    i.OLED_ShowString   oled.o
    0x08003cca   0x08003cca   0x00000002   PAD
    0x08003ccc   0x08003ccc   0x0000006c   Code   RO         3985    i.OLED_WR_Byte      oled.o
    0x08003d38   0x08003d38   0x00000002   Code   RO          826    i.PendSV_Handler    stm32f1xx_it.o
    0x08003d3a   0x08003d3a   0x00000002   Code   RO          827    i.SVC_Handler       stm32f1xx_it.o
    0x08003d3c   0x08003d3c   0x00000004   Code   RO          828    i.SysTick_Handler   stm32f1xx_it.o
    0x08003d40   0x08003d40   0x0000005e   Code   RO          604    i.SystemClock_Config  main.o
    0x08003d9e   0x08003d9e   0x00000002   Code   RO         3938    i.SystemInit        system_stm32f1xx.o
    0x08003da0   0x08003da0   0x0000009c   Code   RO         1719    i.TIM_Base_SetConfig  stm32f1xx_hal_tim.o
    0x08003e3c   0x08003e3c   0x0000001a   Code   RO         1720    i.TIM_CCxChannelCmd  stm32f1xx_hal_tim.o
    0x08003e56   0x08003e56   0x00000002   PAD
    0x08003e58   0x08003e58   0x00000060   Code   RO         1732    i.TIM_OC1_SetConfig  stm32f1xx_hal_tim.o
    0x08003eb8   0x08003eb8   0x0000006c   Code   RO         1733    i.TIM_OC2_SetConfig  stm32f1xx_hal_tim.o
    0x08003f24   0x08003f24   0x00000068   Code   RO         1734    i.TIM_OC3_SetConfig  stm32f1xx_hal_tim.o
    0x08003f8c   0x08003f8c   0x00000050   Code   RO         1735    i.TIM_OC4_SetConfig  stm32f1xx_hal_tim.o
    0x08003fdc   0x08003fdc   0x00000010   Code   RO         3617    i.UART_DMAAbortOnError  stm32f1xx_hal_uart.o
    0x08003fec   0x08003fec   0x00000016   Code   RO         3622    i.UART_DMARxOnlyAbortCallback  stm32f1xx_hal_uart.o
    0x08004002   0x08004002   0x0000004e   Code   RO         3627    i.UART_EndRxTransfer  stm32f1xx_hal_uart.o
    0x08004050   0x08004050   0x000000c2   Code   RO         3629    i.UART_Receive_IT   stm32f1xx_hal_uart.o
    0x08004112   0x08004112   0x00000002   PAD
    0x08004114   0x08004114   0x000000b8   Code   RO         3630    i.UART_SetConfig    stm32f1xx_hal_uart.o
    0x080041cc   0x080041cc   0x00000036   Code   RO         3632    i.UART_Start_Receive_IT  stm32f1xx_hal_uart.o
    0x08004202   0x08004202   0x00000072   Code   RO         3633    i.UART_WaitOnFlagUntilTimeout  stm32f1xx_hal_uart.o
    0x08004274   0x08004274   0x0000000c   Code   RO          829    i.USART3_IRQHandler  stm32f1xx_it.o
    0x08004280   0x08004280   0x00000002   Code   RO          830    i.UsageFault_Handler  stm32f1xx_it.o
    0x08004282   0x08004282   0x00000028   Code   RO         4253    i.__ARM_fpclassify  m_ws.l(fpclassify.o)
    0x080042aa   0x080042aa   0x00000020   Code   RO         3087    i.__NVIC_SetPriority  stm32f1xx_hal_cortex.o
    0x080042ca   0x080042ca   0x000000aa   Code   RO         4255    i.__kernel_poly     m_ws.l(poly.o)
    0x08004374   0x08004374   0x00000006   Code   RO         4240    i.__mathlib_dbl_infnan  m_ws.l(dunder.o)
    0x0800437a   0x0800437a   0x00000004   Code   RO         4241    i.__mathlib_dbl_infnan2  m_ws.l(dunder.o)
    0x0800437e   0x0800437e   0x0000000c   Code   RO         4242    i.__mathlib_dbl_invalid  m_ws.l(dunder.o)
    0x0800438a   0x0800438a   0x00000002   PAD
    0x0800438c   0x0800438c   0x00000010   Code   RO         4245    i.__mathlib_dbl_underflow  m_ws.l(dunder.o)
    0x0800439c   0x0800439c   0x0000000e   Code   RO         4097    i._is_digit         c_w.l(__printf_wp.o)
    0x080043aa   0x080043aa   0x00000002   Code   RO          760    i._sys_exit         usart.o
    0x080043ac   0x080043ac   0x00000080   Code   RO         1070    i.accel_self_test   inv_mpu.o
    0x0800442c   0x0800442c   0x00000270   Code   RO         4179    i.asin              m_ws.l(asin.o)
    0x0800469c   0x0800469c   0x00000220   Code   RO         4230    i.atan              m_ws.l(atan.o)
    0x080048bc   0x080048bc   0x0000019c   Code   RO         4189    i.atan2             m_ws.l(atan2.o)
    0x08004a58   0x08004a58   0x0000003a   Code   RO         1397    i.dmp_enable_6x_lp_quat  inv_mpu_dmp_motion_driver.o
    0x08004a92   0x08004a92   0x00000002   PAD
    0x08004a94   0x08004a94   0x000001d8   Code   RO         1398    i.dmp_enable_feature  inv_mpu_dmp_motion_driver.o
    0x08004c6c   0x08004c6c   0x0000003c   Code   RO         1399    i.dmp_enable_gyro_cal  inv_mpu_dmp_motion_driver.o
    0x08004ca8   0x08004ca8   0x0000003a   Code   RO         1400    i.dmp_enable_lp_quat  inv_mpu_dmp_motion_driver.o
    0x08004ce2   0x08004ce2   0x00000002   PAD
    0x08004ce4   0x08004ce4   0x00000014   Code   RO         1405    i.dmp_load_motion_driver_firmware  inv_mpu_dmp_motion_driver.o
    0x08004cf8   0x08004cf8   0x00000160   Code   RO         1406    i.dmp_read_fifo     inv_mpu_dmp_motion_driver.o
    0x08004e58   0x08004e58   0x000000d8   Code   RO         1409    i.dmp_set_accel_bias  inv_mpu_dmp_motion_driver.o
    0x08004f30   0x08004f30   0x00000064   Code   RO         1410    i.dmp_set_fifo_rate  inv_mpu_dmp_motion_driver.o
    0x08004f94   0x08004f94   0x000000cc   Code   RO         1411    i.dmp_set_gyro_bias  inv_mpu_dmp_motion_driver.o
    0x08005060   0x08005060   0x0000010c   Code   RO         1413    i.dmp_set_orientation  inv_mpu_dmp_motion_driver.o
    0x0800516c   0x0800516c   0x00000030   Code   RO         1416    i.dmp_set_shake_reject_thresh  inv_mpu_dmp_motion_driver.o
    0x0800519c   0x0800519c   0x00000020   Code   RO         1417    i.dmp_set_shake_reject_time  inv_mpu_dmp_motion_driver.o
    0x080051bc   0x080051bc   0x00000020   Code   RO         1418    i.dmp_set_shake_reject_timeout  inv_mpu_dmp_motion_driver.o
    0x080051dc   0x080051dc   0x00000040   Code   RO         1419    i.dmp_set_tap_axes  inv_mpu_dmp_motion_driver.o
    0x0800521c   0x0800521c   0x00000022   Code   RO         1420    i.dmp_set_tap_count  inv_mpu_dmp_motion_driver.o
    0x0800523e   0x0800523e   0x00000002   PAD
    0x08005240   0x08005240   0x00000128   Code   RO         1421    i.dmp_set_tap_thresh  inv_mpu_dmp_motion_driver.o
    0x08005368   0x08005368   0x00000020   Code   RO         1422    i.dmp_set_tap_time  inv_mpu_dmp_motion_driver.o
    0x08005388   0x08005388   0x00000020   Code   RO         1423    i.dmp_set_tap_time_multi  inv_mpu_dmp_motion_driver.o
    0x080053a8   0x080053a8   0x00000020   Code   RO          761    i.fputc             usart.o
    0x080053c8   0x080053c8   0x000000ac   Code   RO         1073    i.get_accel_prod_shift  inv_mpu.o
    0x08005474   0x08005474   0x00000314   Code   RO         1075    i.get_st_biases     inv_mpu.o
    0x08005788   0x08005788   0x000000d4   Code   RO         1076    i.gyro_self_test    inv_mpu.o
    0x0800585c   0x0800585c   0x00000038   Code   RO          932    i.i2cInit           stm32_i2c.o
    0x08005894   0x08005894   0x0000010c   Code   RO          933    i.i2cRead           stm32_i2c.o
    0x080059a0   0x080059a0   0x00000054   Code   RO          935    i.i2cWriteBuffer    stm32_i2c.o
    0x080059f4   0x080059f4   0x00000012   Code   RO          936    i.i2cread           stm32_i2c.o
    0x08005a06   0x08005a06   0x00000012   Code   RO          937    i.i2cwrite          stm32_i2c.o
    0x08005a18   0x08005a18   0x00000048   Code   RO         1014    i.inv_row_2_scale   mpu6050.o
    0x08005a60   0x08005a60   0x0000015c   Code   RO          605    i.main              main.o
    0x08005bbc   0x08005bbc   0x00000054   Code   RO         1077    i.mpu_configure_fifo  inv_mpu.o
    0x08005c10   0x08005c10   0x0000003c   Code   RO         1078    i.mpu_get_accel_fsr  inv_mpu.o
    0x08005c4c   0x08005c4c   0x00000044   Code   RO         1080    i.mpu_get_accel_sens  inv_mpu.o
    0x08005c90   0x08005c90   0x00000034   Code   RO         1086    i.mpu_get_gyro_fsr  inv_mpu.o
    0x08005cc4   0x08005cc4   0x00000040   Code   RO         1088    i.mpu_get_gyro_sens  inv_mpu.o
    0x08005d04   0x08005d04   0x00000038   Code   RO         1090    i.mpu_get_lpf       inv_mpu.o
    0x08005d3c   0x08005d3c   0x0000001c   Code   RO         1092    i.mpu_get_sample_rate  inv_mpu.o
    0x08005d58   0x08005d58   0x000001f0   Code   RO         1095    i.mpu_init          inv_mpu.o
    0x08005f48   0x08005f48   0x000000a0   Code   RO         1096    i.mpu_load_firmware  inv_mpu.o
    0x08005fe8   0x08005fe8   0x000000b8   Code   RO         1097    i.mpu_lp_accel_mode  inv_mpu.o
    0x080060a0   0x080060a0   0x00000090   Code   RO         1100    i.mpu_read_fifo_stream  inv_mpu.o
    0x08006130   0x08006130   0x00000054   Code   RO         1101    i.mpu_read_mem      inv_mpu.o
    0x08006184   0x08006184   0x00000160   Code   RO         1104    i.mpu_reset_fifo    inv_mpu.o
    0x080062e4   0x080062e4   0x000000f0   Code   RO         1105    i.mpu_run_self_test  inv_mpu.o
    0x080063d4   0x080063d4   0x00000068   Code   RO         1107    i.mpu_set_accel_fsr  inv_mpu.o
    0x0800643c   0x0800643c   0x000000dc   Code   RO         1108    i.mpu_set_bypass    inv_mpu.o
    0x08006518   0x08006518   0x00000078   Code   RO         1110    i.mpu_set_dmp_state  inv_mpu.o
    0x08006590   0x08006590   0x0000006c   Code   RO         1111    i.mpu_set_gyro_fsr  inv_mpu.o
    0x080065fc   0x080065fc   0x00000064   Code   RO         1112    i.mpu_set_int_latched  inv_mpu.o
    0x08006660   0x08006660   0x0000006c   Code   RO         1114    i.mpu_set_lpf       inv_mpu.o
    0x080066cc   0x080066cc   0x00000080   Code   RO         1115    i.mpu_set_sample_rate  inv_mpu.o
    0x0800674c   0x0800674c   0x000000b8   Code   RO         1116    i.mpu_set_sensors   inv_mpu.o
    0x08006804   0x08006804   0x00000054   Code   RO         1117    i.mpu_write_mem     inv_mpu.o
    0x08006858   0x08006858   0x00000010   Code   RO         3986    i.oled_pow          oled.o
    0x08006868   0x08006868   0x000000d0   Code   RO         1015    i.run_self_test     mpu6050.o
    0x08006938   0x08006938   0x00000058   Code   RO         1118    i.set_int_enable    inv_mpu.o
    0x08006990   0x08006990   0x0000004c   Code   RO         4259    i.sqrt              m_ws.l(sqrt.o)
    0x080069dc   0x080069dc   0x0000002c   Code   RO         4331    locale$$code        c_w.l(lc_numeric_c.o)
    0x08006a08   0x08006a08   0x00000062   Code   RO         4122    x$fpl$d2f           fz_ws.l(d2f.o)
    0x08006a6a   0x08006a6a   0x00000002   PAD
    0x08006a6c   0x08006a6c   0x00000150   Code   RO         4124    x$fpl$dadd          fz_ws.l(daddsub_clz.o)
    0x08006bbc   0x08006bbc   0x00000010   Code   RO         4333    x$fpl$dcheck1       fz_ws.l(dcheck1.o)
    0x08006bcc   0x08006bcc   0x00000018   Code   RO         4335    x$fpl$dcmpinf       fz_ws.l(dcmpi.o)
    0x08006be4   0x08006be4   0x000002b0   Code   RO         4131    x$fpl$ddiv          fz_ws.l(ddiv.o)
    0x08006e94   0x08006e94   0x00000078   Code   RO         4212    x$fpl$deqf          fz_ws.l(deqf.o)
    0x08006f0c   0x08006f0c   0x00000154   Code   RO         4140    x$fpl$dmul          fz_ws.l(dmul.o)
    0x08007060   0x08007060   0x0000009c   Code   RO         4214    x$fpl$dnaninf       fz_ws.l(dnaninf.o)
    0x080070fc   0x080070fc   0x0000000c   Code   RO         4216    x$fpl$dretinf       fz_ws.l(dretinf.o)
    0x08007108   0x08007108   0x00000016   Code   RO         4125    x$fpl$drsb          fz_ws.l(daddsub_clz.o)
    0x0800711e   0x0800711e   0x00000002   PAD
    0x08007120   0x08007120   0x000001cc   Code   RO         4339    x$fpl$dsqrt         fz_ws.l(dsqrt_noumaal.o)
    0x080072ec   0x080072ec   0x000001d4   Code   RO         4126    x$fpl$dsub          fz_ws.l(daddsub_clz.o)
    0x080074c0   0x080074c0   0x00000056   Code   RO         4142    x$fpl$f2d           fz_ws.l(f2d.o)
    0x08007516   0x08007516   0x00000002   PAD
    0x08007518   0x08007518   0x000000c4   Code   RO         4144    x$fpl$fadd          fz_ws.l(faddsub_clz.o)
    0x080075dc   0x080075dc   0x0000000c   Code   RO         4218    x$fpl$fcheck1       fz_ws.l(fcheck1.o)
    0x080075e8   0x080075e8   0x00000018   Code   RO         4220    x$fpl$fcmpinf       fz_ws.l(fcmpi.o)
    0x08007600   0x08007600   0x00000184   Code   RO         4151    x$fpl$fdiv          fz_ws.l(fdiv.o)
    0x08007784   0x08007784   0x00000036   Code   RO         4154    x$fpl$ffix          fz_ws.l(ffix.o)
    0x080077ba   0x080077ba   0x00000002   PAD
    0x080077bc   0x080077bc   0x0000003e   Code   RO         4158    x$fpl$ffixu         fz_ws.l(ffixu.o)
    0x080077fa   0x080077fa   0x00000002   PAD
    0x080077fc   0x080077fc   0x00000030   Code   RO         4163    x$fpl$fflt          fz_ws.l(fflt_clz.o)
    0x0800782c   0x0800782c   0x00000026   Code   RO         4162    x$fpl$ffltu         fz_ws.l(fflt_clz.o)
    0x08007852   0x08007852   0x00000002   PAD
    0x08007854   0x08007854   0x00000068   Code   RO         4168    x$fpl$fleqf         fz_ws.l(fleqf.o)
    0x080078bc   0x080078bc   0x00000102   Code   RO         4170    x$fpl$fmul          fz_ws.l(fmul.o)
    0x080079be   0x080079be   0x0000008c   Code   RO         4222    x$fpl$fnaninf       fz_ws.l(fnaninf.o)
    0x08007a4a   0x08007a4a   0x0000000a   Code   RO         4224    x$fpl$fretinf       fz_ws.l(fretinf.o)
    0x08007a54   0x08007a54   0x00000062   Code   RO         4172    x$fpl$frleqf        fz_ws.l(frleqf.o)
    0x08007ab6   0x08007ab6   0x00000002   PAD
    0x08007ab8   0x08007ab8   0x000000ea   Code   RO         4146    x$fpl$fsub          fz_ws.l(faddsub_clz.o)
    0x08007ba2   0x08007ba2   0x00000004   Code   RO         4174    x$fpl$printf1       fz_ws.l(printf1.o)
    0x08007ba6   0x08007ba6   0x00000064   Code   RO         4343    x$fpl$retnan        fz_ws.l(retnan.o)
    0x08007c0a   0x08007c0a   0x0000005c   Code   RO         4226    x$fpl$scalbn        fz_ws.l(scalbn.o)
    0x08007c66   0x08007c66   0x0000004c   Code   RO         4176    x$fpl$scalbnf       fz_ws.l(scalbnf.o)
    0x08007cb2   0x08007cb2   0x00000030   Code   RO         4409    x$fpl$trapveneer    fz_ws.l(trapv.o)
    0x08007ce2   0x08007ce2   0x00000000   Code   RO         4228    x$fpl$usenofp       fz_ws.l(usenofp.o)
    0x08007ce2   0x08007ce2   0x0000000c   Data   RO         1119    .constdata          inv_mpu.o
    0x08007cee   0x08007cee   0x0000001b   Data   RO         1120    .constdata          inv_mpu.o
    0x08007d09   0x08007d09   0x00000003   PAD
    0x08007d0c   0x08007d0c   0x00000028   Data   RO         1121    .constdata          inv_mpu.o
    0x08007d34   0x08007d34   0x00000bf6   Data   RO         1425    .constdata          inv_mpu_dmp_motion_driver.o
    0x0800892a   0x0800892a   0x00000012   Data   RO         2785    .constdata          stm32f1xx_hal_rcc.o
    0x0800893c   0x0800893c   0x00000010   Data   RO         3939    .constdata          system_stm32f1xx.o
    0x0800894c   0x0800894c   0x00000008   Data   RO         3940    .constdata          system_stm32f1xx.o
    0x08008954   0x08008954   0x00000a64   Data   RO         3988    .constdata          oled.o
    0x080093b8   0x080093b8   0x00000050   Data   RO         4180    .constdata          m_ws.l(asin.o)
    0x08009408   0x08009408   0x00000098   Data   RO         4231    .constdata          m_ws.l(atan.o)
    0x080094a0   0x080094a0   0x00000008   Data   RO         4257    .constdata          m_ws.l(qnan.o)
    0x080094a8   0x080094a8   0x00000094   Data   RO         4302    .constdata          c_w.l(bigflt0.o)
    0x0800953c   0x0800953c   0x0000004d   Data   RO         1122    .conststring        inv_mpu.o
    0x08009589   0x08009589   0x00000003   PAD
    0x0800958c   0x0800958c   0x00000020   Data   RO         4492    Region$$Table       anon$$obj.o
    0x080095ac   0x080095ac   0x0000001c   Data   RO         4330    locale$$data        c_w.l(lc_numeric_c.o)


    Execution Region RW_IRAM1 (Exec base: 0x20000000, Load base: 0x080095c8, Size: 0x00000ce0, Max: 0x0000c000, ABSOLUTE)

    Exec Addr    Load Addr    Size         Type   Attr      Idx    E Section Name        Object

    0x20000000   0x080095c8   0x00000004   Data   RW          185    .data               angle_pid.o
    0x20000004   0x080095cc   0x00000008   Data   RW          254    .data               mpu_app.o
    0x2000000c   0x080095d4   0x00000010   Data   RW          515    .data               bluetooth.o
    0x2000001c   0x080095e4   0x00000004   Data   RW          763    .data               usart.o
    0x20000020   0x080095e8   0x00000031   Data   RW         1016    .data               mpu6050.o
    0x20000051   0x08009619   0x00000003   PAD
    0x20000054   0x0800961c   0x0000002c   Data   RW         1123    .data               inv_mpu.o
    0x20000080   0x08009648   0x0000000c   Data   RW         2622    .data               stm32f1xx_hal.o
    0x2000008c   0x08009654   0x00000004   Data   RW         3941    .data               system_stm32f1xx.o
    0x20000090        -       0x0000001c   Zero   RW          184    .bss                angle_pid.o
    0x200000ac        -       0x0000001c   Zero   RW          253    .bss                mpu_app.o
    0x200000c8        -       0x00000040   Zero   RW          514    .bss                bluetooth.o
    0x20000108        -       0x000000d8   Zero   RW          692    .bss                tim.o
    0x200001e0        -       0x00000090   Zero   RW          762    .bss                usart.o
    0x20000270        -       0x00000010   Zero   RW         1424    .bss                inv_mpu_dmp_motion_driver.o
    0x20000280        -       0x00000400   Zero   RW         3987    .bss                oled.o
    0x20000680        -       0x00000060   Zero   RW         4346    .bss                c_w.l(libspace.o)
    0x200006e0        -       0x00000200   Zero   RW            2    HEAP                startup_stm32f103xe.o
    0x200008e0        -       0x00000400   Zero   RW            1    STACK               startup_stm32f103xe.o


==============================================================================

Image component sizes


      Code (inc. data)   RO Data    RW Data    ZI Data      Debug   Object Name

       388         60          0          4         28       4612   angle_pid.o
       658        254          0         16         64      10730   bluetooth.o
       168         12          0          0          0        907   gpio.o
      4616        350        156         44          0      25149   inv_mpu.o
      2378        120       3062          0         16      18830   inv_mpu_dmp_motion_driver.o
       470         66          0          0          0       3567   main.o
       262         18          0          0          0     489174   motor.o
      1700        802          0         49          0       4153   mpu6050.o
       396        130          0          8         28       2833   mpu_app.o
       874         42       2660          0       1024       7568   oled.o
        64         26        304          0       1536        784   startup_stm32f103xe.o
       814         32          0          0          0       6606   stm32_i2c.o
       164         28          0         12          0       6285   stm32f1xx_hal.o
       198         14          0          0          0      28767   stm32f1xx_hal_cortex.o
       374          8          0          0          0       1751   stm32f1xx_hal_dma.o
       524         42          0          0          0       3423   stm32f1xx_hal_gpio.o
        60          8          0          0          0        818   stm32f1xx_hal_msp.o
      1240         84         18          0          0       4944   stm32f1xx_hal_rcc.o
      1208         78          0          0          0       8673   stm32f1xx_hal_tim.o
       124         20          0          0          0       1300   stm32f1xx_hal_tim_ex.o
      1728         14          0          0          0      11890   stm32f1xx_hal_uart.o
        32          6          0          0          0       4022   stm32f1xx_it.o
         2          0         24          4          0       1035   system_stm32f1xx.o
       668         78          0          0        216       4059   tim.o
       354         44          0          4        144       4439   usart.o

    ----------------------------------------------------------------------
     19496       2336       6262        144       3056     656319   Object Totals
         0          0         32          0          0          0   (incl. Generated)
        32          0          6          3          0          0   (incl. Padding)

    ----------------------------------------------------------------------

      Code (inc. data)   RO Data    RW Data    ZI Data      Debug   Library Member Name

         8          0          0          0          0         68   __main.o
       352          0          0          0          0         88   __printf_ss_wp.o
        14          0          0          0          0         68   __printf_wp.o
         0          0          0          0          0          0   __rtentry.o
        12          0          0          0          0          0   __rtentry2.o
         6          0          0          0          0          0   __rtentry4.o
        52          8          0          0          0          0   __scatter.o
        26          0          0          0          0          0   __scatter_copy.o
        28          0          0          0          0          0   __scatter_zi.o
        48          6          0          0          0         96   _printf_char_common.o
        36          4          0          0          0         80   _printf_char_file.o
         6          0          0          0          0          0   _printf_d.o
       120         16          0          0          0         92   _printf_dec.o
         6          0          0          0          0          0   _printf_f.o
      1054          0          0          0          0        216   _printf_fp_dec.o
       128         16          0          0          0         84   _printf_fp_infnan.o
       178          0          0          0          0         88   _printf_intcommon.o
         0          0          0          0          0          0   _printf_percent.o
         4          0          0          0          0          0   _printf_percent_end.o
        22          0          0          0          0        100   _rserrno.o
        16          0          0          0          0         68   aeabi_memset.o
       228          4        148          0          0         96   bigflt0.o
      1936        128          0          0          0        672   btod.o
        18          0          0          0          0         80   exit.o
         8          0          0          0          0         68   ferror.o
         6          0          0          0          0        152   heapauxi.o
        44         10         28          0          0         76   lc_numeric_c.o
         2          0          0          0          0          0   libinit.o
        18          0          0          0          0          0   libinit2.o
         2          0          0          0          0          0   libshutdown.o
         2          0          0          0          0          0   libshutdown2.o
         8          4          0          0         96         68   libspace.o
        72          0          0          0          0         76   llsdiv.o
       138          0          0          0          0         80   lludiv10.o
       238          0          0          0          0        100   lludivv7m.o
        88          0          0          0          0         76   memcmp.o
        24          4          0          0          0         84   noretval__2printf.o
         8          4          0          0          0         68   rt_errno_addr_intlibspace.o
         8          4          0          0          0         68   rt_locale_intlibspace.o
        68          0          0          0          0         68   rt_memclr.o
        78          0          0          0          0         80   rt_memclr_w.o
       100          0          0          0          0         80   rt_memcpy_w.o
         2          0          0          0          0          0   rtexit.o
        10          0          0          0          0          0   rtexit2.o
       128          0          0          0          0         68   strcmpv7m.o
        74          0          0          0          0         80   sys_stackheap_outer.o
         2          0          0          0          0         68   use_no_semi.o
         2          0          0          0          0         68   use_no_semi_2.o
        98          4          0          0          0         92   d2f.o
       826         16          0          0          0        348   daddsub_clz.o
        16          4          0          0          0         68   dcheck1.o
        24          0          0          0          0         68   dcmpi.o
       688        140          0          0          0        208   ddiv.o
       120          4          0          0          0         92   deqf.o
       340         12          0          0          0        104   dmul.o
       156          4          0          0          0         92   dnaninf.o
        12          0          0          0          0         68   dretinf.o
       460         56          0          0          0        120   dsqrt_noumaal.o
        86          4          0          0          0         84   f2d.o
       430          8          0          0          0        168   faddsub_clz.o
        12          4          0          0          0         68   fcheck1.o
        24          0          0          0          0         68   fcmpi.o
       388         76          0          0          0         96   fdiv.o
        54          4          0          0          0         84   ffix.o
        62          4          0          0          0         84   ffixu.o
        86          0          0          0          0        136   fflt_clz.o
       104          4          0          0          0         84   fleqf.o
       258          4          0          0          0         84   fmul.o
       140          4          0          0          0         84   fnaninf.o
        10          0          0          0          0         68   fretinf.o
        98          0          0          0          0         68   frleqf.o
         4          0          0          0          0         68   printf1.o
       100          0          0          0          0         68   retnan.o
        92          0          0          0          0         68   scalbn.o
        76          0          0          0          0         68   scalbnf.o
        48          0          0          0          0         68   trapv.o
         0          0          0          0          0          0   usenofp.o
       624         52         80          0          0        168   asin.o
       544         70        152          0          0        124   atan.o
       412         38          0          0          0        144   atan2.o
        38          6          0          0          0        272   dunder.o
        40          0          0          0          0         68   fpclassify.o
       170          0          0          0          0         96   poly.o
         0          0          8          0          0          0   qnan.o
        76          0          0          0          0         84   sqrt.o

    ----------------------------------------------------------------------
     12170        726        416          0         96       7056   Library Totals
        26          0          0          0          0          0   (incl. Padding)

    ----------------------------------------------------------------------

      Code (inc. data)   RO Data    RW Data    ZI Data      Debug   Library Name

      5428        208        176          0         96       3324   c_w.l
      4812        352          0          0          0       2776   fz_ws.l
      1904        166        240          0          0        956   m_ws.l

    ----------------------------------------------------------------------
     12170        726        416          0         96       7056   Library Totals

    ----------------------------------------------------------------------

==============================================================================


      Code (inc. data)   RO Data    RW Data    ZI Data      Debug   

     31666       3062       6678        144       3152     650839   Grand Totals
     31666       3062       6678        144       3152     650839   ELF Image Totals
     31666       3062       6678        144          0          0   ROM Totals

==============================================================================

    Total RO  Size (Code + RO Data)                38344 (  37.45kB)
    Total RW  Size (RW Data + ZI Data)              3296 (   3.22kB)
    Total ROM Size (Code + RO Data + RW Data)      38488 (  37.59kB)

==============================================================================

